Component: ARM Compiler 5.06 update 6 (build 750) Tool: armlink [4d35ed]

==============================================================================

Section Cross References

    startup_stm32f407xx.o(RESET) refers to startup_stm32f407xx.o(STACK) for __initial_sp
    startup_stm32f407xx.o(RESET) refers to startup_stm32f407xx.o(.text) for Reset_Handler
    startup_stm32f407xx.o(RESET) refers to stm32f4xx_it.o(i.NMI_Handler) for NMI_Handler
    startup_stm32f407xx.o(RESET) refers to stm32f4xx_it.o(i.HardFault_Handler) for HardFault_Handler
    startup_stm32f407xx.o(RESET) refers to stm32f4xx_it.o(i.MemManage_Handler) for MemManage_Handler
    startup_stm32f407xx.o(RESET) refers to stm32f4xx_it.o(i.BusFault_Handler) for BusFault_Handler
    startup_stm32f407xx.o(RESET) refers to stm32f4xx_it.o(i.UsageFault_Handler) for UsageFault_Handler
    startup_stm32f407xx.o(RESET) refers to stm32f4xx_it.o(i.SVC_Handler) for SVC_Handler
    startup_stm32f407xx.o(RESET) refers to stm32f4xx_it.o(i.DebugMon_Handler) for DebugMon_Handler
    startup_stm32f407xx.o(RESET) refers to stm32f4xx_it.o(i.PendSV_Handler) for PendSV_Handler
    startup_stm32f407xx.o(RESET) refers to stm32f4xx_it.o(i.SysTick_Handler) for SysTick_Handler
    startup_stm32f407xx.o(.text) refers to system_stm32f4xx.o(i.SystemInit) for SystemInit
    startup_stm32f407xx.o(.text) refers to entry.o(.ARM.Collect$$$$00000000) for __main
    ff_gen_drv.o(i.FATFS_GetAttachedDriversNbr) refers to ff_gen_drv.o(.bss) for .bss
    ff_gen_drv.o(i.FATFS_LinkDriver) refers to ff_gen_drv.o(i.FATFS_LinkDriverEx) for FATFS_LinkDriverEx
    ff_gen_drv.o(i.FATFS_LinkDriverEx) refers to ff_gen_drv.o(.bss) for .bss
    ff_gen_drv.o(i.FATFS_UnLinkDriver) refers to ff_gen_drv.o(i.FATFS_UnLinkDriverEx) for FATFS_UnLinkDriverEx
    ff_gen_drv.o(i.FATFS_UnLinkDriverEx) refers to ff_gen_drv.o(.bss) for .bss
    syscall.o(i.ff_memalloc) refers to malloc.o(i.malloc) for malloc
    syscall.o(i.ff_memfree) refers to malloc.o(i.free) for free
    diskio.o(i.disk_initialize) refers to ff_gen_drv.o(.bss) for disk
    diskio.o(i.disk_ioctl) refers to ff_gen_drv.o(.bss) for disk
    diskio.o(i.disk_read) refers to ff_gen_drv.o(.bss) for disk
    diskio.o(i.disk_status) refers to ff_gen_drv.o(.bss) for disk
    diskio.o(i.disk_write) refers to ff_gen_drv.o(.bss) for disk
    ccsbcs.o(i.ff_convert) refers to ccsbcs.o(.constdata) for .constdata
    ccsbcs.o(i.ff_wtoupper) refers to ccsbcs.o(.constdata) for .constdata
    ff.o(i.check_fs) refers to ff.o(i.move_window) for move_window
    ff.o(i.check_fs) refers to ff.o(i.ld_word) for ld_word
    ff.o(i.check_fs) refers to ff.o(i.ld_dword) for ld_dword
    ff.o(i.chk_lock) refers to ff.o(.bss) for .bss
    ff.o(i.clear_lock) refers to ff.o(.bss) for .bss
    ff.o(i.cmp_lfn) refers to ff.o(i.ld_word) for ld_word
    ff.o(i.cmp_lfn) refers to ccsbcs.o(i.ff_wtoupper) for ff_wtoupper
    ff.o(i.cmp_lfn) refers to ff.o(.constdata) for .constdata
    ff.o(i.create_chain) refers to ff.o(i.get_fat) for get_fat
    ff.o(i.create_chain) refers to ff.o(i.put_fat) for put_fat
    ff.o(i.create_name) refers to ff.o(i.chk_chr) for chk_chr
    ff.o(i.create_name) refers to ff.o(i.mem_set) for mem_set
    ff.o(i.create_name) refers to ccsbcs.o(i.ff_convert) for ff_convert
    ff.o(i.create_name) refers to ff.o(.constdata) for .constdata
    ff.o(i.dec_lock) refers to ff.o(.bss) for .bss
    ff.o(i.dir_find) refers to ff.o(i.dir_sdi) for dir_sdi
    ff.o(i.dir_find) refers to ff.o(i.move_window) for move_window
    ff.o(i.dir_find) refers to ff.o(i.cmp_lfn) for cmp_lfn
    ff.o(i.dir_find) refers to ff.o(i.sum_sfn) for sum_sfn
    ff.o(i.dir_find) refers to ff.o(i.dir_next) for dir_next
    ff.o(i.dir_next) refers to ff.o(i.get_fat) for get_fat
    ff.o(i.dir_next) refers to ff.o(i.create_chain) for create_chain
    ff.o(i.dir_next) refers to ff.o(i.sync_window) for sync_window
    ff.o(i.dir_next) refers to ff.o(i.mem_set) for mem_set
    ff.o(i.dir_next) refers to ff.o(i.clust2sect) for clust2sect
    ff.o(i.dir_read) refers to ff.o(i.move_window) for move_window
    ff.o(i.dir_read) refers to ff.o(i.pick_lfn) for pick_lfn
    ff.o(i.dir_read) refers to ff.o(i.dir_next) for dir_next
    ff.o(i.dir_read) refers to ff.o(i.sum_sfn) for sum_sfn
    ff.o(i.dir_register) refers to ff.o(i.mem_cpy) for mem_cpy
    ff.o(i.dir_register) refers to ff.o(i.gen_numname) for gen_numname
    ff.o(i.dir_register) refers to ff.o(i.dir_find) for dir_find
    ff.o(i.dir_register) refers to ff.o(i.dir_sdi) for dir_sdi
    ff.o(i.dir_register) refers to ff.o(i.move_window) for move_window
    ff.o(i.dir_register) refers to ff.o(i.dir_next) for dir_next
    ff.o(i.dir_register) refers to ff.o(i.sum_sfn) for sum_sfn
    ff.o(i.dir_register) refers to ff.o(i.st_word) for st_word
    ff.o(i.dir_register) refers to ff.o(i.mem_set) for mem_set
    ff.o(i.dir_register) refers to ff.o(.constdata) for .constdata
    ff.o(i.dir_remove) refers to ff.o(i.dir_sdi) for dir_sdi
[...]
    Removing stm32f4xx_hal_sd.o(i.HAL_SD_WriteBlocks), (410 bytes).
    Removing stm32f4xx_hal_sd.o(i.HAL_SD_WriteBlocks_IT), (200 bytes).
    Removing stm32f4xx_hal_sd.o(i.SD_DMARxAbort), (72 bytes).
    Removing stm32f4xx_hal_sd.o(i.SD_DMATxAbort), (72 bytes).
    Removing stm32f4xx_hal_sd.o(i.SD_SendSDStatus), (236 bytes).
    Removing system_stm32f4xx.o(.rev16_text), (4 bytes).
    Removing system_stm32f4xx.o(.revsh_text), (4 bytes).
    Removing system_stm32f4xx.o(.rrx_text), (6 bytes).
    Removing system_stm32f4xx.o(i.SystemCoreClockUpdate), (120 bytes).
    Removing stm32f4xx_it.o(.rev16_text), (4 bytes).
    Removing stm32f4xx_it.o(.revsh_text), (4 bytes).
    Removing stm32f4xx_it.o(.rrx_text), (6 bytes).
    Removing sd_diskio.o(.rev16_text), (4 bytes).
    Removing sd_diskio.o(.revsh_text), (4 bytes).
    Removing sd_diskio.o(.rrx_text), (6 bytes).
    Removing sd_diskio.o(i.BSP_SD_ReadCpltCallback), (12 bytes).
    Removing sd_diskio.o(i.BSP_SD_WriteCpltCallback), (12 bytes).
    Removing main.o(.rev16_text), (4 bytes).
    Removing main.o(.revsh_text), (4 bytes).
    Removing main.o(.rrx_text), (6 bytes).
    Removing main.o(i.SPI1_ReadWriteByte), (32 bytes).
    Removing main.o(i._Error_Handler), (2 bytes).
    Removing main.o(i.fgetc), (2 bytes).
    Removing main.o(.bss), (116 bytes).
    Removing stm32f4xx_hal_msp.o(.rev16_text), (4 bytes).
    Removing stm32f4xx_hal_msp.o(.revsh_text), (4 bytes).
    Removing stm32f4xx_hal_msp.o(.rrx_text), (6 bytes).
    Removing stm32f4xx_hal_msp.o(i.HAL_SD_MspDeInit), (60 bytes).
    Removing stm32f4xx_hal_msp.o(i.HAL_SPI_MspDeInit), (40 bytes).
    Removing stm32f4xx_hal_msp.o(i.HAL_UART_MspDeInit), (76 bytes).
    Removing fatfs.o(.rev16_text), (4 bytes).
    Removing fatfs.o(.revsh_text), (4 bytes).
    Removing fatfs.o(.rrx_text), (6 bytes).
    Removing fatfs.o(i.get_fattime), (4 bytes).
    Removing fatfs.o(.bss), (564 bytes).
    Removing fatfs.o(.bss), (560 bytes).
    Removing bsp_driver_sd.o(.rev16_text), (4 bytes).
    Removing bsp_driver_sd.o(.revsh_text), (4 bytes).
    Removing bsp_driver_sd.o(.rrx_text), (6 bytes).
    Removing bsp_driver_sd.o(i.BSP_SD_DMA_Rx_IRQHandler), (12 bytes).
    Removing bsp_driver_sd.o(i.BSP_SD_DMA_Tx_IRQHandler), (12 bytes).
    Removing bsp_driver_sd.o(i.BSP_SD_DetectCallback), (2 bytes).
    Removing bsp_driver_sd.o(i.BSP_SD_DetectIT), (2 bytes).
    Removing bsp_driver_sd.o(i.BSP_SD_Erase), (28 bytes).
    Removing bsp_driver_sd.o(i.BSP_SD_IRQHandler), (12 bytes).
    Removing bsp_driver_sd.o(i.BSP_SD_ITConfig), (4 bytes).
    Removing bsp_driver_sd.o(i.BSP_SD_IsDetected), (14 bytes).
    Removing bsp_driver_sd.o(i.BSP_SD_ReadBlocks), (32 bytes).
    Removing bsp_driver_sd.o(i.BSP_SD_WriteBlocks), (32 bytes).
    Removing fal_partition.o(i.fal_get_partition_table), (16 bytes).
    Removing fal_partition.o(i.fal_partition_erase), (292 bytes).
    Removing fal_partition.o(i.fal_partition_erase_all), (8 bytes).
    Removing fal_partition.o(i.fal_partition_find), (52 bytes).
    Removing fal_partition.o(i.fal_partition_read), (292 bytes).
    Removing fal_partition.o(i.fal_partition_write), (296 bytes).
    Removing fal_partition.o(i.fal_set_partition_table_temp), (12 bytes).
    Removing fal_partition.o(i.fal_show_part_table), (580 bytes).
    Removing fal_flash_stm32f4_port.o(.rev16_text), (4 bytes).
    Removing fal_flash_stm32f4_port.o(.revsh_text), (4 bytes).
    Removing fal_flash_stm32f4_port.o(.rrx_text), (6 bytes).
    Removing dadd.o(.text), (334 bytes).
    Removing dmul.o(.text), (228 bytes).
    Removing ddiv.o(.text), (222 bytes).
    Removing dfixul.o(.text), (48 bytes).
    Removing cdrcmple.o(.text), (48 bytes).
    Removing depilogue.o(.text), (186 bytes).

457 unused section(s) (total 43580 bytes) removed from the image.

==============================================================================

Image Symbol Table

    Local Symbols

    Symbol Name                              Value     Ov Type        Size  Object(Section)

    ..//Src/system_stm32f4xx.c               0x00000000   Number         0  system_stm32f4xx.o ABSOLUTE
    ../Drivers/STM32F4xx_HAL_Driver/Src/stm32f4xx_hal.c 0x00000000   Number         0  stm32f4xx_hal.o ABSOLUTE
    ../Drivers/STM32F4xx_HAL_Driver/Src/stm32f4xx_hal_cortex.c 0x00000000   Number         0  stm32f4xx_hal_cortex.o ABSOLUTE
    ../Drivers/STM32F4xx_HAL_Driver/Src/stm32f4xx_hal_dma.c 0x00000000   Number         0  stm32f4xx_hal_dma.o ABSOLUTE
    ../Drivers/STM32F4xx_HAL_Driver/Src/stm32f4xx_hal_dma_ex.c 0x00000000   Number         0  stm32f4xx_hal_dma_ex.o ABSOLUTE
    ../Drivers/STM32F4xx_HAL_Driver/Src/stm32f4xx_hal_flash.c 0x00000000   Number         0  stm32f4xx_hal_flash.o ABSOLUTE
    ../Drivers/STM32F4xx_HAL_Driver/Src/stm32f4xx_hal_flash_ex.c 0x00000000   Number         0  stm32f4xx_hal_flash_ex.o ABSOLUTE
    ../Drivers/STM32F4xx_HAL_Driver/Src/stm32f4xx_hal_flash_ramfunc.c 0x00000000   Number         0  stm32f4xx_hal_flash_ramfunc.o ABSOLUTE
    ../Drivers/STM32F4xx_HAL_Driver/Src/stm32f4xx_hal_gpio.c 0x00000000   Number         0  stm32f4xx_hal_gpio.o ABSOLUTE
    ../Drivers/STM32F4xx_HAL_Driver/Src/stm32f4xx_hal_pwr.c 0x00000000   Number         0  stm32f4xx_hal_pwr.o ABSOLUTE
    ../Drivers/STM32F4xx_HAL_Driver/Src/stm32f4xx_hal_pwr_ex.c 0x00000000   Number         0  stm32f4xx_hal_pwr_ex.o ABSOLUTE
    ../Drivers/STM32F4xx_HAL_Driver/Src/stm32f4xx_hal_rcc.c 0x00000000   Number         0  stm32f4xx_hal_rcc.o ABSOLUTE
    ../Drivers/STM32F4xx_HAL_Driver/Src/stm32f4xx_hal_rcc_ex.c 0x00000000   Number         0  stm32f4xx_hal_rcc_ex.o ABSOLUTE
    ../Drivers/STM32F4xx_HAL_Driver/Src/stm32f4xx_hal_sd.c 0x00000000   Number         0  stm32f4xx_hal_sd.o ABSOLUTE
    ../Drivers/STM32F4xx_HAL_Driver/Src/stm32f4xx_hal_spi.c 0x00000000   Number         0  stm32f4xx_hal_spi.o ABSOLUTE
    ../Drivers/STM32F4xx_HAL_Driver/Src/stm32f4xx_hal_tim.c 0x00000000   Number         0  stm32f4xx_hal_tim.o ABSOLUTE
    ../Drivers/STM32F4xx_HAL_Driver/Src/stm32f4xx_hal_tim_ex.c 0x00000000   Number         0  stm32f4xx_hal_tim_ex.o ABSOLUTE
    ../Drivers/STM32F4xx_HAL_Driver/Src/stm32f4xx_hal_uart.c 0x00000000   Number         0  stm32f4xx_hal_uart.o ABSOLUTE
    ../Drivers/STM32F4xx_HAL_Driver/Src/stm32f4xx_ll_sdmmc.c 0x00000000   Number         0  stm32f4xx_ll_sdmmc.o ABSOLUTE
    ../Middlewares/Third_Party/FatFs/src/diskio.c 0x00000000   Number         0  diskio.o ABSOLUTE
    ../Middlewares/Third_Party/FatFs/src/ff.c 0x00000000   Number         0  ff.o ABSOLUTE
    ../Middlewares/Third_Party/FatFs/src/ff_gen_drv.c 0x00000000   Number         0  ff_gen_drv.o ABSOLUTE
    ../Middlewares/Third_Party/FatFs/src/option/ccsbcs.c 0x00000000   Number         0  ccsbcs.o ABSOLUTE
    ../Middlewares/Third_Party/FatFs/src/option/syscall.c 0x00000000   Number         0  syscall.o ABSOLUTE
    ../Src/bsp_driver_sd.c                   0x00000000   Number         0  bsp_driver_sd.o ABSOLUTE
    ../Src/fatfs.c                           0x00000000   Number         0  fatfs.o ABSOLUTE
    ../Src/main.c                            0x00000000   Number         0  main.o ABSOLUTE
    ../Src/sd_diskio.c                       0x00000000   Number         0  sd_diskio.o ABSOLUTE
    ../Src/stm32f4xx_hal_msp.c               0x00000000   Number         0  stm32f4xx_hal_msp.o ABSOLUTE
    ../Src/stm32f4xx_it.c                    0x00000000   Number         0  stm32f4xx_it.o ABSOLUTE
    ../clib/microlib/division.c              0x00000000   Number         0  uldiv.o ABSOLUTE
    ../clib/microlib/division.c              0x00000000   Number         0  uidiv.o ABSOLUTE
    ../clib/microlib/init/entry.s            0x00000000   Number         0  entry2.o ABSOLUTE
    ../clib/microlib/init/entry.s            0x00000000   Number         0  entry9b.o ABSOLUTE
    ../clib/microlib/init/entry.s            0x00000000   Number         0  entry7b.o ABSOLUTE
    ../clib/microlib/init/entry.s            0x00000000   Number         0  entry7a.o ABSOLUTE
    ../clib/microlib/init/entry.s            0x00000000   Number         0  entry8a.o ABSOLUTE
    ../clib/microlib/init/entry.s            0x00000000   Number         0  entry8b.o ABSOLUTE
    ../clib/microlib/init/entry.s            0x00000000   Number         0  entry.o ABSOLUTE
    ../clib/microlib/init/entry.s            0x00000000   Number         0  entry5.o ABSOLUTE
    ../clib/microlib/init/entry.s            0x00000000   Number         0  entry9a.o ABSOLUTE
    ../clib/microlib/init/entry.s            0x00000000   Number         0  entry10a.o ABSOLUTE
    ../clib/microlib/init/entry.s            0x00000000   Number         0  entry10b.o ABSOLUTE
    ../clib/microlib/init/entry.s            0x00000000   Number         0  entry11a.o ABSOLUTE
    ../clib/microlib/init/entry.s            0x00000000   Number         0  entry11b.o ABSOLUTE
    ../clib/microlib/longlong.c              0x00000000   Number         0  llushr.o ABSOLUTE
    ../clib/microlib/longlong.c              0x00000000   Number         0  llsshr.o ABSOLUTE
    ../clib/microlib/longlong.c              0x00000000   Number         0  llshl.o ABSOLUTE
    ../clib/microlib/malloc/malloc.c         0x00000000   Number         0  malloc.o ABSOLUTE
    ../clib/microlib/malloc/malloc.c         0x00000000   Number         0  mallocra.o ABSOLUTE
    ../clib/microlib/malloc/malloc.c         0x00000000   Number         0  malloca.o ABSOLUTE
    ../clib/microlib/malloc/malloc.c         0x00000000   Number         0  mallocr.o ABSOLUTE
    ../clib/microlib/malloc/mvars.c          0x00000000   Number         0  mvars.o ABSOLUTE
    ../clib/microlib/printf/printf.c         0x00000000   Number         0  printf7.o ABSOLUTE
    ../clib/microlib/printf/printf.c         0x00000000   Number         0  printfb.o ABSOLUTE
    ../clib/microlib/printf/printf.c         0x00000000   Number         0  printf0.o ABSOLUTE
    ../clib/microlib/printf/printf.c         0x00000000   Number         0  printfa.o ABSOLUTE
    ../clib/microlib/printf/printf.c         0x00000000   Number         0  printf1.o ABSOLUTE
    ../clib/microlib/printf/printf.c         0x00000000   Number         0  printf6.o ABSOLUTE
    ../clib/microlib/printf/printf.c         0x00000000   Number         0  printf5.o ABSOLUTE
    ../clib/microlib/printf/printf.c         0x00000000   Number         0  printf2.o ABSOLUTE
    ../clib/microlib/printf/printf.c         0x00000000   Number         0  printf3.o ABSOLUTE
    ../clib/microlib/printf/printf.c         0x00000000   Number         0  printf8.o ABSOLUTE
    ../clib/microlib/printf/printf.c         0x00000000   Number         0  printf4.o ABSOLUTE
    ../clib/microlib/printf/stubs.s          0x00000000   Number         0  stubs.o ABSOLUTE
    ../clib/microlib/stdio/streams.c         0x00000000   Number         0  stdout.o ABSOLUTE
    ../clib/microlib/string/memcpy.c         0x00000000   Number         0  memcpya.o ABSOLUTE
    ../clib/microlib/string/memcpy.c         0x00000000   Number         0  memcpyb.o ABSOLUTE
    ../clib/microlib/string/strcmp.c         0x00000000   Number         0  strcmp.o ABSOLUTE
    ../clib/microlib/string/strlen.c         0x00000000   Number         0  strlen.o ABSOLUTE
    ../clib/microlib/string/strncmp.c        0x00000000   Number         0  strncmp.o ABSOLUTE
    ../clib/microlib/stubs.s                 0x00000000   Number         0  iusefp.o ABSOLUTE
    ../fplib/microlib/fpadd.c                0x00000000   Number         0  dadd.o ABSOLUTE
    ../fplib/microlib/fpdiv.c                0x00000000   Number         0  ddiv.o ABSOLUTE
    ../fplib/microlib/fpepilogue.c           0x00000000   Number         0  depilogue.o ABSOLUTE
    ../fplib/microlib/fpfix.c                0x00000000   Number         0  dfixul.o ABSOLUTE
    ../fplib/microlib/fpmul.c                0x00000000   Number         0  dmul.o ABSOLUTE
    ..\Drivers\STM32F4xx_HAL_Driver\Src\stm32f4xx_hal.c 0x00000000   Number         0  stm32f4xx_hal.o ABSOLUTE
    ..\Drivers\STM32F4xx_HAL_Driver\Src\stm32f4xx_hal_cortex.c 0x00000000   Number         0  stm32f4xx_hal_cortex.o ABSOLUTE
    ..\Drivers\STM32F4xx_HAL_Driver\Src\stm32f4xx_hal_dma.c 0x00000000   Number         0  stm32f4xx_hal_dma.o ABSOLUTE
    ..\Drivers\STM32F4xx_HAL_Driver\Src\stm32f4xx_hal_dma_ex.c 0x00000000   Number         0  stm32f4xx_hal_dma_ex.o ABSOLUTE
    ..\Drivers\STM32F4xx_HAL_Driver\Src\stm32f4xx_hal_flash.c 0x00000000   Number         0  stm32f4xx_hal_flash.o ABSOLUTE
    ..\Drivers\STM32F4xx_HAL_Driver\Src\stm32f4xx_hal_flash_ex.c 0x00000000   Number         0  stm32f4xx_hal_flash_ex.o ABSOLUTE
    ..\Drivers\STM32F4xx_HAL_Driver\Src\stm32f4xx_hal_flash_ramfunc.c 0x00000000   Number         0  stm32f4xx_hal_flash_ramfunc.o ABSOLUTE
    ..\Drivers\STM32F4xx_HAL_Driver\Src\stm32f4xx_hal_gpio.c 0x00000000   Number         0  stm32f4xx_hal_gpio.o ABSOLUTE
    ..\Drivers\STM32F4xx_HAL_Driver\Src\stm32f4xx_hal_pwr.c 0x00000000   Number         0  stm32f4xx_hal_pwr.o ABSOLUTE
    ..\Drivers\STM32F4xx_HAL_Driver\Src\stm32f4xx_hal_pwr_ex.c 0x00000000   Number         0  stm32f4xx_hal_pwr_ex.o ABSOLUTE
    ..\Drivers\STM32F4xx_HAL_Driver\Src\stm32f4xx_hal_rcc.c 0x00000000   Number         0  stm32f4xx_hal_rcc.o ABSOLUTE
    ..\Drivers\STM32F4xx_HAL_Driver\Src\stm32f4xx_hal_rcc_ex.c 0x00000000   Number         0  stm32f4xx_hal_rcc_ex.o ABSOLUTE
    ..\Drivers\STM32F4xx_HAL_Driver\Src\stm32f4xx_hal_sd.c 0x00000000   Number         0  stm32f4xx_hal_sd.o ABSOLUTE
    ..\Drivers\STM32F4xx_HAL_Driver\Src\stm32f4xx_hal_spi.c 0x00000000   Number         0  stm32f4xx_hal_spi.o ABSOLUTE
    ..\Drivers\STM32F4xx_HAL_Driver\Src\stm32f4xx_hal_tim.c 0x00000000   Number         0  stm32f4xx_hal_tim.o ABSOLUTE
    ..\Drivers\STM32F4xx_HAL_Driver\Src\stm32f4xx_hal_tim_ex.c 0x00000000   Number         0  stm32f4xx_hal_tim_ex.o ABSOLUTE
    ..\Drivers\STM32F4xx_HAL_Driver\Src\stm32f4xx_hal_uart.c 0x00000000   Number         0  stm32f4xx_hal_uart.o ABSOLUTE
    ..\Drivers\STM32F4xx_HAL_Driver\Src\stm32f4xx_ll_sdmmc.c 0x00000000   Number         0  stm32f4xx_ll_sdmmc.o ABSOLUTE
    ..\Middlewares\Third_Party\FatFs\src\diskio.c 0x00000000   Number         0  diskio.o ABSOLUTE
    ..\Middlewares\Third_Party\FatFs\src\ff.c 0x00000000   Number         0  ff.o ABSOLUTE
    ..\Middlewares\Third_Party\FatFs\src\ff_gen_drv.c 0x00000000   Number         0  ff_gen_drv.o ABSOLUTE
    ..\Middlewares\Third_Party\FatFs\src\option\ccsbcs.c 0x00000000   Number         0  ccsbcs.o ABSOLUTE
    ..\Middlewares\Third_Party\FatFs\src\option\syscall.c 0x00000000   Number         0  syscall.o ABSOLUTE
    ..\Src\bsp_driver_sd.c                   0x00000000   Number         0  bsp_driver_sd.o ABSOLUTE
    ..\Src\fatfs.c                           0x00000000   Number         0  fatfs.o ABSOLUTE
    ..\Src\main.c                            0x00000000   Number         0  main.o ABSOLUTE
    ..\Src\sd_diskio.c                       0x00000000   Number         0  sd_diskio.o ABSOLUTE
    ..\Src\stm32f4xx_hal_msp.c               0x00000000   Number         0  stm32f4xx_hal_msp.o ABSOLUTE
    ..\Src\stm32f4xx_it.c                    0x00000000   Number         0  stm32f4xx_it.o ABSOLUTE
    ..\\Src\system_stm32f4xx.c               0x00000000   Number         0  system_stm32f4xx.o ABSOLUTE
    ..\\fal\\samples\\porting\\fal_flash_stm32f4_port.c 0x00000000   Number         0  fal_flash_stm32f4_port.o ABSOLUTE
    ..\fal\samples\porting\fal_flash_stm32f4_port.c 0x00000000   Number         0  fal_flash_stm32f4_port.o ABSOLUTE
    ..\fal\src\fal.c                         0x00000000   Number         0  fal.o ABSOLUTE
    ..\fal\src\fal_flash.c                   0x00000000   Number         0  fal_flash.o ABSOLUTE
    ..\fal\src\fal_partition.c               0x00000000   Number         0  fal_partition.o ABSOLUTE
    cdrcmple.s                               0x00000000   Number         0  cdrcmple.o ABSOLUTE
    dc.s                                     0x00000000   Number         0  dc.o ABSOLUTE
    handlers.s                               0x00000000   Number         0  handlers.o ABSOLUTE
    init.s                                   0x00000000   Number         0  init.o ABSOLUTE
    startup_stm32f407xx.s                    0x00000000   Number         0  startup_stm32f407xx.o ABSOLUTE
    RESET                                    0x08000000   Section      392  startup_stm32f407xx.o(RESET)
    .ARM.Collect$$$$00000000                 0x08000188   Section        0  entry.o(.ARM.Collect$$$$00000000)
    .ARM.Collect$$$$00000001                 0x08000188   Section        4  entry2.o(.ARM.Collect$$$$00000001)
    .ARM.Collect$$$$00000004                 0x0800018c   Section        4  entry5.o(.ARM.Collect$$$$00000004)
    .ARM.Collect$$$$00000008                 0x08000190   Section        0  entry7b.o(.ARM.Collect$$$$00000008)
    .ARM.Collect$$$$0000000A                 0x08000190   Section        0  entry8b.o(.ARM.Collect$$$$0000000A)
    .ARM.Collect$$$$0000000B                 0x08000190   Section        8  entry9a.o(.ARM.Collect$$$$0000000B)
    .ARM.Collect$$$$0000000D                 0x08000198   Section        0  entry10a.o(.ARM.Collect$$$$0000000D)
    .ARM.Collect$$$$0000000F                 0x08000198   Section        0  entry11a.o(.ARM.Collect$$$$0000000F)
    .ARM.Collect$$$$00002712                 0x08000198   Section        4  entry2.o(.ARM.Collect$$$$00002712)
    __lit__00000000                          0x08000198   Data           4  entry2.o(.ARM.Collect$$$$00002712)
    .text                                    0x0800019c   Section       36  startup_stm32f407xx.o(.text)
    $v0                                      0x0800019c   Number         0  startup_stm32f407xx.o(.text)
    .text                                    0x080001c0   Section        0  uldiv.o(.text)
    .text                                    0x08000222   Section        0  strncmp.o(.text)
    .text                                    0x08000240   Section        0  llshl.o(.text)
    .text                                    0x0800025e   Section        0  llushr.o(.text)
    .text                                    0x08000280   Section       36  init.o(.text)
    i.BSP_SD_GetCardInfo                     0x080002a4   Section        0  bsp_driver_sd.o(i.BSP_SD_GetCardInfo)
    i.BSP_SD_GetCardState                    0x080002b0   Section        0  bsp_driver_sd.o(i.BSP_SD_GetCardState)
    i.BSP_SD_Init                            0x080002c8   Section        0  bsp_driver_sd.o(i.BSP_SD_Init)
    i.BSP_SD_ReadBlocks_DMA                  0x080002fc   Section        0  bsp_driver_sd.o(i.BSP_SD_ReadBlocks_DMA)
    i.BSP_SD_WriteBlocks_DMA                 0x08000318   Section        0  bsp_driver_sd.o(i.BSP_SD_WriteBlocks_DMA)
    i.BusFault_Handler                       0x08000334   Section        0  stm32f4xx_it.o(i.BusFault_Handler)
    i.DMA_SetConfig                          0x08000336   Section        0  stm32f4xx_hal_dma.o(i.DMA_SetConfig)
    DMA_SetConfig                            0x08000337   Thumb Code    40  stm32f4xx_hal_dma.o(i.DMA_SetConfig)
    i.DebugMon_Handler                       0x0800035e   Section        0  stm32f4xx_it.o(i.DebugMon_Handler)
    i.FATFS_LinkDriver                       0x08000360   Section        0  ff_gen_drv.o(i.FATFS_LinkDriver)
    i.FATFS_LinkDriverEx                     0x08000368   Section        0  ff_gen_drv.o(i.FATFS_LinkDriverEx)
    i.FLASH_Erase_Sector                     0x080003a8   Section        0  stm32f4xx_hal_flash_ex.o(i.FLASH_Erase_Sector)
    i.FLASH_Program_Byte                     0x08000484   Section        0  stm32f4xx_hal_flash.o(i.FLASH_Program_Byte)
    FLASH_Program_Byte                       0x08000485   Thumb Code    62  stm32f4xx_hal_flash.o(i.FLASH_Program_Byte)
    i.FLASH_Program_DoubleWord               0x08000508   Section        0  stm32f4xx_hal_flash.o(i.FLASH_Program_DoubleWord)
    FLASH_Program_DoubleWord                 0x08000509   Thumb Code    70  stm32f4xx_hal_flash.o(i.FLASH_Program_DoubleWord)
    i.FLASH_Program_HalfWord                 0x08000594   Section        0  stm32f4xx_hal_flash.o(i.FLASH_Program_HalfWord)
    FLASH_Program_HalfWord                   0x08000595   Thumb Code    66  stm32f4xx_hal_flash.o(i.FLASH_Program_HalfWord)
    i.FLASH_Program_Word                     0x0800061c   Section        0  stm32f4xx_hal_flash.o(i.FLASH_Program_Word)
    FLASH_Program_Word                       0x0800061d   Thumb Code    66  stm32f4xx_hal_flash.o(i.FLASH_Program_Word)
    i.FLASH_SetErrorCode                     0x080006a4   Section        0  stm32f4xx_hal_flash.o(i.FLASH_SetErrorCode)
    FLASH_SetErrorCode                       0x080006a5   Thumb Code    96  stm32f4xx_hal_flash.o(i.FLASH_SetErrorCode)
    i.FLASH_WaitForLastOperation             0x0800070c   Section        0  stm32f4xx_hal_flash.o(i.FLASH_WaitForLastOperation)
    i.HAL_DMA_Start_IT                       0x0800075c   Section        0  stm32f4xx_hal_dma.o(i.HAL_DMA_Start_IT)
    i.HAL_Delay                              0x0800082c   Section        0  stm32f4xx_hal.o(i.HAL_Delay)
    i.HAL_FLASH_Lock                         0x08000850   Section        0  stm32f4xx_hal_flash.o(i.HAL_FLASH_Lock)
    i.HAL_FLASH_Program                      0x08000864   Section        0  stm32f4xx_hal_flash.o(i.HAL_FLASH_Program)
    i.HAL_FLASH_Unlock                       0x08000934   Section        0  stm32f4xx_hal_flash.o(i.HAL_FLASH_Unlock)
    i.HAL_GPIO_Init                          0x08000960   Section        0  stm32f4xx_hal_gpio.o(i.HAL_GPIO_Init)
    i.HAL_GPIO_WritePin                      0x08000c6c   Section        0  stm32f4xx_hal_gpio.o(i.HAL_GPIO_WritePin)
    i.HAL_GetTick                            0x08000cd8   Section        0  stm32f4xx_hal.o(i.HAL_GetTick)
    i.HAL_IncTick                            0x08000ce4   Section        0  stm32f4xx_hal.o(i.HAL_IncTick)
    i.HAL_Init                               0x08000cf4   Section        0  stm32f4xx_hal.o(i.HAL_Init)
    i.HAL_InitTick                           0x08000d28   Section        0  stm32f4xx_hal.o(i.HAL_InitTick)
    i.HAL_MspInit                            0x08000d68   Section        0  stm32f4xx_hal_msp.o(i.HAL_MspInit)
    i.HAL_NVIC_SetPriority                   0x08000dc0   Section        0  stm32f4xx_hal_cortex.o(i.HAL_NVIC_SetPriority)
    i.HAL_NVIC_SetPriorityGrouping           0x08000e60   Section        0  stm32f4xx_hal_cortex.o(i.HAL_NVIC_SetPriorityGrouping)
    i.HAL_RCC_ClockConfig                    0x08000ee0   Section        0  stm32f4xx_hal_rcc.o(i.HAL_RCC_ClockConfig)
    i.HAL_RCC_GetHCLKFreq                    0x08001128   Section        0  stm32f4xx_hal_rcc.o(i.HAL_RCC_GetHCLKFreq)
    i.HAL_RCC_GetPCLK1Freq                   0x08001134   Section        0  stm32f4xx_hal_rcc.o(i.HAL_RCC_GetPCLK1Freq)
    i.HAL_RCC_GetPCLK2Freq                   0x08001154   Section        0  stm32f4xx_hal_rcc.o(i.HAL_RCC_GetPCLK2Freq)
    i.HAL_RCC_GetSysClockFreq                0x08001174   Section        0  stm32f4xx_hal_rcc.o(i.HAL_RCC_GetSysClockFreq)
    i.HAL_RCC_OscConfig                      0x080011d4   Section        0  stm32f4xx_hal_rcc.o(i.HAL_RCC_OscConfig)
    i.HAL_SD_ConfigWideBusOperation          0x08001634   Section        0  stm32f4xx_hal_sd.o(i.HAL_SD_ConfigWideBusOperation)
    i.HAL_SD_ErrorCallback                   0x080016fc   Section        0  stm32f4xx_hal_sd.o(i.HAL_SD_ErrorCallback)
    i.HAL_SD_GetCardCSD                      0x080016fe   Section        0  stm32f4xx_hal_sd.o(i.HAL_SD_GetCardCSD)
    i.HAL_SD_GetCardInfo                     0x080018d8   Section        0  stm32f4xx_hal_sd.o(i.HAL_SD_GetCardInfo)
    i.HAL_SD_GetCardState                    0x080018fc   Section        0  stm32f4xx_hal_sd.o(i.HAL_SD_GetCardState)
    i.HAL_SD_Init                            0x08001928   Section        0  stm32f4xx_hal_sd.o(i.HAL_SD_Init)
    i.HAL_SD_InitCard                        0x08001a28   Section        0  stm32f4xx_hal_sd.o(i.HAL_SD_InitCard)
    i.HAL_SD_MspInit                         0x08001a7c   Section        0  stm32f4xx_hal_msp.o(i.HAL_SD_MspInit)
    i.HAL_SD_ReadBlocks_DMA                  0x08001ae0   Section        0  stm32f4xx_hal_sd.o(i.HAL_SD_ReadBlocks_DMA)
    i.HAL_SD_RxCpltCallback                  0x08001bd4   Section        0  stm32f4xx_hal_sd.o(i.HAL_SD_RxCpltCallback)
    i.HAL_SD_WriteBlocks_DMA                 0x08001bd8   Section        0  stm32f4xx_hal_sd.o(i.HAL_SD_WriteBlocks_DMA)
    i.HAL_SPI_Init                           0x08001ccc   Section        0  stm32f4xx_hal_spi.o(i.HAL_SPI_Init)
    i.HAL_SPI_MspInit                        0x08001e80   Section        0  stm32f4xx_hal_msp.o(i.HAL_SPI_MspInit)
    i.HAL_SYSTICK_CLKSourceConfig            0x08001ecc   Section        0  stm32f4xx_hal_cortex.o(i.HAL_SYSTICK_CLKSourceConfig)
    i.HAL_SYSTICK_Callback                   0x08001f30   Section        0  stm32f4xx_hal_cortex.o(i.HAL_SYSTICK_Callback)
    i.HAL_SYSTICK_Config                     0x08001f32   Section        0  stm32f4xx_hal_cortex.o(i.HAL_SYSTICK_Config)
    i.HAL_SYSTICK_IRQHandler                 0x08001f5a   Section        0  stm32f4xx_hal_cortex.o(i.HAL_SYSTICK_IRQHandler)
    i.HAL_UART_Init                          0x08001f64   Section        0  stm32f4xx_hal_uart.o(i.HAL_UART_Init)
    i.HAL_UART_MspInit                       0x080020ac   Section        0  stm32f4xx_hal_msp.o(i.HAL_UART_MspInit)
    i.HAL_UART_Transmit                      0x08002120   Section        0  stm32f4xx_hal_uart.o(i.HAL_UART_Transmit)
    i.HardFault_Handler                      0x080021da   Section        0  stm32f4xx_it.o(i.HardFault_Handler)
    i.MX_FATFS_Init                          0x080021dc   Section        0  fatfs.o(i.MX_FATFS_Init)
    i.MX_GPIO_Init                           0x080021f8   Section        0  main.o(i.MX_GPIO_Init)
    MX_GPIO_Init                             0x080021f9   Thumb Code   122  main.o(i.MX_GPIO_Init)
    i.MX_SPI1_Init                           0x0800227c   Section        0  main.o(i.MX_SPI1_Init)
    MX_SPI1_Init                             0x0800227d   Thumb Code    54  main.o(i.MX_SPI1_Init)
    i.MemManage_Handler                      0x080022bc   Section        0  stm32f4xx_it.o(i.MemManage_Handler)
    i.NMI_Handler                            0x080022be   Section        0  stm32f4xx_it.o(i.NMI_Handler)
    i.NVIC_SetPriority                       0x080022c0   Section        0  stm32f4xx_hal_cortex.o(i.NVIC_SetPriority)
    NVIC_SetPriority                         0x080022c1   Thumb Code    32  stm32f4xx_hal_cortex.o(i.NVIC_SetPriority)
    i.PendSV_Handler                         0x080022e0   Section        0  stm32f4xx_it.o(i.PendSV_Handler)
    i.SDIO_ConfigData                        0x080022e4   Section        0  stm32f4xx_ll_sdmmc.o(i.SDIO_ConfigData)
    i.SDIO_GetPowerState                     0x080023d8   Section        0  stm32f4xx_ll_sdmmc.o(i.SDIO_GetPowerState)
    i.SDIO_GetResponse                       0x080023e0   Section        0  stm32f4xx_ll_sdmmc.o(i.SDIO_GetResponse)
    i.SDIO_Init                              0x0800244c   Section        0  stm32f4xx_ll_sdmmc.o(i.SDIO_Init)
    i.SDIO_PowerState_ON                     0x08002538   Section        0  stm32f4xx_ll_sdmmc.o(i.SDIO_PowerState_ON)
    i.SDIO_ReadFIFO                          0x08002540   Section        0  stm32f4xx_ll_sdmmc.o(i.SDIO_ReadFIFO)
    i.SDIO_SendCommand                       0x08002548   Section        0  stm32f4xx_ll_sdmmc.o(i.SDIO_SendCommand)
    i.SDMMC_CmdAppCommand                    0x08002600   Section        0  stm32f4xx_ll_sdmmc.o(i.SDMMC_CmdAppCommand)
    i.SDMMC_CmdAppOperCommand                0x08002634   Section        0  stm32f4xx_ll_sdmmc.o(i.SDMMC_CmdAppOperCommand)
    i.SDMMC_CmdBlockLength                   0x08002668   Section        0  stm32f4xx_ll_sdmmc.o(i.SDMMC_CmdBlockLength)
    i.SDMMC_CmdBusWidth                      0x0800269a   Section        0  stm32f4xx_ll_sdmmc.o(i.SDMMC_CmdBusWidth)
    i.SDMMC_CmdGoIdleState                   0x080026cc   Section        0  stm32f4xx_ll_sdmmc.o(i.SDMMC_CmdGoIdleState)
    i.SDMMC_CmdOperCond                      0x0800271c   Section        0  stm32f4xx_ll_sdmmc.o(i.SDMMC_CmdOperCond)
    i.SDMMC_CmdReadMultiBlock                0x08002784   Section        0  stm32f4xx_ll_sdmmc.o(i.SDMMC_CmdReadMultiBlock)
    i.SDMMC_CmdReadSingleBlock               0x080027b6   Section        0  stm32f4xx_ll_sdmmc.o(i.SDMMC_CmdReadSingleBlock)
    i.SDMMC_CmdSelDesel                      0x080027e8   Section        0  stm32f4xx_ll_sdmmc.o(i.SDMMC_CmdSelDesel)
    i.SDMMC_CmdSendCID                       0x0800281a   Section        0  stm32f4xx_ll_sdmmc.o(i.SDMMC_CmdSendCID)
    i.SDMMC_CmdSendCSD                       0x08002846   Section        0  stm32f4xx_ll_sdmmc.o(i.SDMMC_CmdSendCSD)
    i.SDMMC_CmdSendSCR                       0x08002872   Section        0  stm32f4xx_ll_sdmmc.o(i.SDMMC_CmdSendSCR)
    i.SDMMC_CmdSendStatus                    0x080028a2   Section        0  stm32f4xx_ll_sdmmc.o(i.SDMMC_CmdSendStatus)
    i.SDMMC_CmdSetRelAdd                     0x080028d4   Section        0  stm32f4xx_ll_sdmmc.o(i.SDMMC_CmdSetRelAdd)
    i.SDMMC_CmdStopTransfer                  0x08002904   Section        0  stm32f4xx_ll_sdmmc.o(i.SDMMC_CmdStopTransfer)
    i.SDMMC_CmdWriteMultiBlock               0x08002938   Section        0  stm32f4xx_ll_sdmmc.o(i.SDMMC_CmdWriteMultiBlock)
    i.SDMMC_CmdWriteSingleBlock              0x0800296a   Section        0  stm32f4xx_ll_sdmmc.o(i.SDMMC_CmdWriteSingleBlock)
    i.SDMMC_GetCmdResp1                      0x0800299c   Section        0  stm32f4xx_ll_sdmmc.o(i.SDMMC_GetCmdResp1)
    SDMMC_GetCmdResp1                        0x0800299d   Thumb Code   276  stm32f4xx_ll_sdmmc.o(i.SDMMC_GetCmdResp1)
    i.SDMMC_GetCmdResp2                      0x08002ab8   Section        0  stm32f4xx_ll_sdmmc.o(i.SDMMC_GetCmdResp2)
    SDMMC_GetCmdResp2                        0x08002ab9   Thumb Code    74  stm32f4xx_ll_sdmmc.o(i.SDMMC_GetCmdResp2)
    i.SDMMC_GetCmdResp3                      0x08002b08   Section        0  stm32f4xx_ll_sdmmc.o(i.SDMMC_GetCmdResp3)
    SDMMC_GetCmdResp3                        0x08002b09   Thumb Code    60  stm32f4xx_ll_sdmmc.o(i.SDMMC_GetCmdResp3)
    i.SDMMC_GetCmdResp6                      0x08002b48   Section        0  stm32f4xx_ll_sdmmc.o(i.SDMMC_GetCmdResp6)
    SDMMC_GetCmdResp6                        0x08002b49   Thumb Code   130  stm32f4xx_ll_sdmmc.o(i.SDMMC_GetCmdResp6)
    i.SD_CheckStatus                         0x08002bd0   Section        0  sd_diskio.o(i.SD_CheckStatus)
    SD_CheckStatus                           0x08002bd1   Thumb Code    26  sd_diskio.o(i.SD_CheckStatus)
    i.SD_DMAError                            0x08002bf0   Section        0  stm32f4xx_hal_sd.o(i.SD_DMAError)
    SD_DMAError                              0x08002bf1   Thumb Code    86  stm32f4xx_hal_sd.o(i.SD_DMAError)
    i.SD_DMAReceiveCplt                      0x08002c46   Section        0  stm32f4xx_hal_sd.o(i.SD_DMAReceiveCplt)
    SD_DMAReceiveCplt                        0x08002c47   Thumb Code    62  stm32f4xx_hal_sd.o(i.SD_DMAReceiveCplt)
    i.SD_DMATransmitCplt                     0x08002c84   Section        0  stm32f4xx_hal_sd.o(i.SD_DMATransmitCplt)
    SD_DMATransmitCplt                       0x08002c85   Thumb Code    14  stm32f4xx_hal_sd.o(i.SD_DMATransmitCplt)
    i.SD_FindSCR                             0x08002c92   Section        0  stm32f4xx_hal_sd.o(i.SD_FindSCR)
    SD_FindSCR                               0x08002c93   Thumb Code   212  stm32f4xx_hal_sd.o(i.SD_FindSCR)
    i.SD_InitCard                            0x08002d66   Section        0  stm32f4xx_hal_sd.o(i.SD_InitCard)
    SD_InitCard                              0x08002d67   Thumb Code   230  stm32f4xx_hal_sd.o(i.SD_InitCard)
    i.SD_PowerON                             0x08002e4c   Section        0  stm32f4xx_hal_sd.o(i.SD_PowerON)
    SD_PowerON                               0x08002e4d   Thumb Code   162  stm32f4xx_hal_sd.o(i.SD_PowerON)
    i.SD_WideBus_Disable                     0x08002eee   Section        0  stm32f4xx_hal_sd.o(i.SD_WideBus_Disable)
    SD_WideBus_Disable                       0x08002eef   Thumb Code    78  stm32f4xx_hal_sd.o(i.SD_WideBus_Disable)
    i.SD_WideBus_Enable                      0x08002f3c   Section        0  stm32f4xx_hal_sd.o(i.SD_WideBus_Enable)
    SD_WideBus_Enable                        0x08002f3d   Thumb Code    78  stm32f4xx_hal_sd.o(i.SD_WideBus_Enable)
    i.SD_initialize                          0x08002f8c   Section        0  sd_diskio.o(i.SD_initialize)
    i.SD_ioctl                               0x08002fac   Section        0  sd_diskio.o(i.SD_ioctl)
    i.SD_read                                0x08002ffc   Section        0  sd_diskio.o(i.SD_read)
    i.SD_status                              0x08003068   Section        0  sd_diskio.o(i.SD_status)
    i.SD_write                               0x0800306c   Section        0  sd_diskio.o(i.SD_write)
    i.SVC_Handler                            0x080030d8   Section        0  stm32f4xx_it.o(i.SVC_Handler)
    i.SysTick_Handler                        0x080030da   Section        0  stm32f4xx_it.o(i.SysTick_Handler)
    i.SystemClock_Config                     0x080030e8   Section        0  main.o(i.SystemClock_Config)
    i.SystemInit                             0x08003188   Section        0  system_stm32f4xx.o(i.SystemInit)
    i.UART_SetConfig                         0x080031dc   Section        0  stm32f4xx_hal_uart.o(i.UART_SetConfig)
    UART_SetConfig                           0x080031dd   Thumb Code   762  stm32f4xx_hal_uart.o(i.UART_SetConfig)
    i.UART_WaitOnFlagUntilTimeout            0x08003520   Section        0  stm32f4xx_hal_uart.o(i.UART_WaitOnFlagUntilTimeout)
    UART_WaitOnFlagUntilTimeout              0x08003521   Thumb Code   100  stm32f4xx_hal_uart.o(i.UART_WaitOnFlagUntilTimeout)
    i.UsageFault_Handler                     0x08003584   Section        0  stm32f4xx_it.o(i.UsageFault_Handler)
    i.__0printf$8                            0x08003588   Section        0  printf8.o(i.__0printf$8)
    i.__scatterload_copy                     0x080035a8   Section       14  handlers.o(i.__scatterload_copy)
    i.__scatterload_null                     0x080035b6   Section        2  handlers.o(i.__scatterload_null)
    i.__scatterload_zeroinit                 0x080035b8   Section       14  handlers.o(i.__scatterload_zeroinit)
    i._printf_core                           0x080035c8   Section        0  printf8.o(i._printf_core)
    _printf_core                             0x080035c9   Thumb Code   996  printf8.o(i._printf_core)
    i._printf_post_padding                   0x080039d8   Section        0  printf8.o(i._printf_post_padding)
    _printf_post_padding                     0x080039d9   Thumb Code    36  printf8.o(i._printf_post_padding)
    i._printf_pre_padding                    0x080039fc   Section        0  printf8.o(i._printf_pre_padding)
    _printf_pre_padding                      0x080039fd   Thumb Code    46  printf8.o(i._printf_pre_padding)
    i.assert_failed                          0x08003a2a   Section        0  main.o(i.assert_failed)
    i.erase                                  0x08003a2c   Section        0  fal_flash_stm32f4_port.o(i.erase)
    erase                                    0x08003a2d   Thumb Code    92  fal_flash_stm32f4_port.o(i.erase)
    i.fal_flash_device_find                  0x08003a8c   Section        0  fal_flash.o(i.fal_flash_device_find)
    i.fal_flash_init                         0x08003aa8   Section        0  fal_flash.o(i.fal_flash_init)
    i.fal_init                               0x08003acc   Section        0  fal.o(i.fal_init)
    i.fal_partition_init                     0x08003bc4   Section        0  fal_partition.o(i.fal_partition_init)
    i.fputc                                  0x08003cb8   Section        0  main.o(i.fputc)
    i.init                                   0x08003cd4   Section        0  fal_flash_stm32f4_port.o(i.init)
    init                                     0x08003cd5   Thumb Code     4  fal_flash_stm32f4_port.o(i.init)
    i.main                                   0x08003cd8   Section        0  main.o(i.main)
    i.read                                   0x08003d5c   Section        0  fal_flash_stm32f4_port.o(i.read)
    read                                     0x08003d5d   Thumb Code    26  fal_flash_stm32f4_port.o(i.read)
    i.stm32_get_sector                       0x08003d78   Section        0  fal_flash_stm32f4_port.o(i.stm32_get_sector)
    stm32_get_sector                         0x08003d79   Thumb Code   146  fal_flash_stm32f4_port.o(i.stm32_get_sector)
    i.write                                  0x08003e34   Section        0  fal_flash_stm32f4_port.o(i.write)
    write                                    0x08003e35   Thumb Code    72  fal_flash_stm32f4_port.o(i.write)
    .constdata                               0x08003e80   Section       16  system_stm32f4xx.o(.constdata)
    .constdata                               0x08003e90   Section        8  system_stm32f4xx.o(.constdata)
    .constdata                               0x08003e98   Section       20  sd_diskio.o(.constdata)
    .constdata                               0x08003eac   Section        9  fal.o(.constdata)
    __FUNCTION__                             0x08003eac   Data           9  fal.o(.constdata)
    .constdata                               0x08003eb8   Section        4  fal_flash.o(.constdata)
    device_table                             0x08003eb8   Data           4  fal_flash.o(.constdata)
    .constdata                               0x08003ebc   Section       78  fal_partition.o(.constdata)
    __FUNCTION__                             0x08003ebc   Data          19  fal_partition.o(.constdata)
    __FUNCTION__                             0x08003ecf   Data          19  fal_partition.o(.constdata)
    __FUNCTION__                             0x08003ee2   Data          20  fal_partition.o(.constdata)
    __FUNCTION__                             0x08003ef6   Data          20  fal_partition.o(.constdata)
    .constdata                               0x08003f0c   Section       52  fal_flash_stm32f4_port.o(.constdata)
    .conststring                             0x08003f40   Section       78  fal_partition.o(.conststring)
    FalPartTable                             0x08003f90   Section      128  fal_partition.o(FalPartTable)
    __tagsym$$used                           0x08003f90   Number         0  fal_partition.o(FalPartTable)
    partition_table_def                      0x08003f90   Data         128  fal_partition.o(FalPartTable)
    .data                                    0x20000000   Section       12  stm32f4xx_hal.o(.data)
    .data                                    0x2000000c   Section        4  system_stm32f4xx.o(.data)
    .data                                    0x20000010   Section       12  sd_diskio.o(.data)
    Stat                                     0x20000010   Data           1  sd_diskio.o(.data)
    WriteStatus                              0x20000014   Data           4  sd_diskio.o(.data)
    ReadStatus                               0x20000018   Data           4  sd_diskio.o(.data)
    .data                                    0x2000001c   Section        5  fatfs.o(.data)
    .data                                    0x20000021   Section        1  fal_flash.o(.data)
    init_ok                                  0x20000021   Data           1  fal_flash.o(.data)
    .data                                    0x20000024   Section       12  fal_partition.o(.data)
    init_ok                                  0x20000024   Data           1  fal_partition.o(.data)
    partition_table                          0x20000028   Data           4  fal_partition.o(.data)
    partition_table_len                      0x2000002c   Data           4  fal_partition.o(.data)
    .data                                    0x20000030   Section        4  stdout.o(.data)
    .bss                                     0x20000034   Section       12  ff_gen_drv.o(.bss)
    .bss                                     0x20000040   Section       32  stm32f4xx_hal_flash.o(.bss)
    .bss                                     0x20000060   Section      348  main.o(.bss)
    STACK                                    0x200001c0   Section     1024  startup_stm32f407xx.o(STACK)

    Global Symbols

    Symbol Name                              Value     Ov Type        Size  Object(Section)

    BuildAttributes$$THM_ISAv4$E$P$D$K$B$S$7EM$VFPi3$EXTD16$VFPS$VFMA$PE$A:L22UL41UL21$X:L11$S22US41US21$IEEE1$IW$USESV6$~STKCKD$USESV7$~SHL$OSPACE$ROPI$EBA8$MICROLIB$REQ8$PRES8$EABIv2 0x00000000   Number         0  anon$$obj.o ABSOLUTE
    __ARM_use_no_argv                        0x00000000   Number         0  main.o ABSOLUTE
    _printf_a                                0x00000000   Number         0  stubs.o ABSOLUTE
    _printf_c                                0x00000000   Number         0  stubs.o ABSOLUTE
    _printf_charcount                        0x00000000   Number         0  stubs.o ABSOLUTE
    _printf_d                                0x00000000   Number         0  stubs.o ABSOLUTE
    _printf_e                                0x00000000   Number         0  stubs.o ABSOLUTE
    _printf_f                                0x00000000   Number         0  stubs.o ABSOLUTE
    _printf_flags                            0x00000000   Number         0  stubs.o ABSOLUTE
    _printf_fp_dec                           0x00000000   Number         0  stubs.o ABSOLUTE
    _printf_fp_hex                           0x00000000   Number         0  stubs.o ABSOLUTE
    _printf_g                                0x00000000   Number         0  stubs.o ABSOLUTE
    _printf_i                                0x00000000   Number         0  stubs.o ABSOLUTE
    _printf_int_dec                          0x00000000   Number         0  stubs.o ABSOLUTE
    _printf_l                                0x00000000   Number         0  stubs.o ABSOLUTE
    _printf_lc                               0x00000000   Number         0  stubs.o ABSOLUTE
    _printf_ll                               0x00000000   Number         0  stubs.o ABSOLUTE
    _printf_lld                              0x00000000   Number         0  stubs.o ABSOLUTE
    _printf_lli                              0x00000000   Number         0  stubs.o ABSOLUTE
    _printf_llo                              0x00000000   Number         0  stubs.o ABSOLUTE
    _printf_llu                              0x00000000   Number         0  stubs.o ABSOLUTE
    _printf_llx                              0x00000000   Number         0  stubs.o ABSOLUTE
    _printf_longlong_dec                     0x00000000   Number         0  stubs.o ABSOLUTE
    _printf_longlong_hex                     0x00000000   Number         0  stubs.o ABSOLUTE
    _printf_longlong_oct                     0x00000000   Number         0  stubs.o ABSOLUTE
    _printf_ls                               0x00000000   Number         0  stubs.o ABSOLUTE
    _printf_mbtowc                           0x00000000   Number         0  stubs.o ABSOLUTE
    _printf_n                                0x00000000   Number         0  stubs.o ABSOLUTE
    _printf_o                                0x00000000   Number         0  stubs.o ABSOLUTE
    _printf_p                                0x00000000   Number         0  stubs.o ABSOLUTE
    _printf_percent                          0x00000000   Number         0  stubs.o ABSOLUTE
    _printf_pre_padding                      0x00000000   Number         0  stubs.o ABSOLUTE
    _printf_return_value                     0x00000000   Number         0  stubs.o ABSOLUTE
    _printf_s                                0x00000000   Number         0  stubs.o ABSOLUTE
    _printf_sizespec                         0x00000000   Number         0  stubs.o ABSOLUTE
    _printf_str                              0x00000000   Number         0  stubs.o ABSOLUTE
    _printf_truncate_signed                  0x00000000   Number         0  stubs.o ABSOLUTE
    _printf_truncate_unsigned                0x00000000   Number         0  stubs.o ABSOLUTE
    _printf_u                                0x00000000   Number         0  stubs.o ABSOLUTE
    _printf_wc                               0x00000000   Number         0  stubs.o ABSOLUTE
    _printf_wctomb                           0x00000000   Number         0  stubs.o ABSOLUTE
    _printf_widthprec                        0x00000000   Number         0  stubs.o ABSOLUTE
    _printf_x                                0x00000000   Number         0  stubs.o ABSOLUTE
    __cpp_initialize__aeabi_                  - Undefined Weak Reference
    __cxa_finalize                            - Undefined Weak Reference
    __decompress                              - Undefined Weak Reference
    _clock_init                               - Undefined Weak Reference
    _microlib_exit                            - Undefined Weak Reference
    __Vectors_Size                           0x00000188   Number         0  startup_stm32f407xx.o ABSOLUTE
    __Vectors                                0x08000000   Data           4  startup_stm32f407xx.o(RESET)
    __Vectors_End                            0x08000188   Data           0  startup_stm32f407xx.o(RESET)
    __main                                   0x08000189   Thumb Code     0  entry.o(.ARM.Collect$$$$00000000)
    _main_stk                                0x08000189   Thumb Code     0  entry2.o(.ARM.Collect$$$$00000001)
    _main_scatterload                        0x0800018d   Thumb Code     0  entry5.o(.ARM.Collect$$$$00000004)
    __main_after_scatterload                 0x08000191   Thumb Code     0  entry5.o(.ARM.Collect$$$$00000004)
    _main_clock                              0x08000191   Thumb Code     0  entry7b.o(.ARM.Collect$$$$00000008)
    _main_cpp_init                           0x08000191   Thumb Code     0  entry8b.o(.ARM.Collect$$$$0000000A)
    _main_init                               0x08000191   Thumb Code     0  entry9a.o(.ARM.Collect$$$$0000000B)
    __rt_final_cpp                           0x08000199   Thumb Code     0  entry10a.o(.ARM.Collect$$$$0000000D)
    __rt_final_exit                          0x08000199   Thumb Code     0  entry11a.o(.ARM.Collect$$$$0000000F)
    Reset_Handler                            0x0800019d   Thumb Code     8  startup_stm32f407xx.o(.text)
    ADC_IRQHandler                           0x080001b7   Thumb Code     0  startup_stm32f407xx.o(.text)
    CAN1_RX0_IRQHandler                      0x080001b7   Thumb Code     0  startup_stm32f407xx.o(.text)
    CAN1_RX1_IRQHandler                      0x080001b7   Thumb Code     0  startup_stm32f407xx.o(.text)
    CAN1_SCE_IRQHandler                      0x080001b7   Thumb Code     0  startup_stm32f407xx.o(.text)
    CAN1_TX_IRQHandler                       0x080001b7   Thumb Code     0  startup_stm32f407xx.o(.text)
    CAN2_RX0_IRQHandler                      0x080001b7   Thumb Code     0  startup_stm32f407xx.o(.text)
    CAN2_RX1_IRQHandler                      0x080001b7   Thumb Code     0  startup_stm32f407xx.o(.text)
    CAN2_SCE_IRQHandler                      0x080001b7   Thumb Code     0  startup_stm32f407xx.o(.text)
    CAN2_TX_IRQHandler                       0x080001b7   Thumb Code     0  startup_stm32f407xx.o(.text)
    DCMI_IRQHandler                          0x080001b7   Thumb Code     0  startup_stm32f407xx.o(.text)
    DMA1_Stream0_IRQHandler                  0x080001b7   Thumb Code     0  startup_stm32f407xx.o(.text)
    DMA1_Stream1_IRQHandler                  0x080001b7   Thumb Code     0  startup_stm32f407xx.o(.text)
    DMA1_Stream2_IRQHandler                  0x080001b7   Thumb Code     0  startup_stm32f407xx.o(.text)
    DMA1_Stream3_IRQHandler                  0x080001b7   Thumb Code     0  startup_stm32f407xx.o(.text)
    DMA1_Stream4_IRQHandler                  0x080001b7   Thumb Code     0  startup_stm32f407xx.o(.text)
    DMA1_Stream5_IRQHandler                  0x080001b7   Thumb Code     0  startup_stm32f407xx.o(.text)
    DMA1_Stream6_IRQHandler                  0x080001b7   Thumb Code     0  startup_stm32f407xx.o(.text)
    DMA1_Stream7_IRQHandler                  0x080001b7   Thumb Code     0  startup_stm32f407xx.o(.text)
    DMA2_Stream0_IRQHandler                  0x080001b7   Thumb Code     0  startup_stm32f407xx.o(.text)
    DMA2_Stream1_IRQHandler                  0x080001b7   Thumb Code     0  startup_stm32f407xx.o(.text)
    DMA2_Stream2_IRQHandler                  0x080001b7   Thumb Code     0  startup_stm32f407xx.o(.text)
    DMA2_Stream3_IRQHandler                  0x080001b7   Thumb Code     0  startup_stm32f407xx.o(.text)
    DMA2_Stream4_IRQHandler                  0x080001b7   Thumb Code     0  startup_stm32f407xx.o(.text)
    DMA2_Stream5_IRQHandler                  0x080001b7   Thumb Code     0  startup_stm32f407xx.o(.text)
    DMA2_Stream6_IRQHandler                  0x080001b7   Thumb Code     0  startup_stm32f407xx.o(.text)
    DMA2_Stream7_IRQHandler                  0x080001b7   Thumb Code     0  startup_stm32f407xx.o(.text)
    ETH_IRQHandler                           0x080001b7   Thumb Code     0  startup_stm32f407xx.o(.text)
    ETH_WKUP_IRQHandler                      0x080001b7   Thumb Code     0  startup_stm32f407xx.o(.text)
    EXTI0_IRQHandler                         0x080001b7   Thumb Code     0  startup_stm32f407xx.o(.text)
    EXTI15_10_IRQHandler                     0x080001b7   Thumb Code     0  startup_stm32f407xx.o(.text)
    EXTI1_IRQHandler                         0x080001b7   Thumb Code     0  startup_stm32f407xx.o(.text)
    EXTI2_IRQHandler                         0x080001b7   Thumb Code     0  startup_stm32f407xx.o(.text)
    EXTI3_IRQHandler                         0x080001b7   Thumb Code     0  startup_stm32f407xx.o(.text)
    EXTI4_IRQHandler                         0x080001b7   Thumb Code     0  startup_stm32f407xx.o(.text)
    EXTI9_5_IRQHandler                       0x080001b7   Thumb Code     0  startup_stm32f407xx.o(.text)
    FLASH_IRQHandler                         0x080001b7   Thumb Code     0  startup_stm32f407xx.o(.text)
    FMC_IRQHandler                           0x080001b7   Thumb Code     0  startup_stm32f407xx.o(.text)
    FPU_IRQHandler                           0x080001b7   Thumb Code     0  startup_stm32f407xx.o(.text)
    HASH_RNG_IRQHandler                      0x080001b7   Thumb Code     0  startup_stm32f407xx.o(.text)
    I2C1_ER_IRQHandler                       0x080001b7   Thumb Code     0  startup_stm32f407xx.o(.text)
    I2C1_EV_IRQHandler                       0x080001b7   Thumb Code     0  startup_stm32f407xx.o(.text)
    I2C2_ER_IRQHandler                       0x080001b7   Thumb Code     0  startup_stm32f407xx.o(.text)
    I2C2_EV_IRQHandler                       0x080001b7   Thumb Code     0  startup_stm32f407xx.o(.text)
    I2C3_ER_IRQHandler                       0x080001b7   Thumb Code     0  startup_stm32f407xx.o(.text)
    I2C3_EV_IRQHandler                       0x080001b7   Thumb Code     0  startup_stm32f407xx.o(.text)
    OTG_FS_IRQHandler                        0x080001b7   Thumb Code     0  startup_stm32f407xx.o(.text)
    OTG_FS_WKUP_IRQHandler                   0x080001b7   Thumb Code     0  startup_stm32f407xx.o(.text)
    OTG_HS_EP1_IN_IRQHandler                 0x080001b7   Thumb Code     0  startup_stm32f407xx.o(.text)
    OTG_HS_EP1_OUT_IRQHandler                0x080001b7   Thumb Code     0  startup_stm32f407xx.o(.text)
    OTG_HS_IRQHandler                        0x080001b7   Thumb Code     0  startup_stm32f407xx.o(.text)
    OTG_HS_WKUP_IRQHandler                   0x080001b7   Thumb Code     0  startup_stm32f407xx.o(.text)
    PVD_IRQHandler                           0x080001b7   Thumb Code     0  startup_stm32f407xx.o(.text)
    RCC_IRQHandler                           0x080001b7   Thumb Code     0  startup_stm32f407xx.o(.text)
    RTC_Alarm_IRQHandler                     0x080001b7   Thumb Code     0  startup_stm32f407xx.o(.text)
    RTC_WKUP_IRQHandler                      0x080001b7   Thumb Code     0  startup_stm32f407xx.o(.text)
    SDIO_IRQHandler                          0x080001b7   Thumb Code     0  startup_stm32f407xx.o(.text)
    SPI1_IRQHandler                          0x080001b7   Thumb Code     0  startup_stm32f407xx.o(.text)
    SPI2_IRQHandler                          0x080001b7   Thumb Code     0  startup_stm32f407xx.o(.text)
    SPI3_IRQHandler                          0x080001b7   Thumb Code     0  startup_stm32f407xx.o(.text)
    TAMP_STAMP_IRQHandler                    0x080001b7   Thumb Code     0  startup_stm32f407xx.o(.text)
    TIM1_BRK_TIM9_IRQHandler                 0x080001b7   Thumb Code     0  startup_stm32f407xx.o(.text)
    TIM1_CC_IRQHandler                       0x080001b7   Thumb Code     0  startup_stm32f407xx.o(.text)
    TIM1_TRG_COM_TIM11_IRQHandler            0x080001b7   Thumb Code     0  startup_stm32f407xx.o(.text)
    TIM1_UP_TIM10_IRQHandler                 0x080001b7   Thumb Code     0  startup_stm32f407xx.o(.text)
    TIM2_IRQHandler                          0x080001b7   Thumb Code     0  startup_stm32f407xx.o(.text)
    TIM3_IRQHandler                          0x080001b7   Thumb Code     0  startup_stm32f407xx.o(.text)
    TIM4_IRQHandler                          0x080001b7   Thumb Code     0  startup_stm32f407xx.o(.text)
    TIM5_IRQHandler                          0x080001b7   Thumb Code     0  startup_stm32f407xx.o(.text)
    TIM6_DAC_IRQHandler                      0x080001b7   Thumb Code     0  startup_stm32f407xx.o(.text)
    TIM7_IRQHandler                          0x080001b7   Thumb Code     0  startup_stm32f407xx.o(.text)
    TIM8_BRK_TIM12_IRQHandler                0x080001b7   Thumb Code     0  startup_stm32f407xx.o(.text)
    TIM8_CC_IRQHandler                       0x080001b7   Thumb Code     0  startup_stm32f407xx.o(.text)
    TIM8_TRG_COM_TIM14_IRQHandler            0x080001b7   Thumb Code     0  startup_stm32f407xx.o(.text)
    TIM8_UP_TIM13_IRQHandler                 0x080001b7   Thumb Code     0  startup_stm32f407xx.o(.text)
    UART4_IRQHandler                         0x080001b7   Thumb Code     0  startup_stm32f407xx.o(.text)
    UART5_IRQHandler                         0x080001b7   Thumb Code     0  startup_stm32f407xx.o(.text)
    USART1_IRQHandler                        0x080001b7   Thumb Code     0  startup_stm32f407xx.o(.text)
    USART2_IRQHandler                        0x080001b7   Thumb Code     0  startup_stm32f407xx.o(.text)
    USART3_IRQHandler                        0x080001b7   Thumb Code     0  startup_stm32f407xx.o(.text)
    USART6_IRQHandler                        0x080001b7   Thumb Code     0  startup_stm32f407xx.o(.text)
    WWDG_IRQHandler                          0x080001b7   Thumb Code     0  startup_stm32f407xx.o(.text)
    __aeabi_uldivmod                         0x080001c1   Thumb Code    98  uldiv.o(.text)
    strncmp                                  0x08000223   Thumb Code    30  strncmp.o(.text)
    __aeabi_llsl                             0x08000241   Thumb Code    30  llshl.o(.text)
    _ll_shift_l                              0x08000241   Thumb Code     0  llshl.o(.text)
    __aeabi_llsr                             0x0800025f   Thumb Code    32  llushr.o(.text)
    _ll_ushift_r                             0x0800025f   Thumb Code     0  llushr.o(.text)
    __scatterload                            0x08000281   Thumb Code    28  init.o(.text)
    __scatterload_rt2                        0x08000281   Thumb Code     0  init.o(.text)
    BSP_SD_GetCardInfo                       0x080002a5   Thumb Code     8  bsp_driver_sd.o(i.BSP_SD_GetCardInfo)
    BSP_SD_GetCardState                      0x080002b1   Thumb Code    20  bsp_driver_sd.o(i.BSP_SD_GetCardState)
    BSP_SD_Init                              0x080002c9   Thumb Code    48  bsp_driver_sd.o(i.BSP_SD_Init)
    BSP_SD_ReadBlocks_DMA                    0x080002fd   Thumb Code    24  bsp_driver_sd.o(i.BSP_SD_ReadBlocks_DMA)
    BSP_SD_WriteBlocks_DMA                   0x08000319   Thumb Code    24  bsp_driver_sd.o(i.BSP_SD_WriteBlocks_DMA)
    BusFault_Handler                         0x08000335   Thumb Code     2  stm32f4xx_it.o(i.BusFault_Handler)
    DebugMon_Handler                         0x0800035f   Thumb Code     2  stm32f4xx_it.o(i.DebugMon_Handler)
    FATFS_LinkDriver                         0x08000361   Thumb Code     6  ff_gen_drv.o(i.FATFS_LinkDriver)
    FATFS_LinkDriverEx                       0x08000369   Thumb Code    58  ff_gen_drv.o(i.FATFS_LinkDriverEx)
    FLASH_Erase_Sector                       0x080003a9   Thumb Code   152  stm32f4xx_hal_flash_ex.o(i.FLASH_Erase_Sector)
    FLASH_WaitForLastOperation               0x0800070d   Thumb Code    72  stm32f4xx_hal_flash.o(i.FLASH_WaitForLastOperation)
    HAL_DMA_Start_IT                         0x0800075d   Thumb Code   152  stm32f4xx_hal_dma.o(i.HAL_DMA_Start_IT)
    HAL_Delay                                0x0800082d   Thumb Code    32  stm32f4xx_hal.o(i.HAL_Delay)
    HAL_FLASH_Lock                           0x08000851   Thumb Code    14  stm32f4xx_hal_flash.o(i.HAL_FLASH_Lock)
    HAL_FLASH_Program                        0x08000865   Thumb Code   138  stm32f4xx_hal_flash.o(i.HAL_FLASH_Program)
    HAL_FLASH_Unlock                         0x08000935   Thumb Code    32  stm32f4xx_hal_flash.o(i.HAL_FLASH_Unlock)
    HAL_GPIO_Init                            0x08000961   Thumb Code   646  stm32f4xx_hal_gpio.o(i.HAL_GPIO_Init)
    HAL_GPIO_WritePin                        0x08000c6d   Thumb Code    46  stm32f4xx_hal_gpio.o(i.HAL_GPIO_WritePin)
    HAL_GetTick                              0x08000cd9   Thumb Code     6  stm32f4xx_hal.o(i.HAL_GetTick)
    HAL_IncTick                              0x08000ce5   Thumb Code    12  stm32f4xx_hal.o(i.HAL_IncTick)
    HAL_Init                                 0x08000cf5   Thumb Code    48  stm32f4xx_hal.o(i.HAL_Init)
    HAL_InitTick                             0x08000d29   Thumb Code    54  stm32f4xx_hal.o(i.HAL_InitTick)
    HAL_MspInit                              0x08000d69   Thumb Code    88  stm32f4xx_hal_msp.o(i.HAL_MspInit)
    HAL_NVIC_SetPriority                     0x08000dc1   Thumb Code    94  stm32f4xx_hal_cortex.o(i.HAL_NVIC_SetPriority)
    HAL_NVIC_SetPriorityGrouping             0x08000e61   Thumb Code    58  stm32f4xx_hal_cortex.o(i.HAL_NVIC_SetPriorityGrouping)
    HAL_RCC_ClockConfig                      0x08000ee1   Thumb Code   510  stm32f4xx_hal_rcc.o(i.HAL_RCC_ClockConfig)
    HAL_RCC_GetHCLKFreq                      0x08001129   Thumb Code     6  stm32f4xx_hal_rcc.o(i.HAL_RCC_GetHCLKFreq)
    HAL_RCC_GetPCLK1Freq                     0x08001135   Thumb Code    20  stm32f4xx_hal_rcc.o(i.HAL_RCC_GetPCLK1Freq)
    HAL_RCC_GetPCLK2Freq                     0x08001155   Thumb Code    20  stm32f4xx_hal_rcc.o(i.HAL_RCC_GetPCLK2Freq)
    HAL_RCC_GetSysClockFreq                  0x08001175   Thumb Code    88  stm32f4xx_hal_rcc.o(i.HAL_RCC_GetSysClockFreq)
    HAL_RCC_OscConfig                        0x080011d5   Thumb Code  1118  stm32f4xx_hal_rcc.o(i.HAL_RCC_OscConfig)
    HAL_SD_ConfigWideBusOperation            0x08001635   Thumb Code   144  stm32f4xx_hal_sd.o(i.HAL_SD_ConfigWideBusOperation)
    HAL_SD_ErrorCallback                     0x080016fd   Thumb Code     2  stm32f4xx_hal_sd.o(i.HAL_SD_ErrorCallback)
    HAL_SD_GetCardCSD                        0x080016ff   Thumb Code   474  stm32f4xx_hal_sd.o(i.HAL_SD_GetCardCSD)
    HAL_SD_GetCardInfo                       0x080018d9   Thumb Code    36  stm32f4xx_hal_sd.o(i.HAL_SD_GetCardInfo)
    HAL_SD_GetCardState                      0x080018fd   Thumb Code    44  stm32f4xx_hal_sd.o(i.HAL_SD_GetCardState)
    HAL_SD_Init                              0x08001929   Thumb Code   194  stm32f4xx_hal_sd.o(i.HAL_SD_Init)
    HAL_SD_InitCard                          0x08001a29   Thumb Code    80  stm32f4xx_hal_sd.o(i.HAL_SD_InitCard)
    HAL_SD_MspInit                           0x08001a7d   Thumb Code    84  stm32f4xx_hal_msp.o(i.HAL_SD_MspInit)
    HAL_SD_ReadBlocks_DMA                    0x08001ae1   Thumb Code   230  stm32f4xx_hal_sd.o(i.HAL_SD_ReadBlocks_DMA)
    HAL_SD_RxCpltCallback                    0x08001bd5   Thumb Code     2  stm32f4xx_hal_sd.o(i.HAL_SD_RxCpltCallback)
    HAL_SD_WriteBlocks_DMA                   0x08001bd9   Thumb Code   232  stm32f4xx_hal_sd.o(i.HAL_SD_WriteBlocks_DMA)
    HAL_SPI_Init                             0x08001ccd   Thumb Code   368  stm32f4xx_hal_spi.o(i.HAL_SPI_Init)
    HAL_SPI_MspInit                          0x08001e81   Thumb Code    62  stm32f4xx_hal_msp.o(i.HAL_SPI_MspInit)
    HAL_SYSTICK_CLKSourceConfig              0x08001ecd   Thumb Code    40  stm32f4xx_hal_cortex.o(i.HAL_SYSTICK_CLKSourceConfig)
    HAL_SYSTICK_Callback                     0x08001f31   Thumb Code     2  stm32f4xx_hal_cortex.o(i.HAL_SYSTICK_Callback)
    HAL_SYSTICK_Config                       0x08001f33   Thumb Code    40  stm32f4xx_hal_cortex.o(i.HAL_SYSTICK_Config)
    HAL_SYSTICK_IRQHandler                   0x08001f5b   Thumb Code     8  stm32f4xx_hal_cortex.o(i.HAL_SYSTICK_IRQHandler)
    HAL_UART_Init                            0x08001f65   Thumb Code   244  stm32f4xx_hal_uart.o(i.HAL_UART_Init)
    HAL_UART_MspInit                         0x080020ad   Thumb Code    96  stm32f4xx_hal_msp.o(i.HAL_UART_MspInit)
    HAL_UART_Transmit                        0x08002121   Thumb Code   186  stm32f4xx_hal_uart.o(i.HAL_UART_Transmit)
    HardFault_Handler                        0x080021db   Thumb Code     2  stm32f4xx_it.o(i.HardFault_Handler)
    MX_FATFS_Init                            0x080021dd   Thumb Code    18  fatfs.o(i.MX_FATFS_Init)
    MemManage_Handler                        0x080022bd   Thumb Code     2  stm32f4xx_it.o(i.MemManage_Handler)
    NMI_Handler                              0x080022bf   Thumb Code     2  stm32f4xx_it.o(i.NMI_Handler)
    PendSV_Handler                           0x080022e1   Thumb Code     2  stm32f4xx_it.o(i.PendSV_Handler)
    SDIO_ConfigData                          0x080022e5   Thumb Code   184  stm32f4xx_ll_sdmmc.o(i.SDIO_ConfigData)
    SDIO_GetPowerState                       0x080023d9   Thumb Code     8  stm32f4xx_ll_sdmmc.o(i.SDIO_GetPowerState)
    SDIO_GetResponse                         0x080023e1   Thumb Code    46  stm32f4xx_ll_sdmmc.o(i.SDIO_GetResponse)
    SDIO_Init                                0x0800244d   Thumb Code   172  stm32f4xx_ll_sdmmc.o(i.SDIO_Init)
    SDIO_PowerState_ON                       0x08002539   Thumb Code     8  stm32f4xx_ll_sdmmc.o(i.SDIO_PowerState_ON)
    SDIO_ReadFIFO                            0x08002541   Thumb Code     6  stm32f4xx_ll_sdmmc.o(i.SDIO_ReadFIFO)
    SDIO_SendCommand                         0x08002549   Thumb Code   122  stm32f4xx_ll_sdmmc.o(i.SDIO_SendCommand)
    SDMMC_CmdAppCommand                      0x08002601   Thumb Code    50  stm32f4xx_ll_sdmmc.o(i.SDMMC_CmdAppCommand)
    SDMMC_CmdAppOperCommand                  0x08002635   Thumb Code    48  stm32f4xx_ll_sdmmc.o(i.SDMMC_CmdAppOperCommand)
    SDMMC_CmdBlockLength                     0x08002669   Thumb Code    50  stm32f4xx_ll_sdmmc.o(i.SDMMC_CmdBlockLength)
    SDMMC_CmdBusWidth                        0x0800269b   Thumb Code    50  stm32f4xx_ll_sdmmc.o(i.SDMMC_CmdBusWidth)
    SDMMC_CmdGoIdleState                     0x080026cd   Thumb Code    76  stm32f4xx_ll_sdmmc.o(i.SDMMC_CmdGoIdleState)
    SDMMC_CmdOperCond                        0x0800271d   Thumb Code    98  stm32f4xx_ll_sdmmc.o(i.SDMMC_CmdOperCond)
    SDMMC_CmdReadMultiBlock                  0x08002785   Thumb Code    50  stm32f4xx_ll_sdmmc.o(i.SDMMC_CmdReadMultiBlock)
    SDMMC_CmdReadSingleBlock                 0x080027b7   Thumb Code    50  stm32f4xx_ll_sdmmc.o(i.SDMMC_CmdReadSingleBlock)
    SDMMC_CmdSelDesel                        0x080027e9   Thumb Code    50  stm32f4xx_ll_sdmmc.o(i.SDMMC_CmdSelDesel)
    SDMMC_CmdSendCID                         0x0800281b   Thumb Code    44  stm32f4xx_ll_sdmmc.o(i.SDMMC_CmdSendCID)
    SDMMC_CmdSendCSD                         0x08002847   Thumb Code    44  stm32f4xx_ll_sdmmc.o(i.SDMMC_CmdSendCSD)
    SDMMC_CmdSendSCR                         0x08002873   Thumb Code    48  stm32f4xx_ll_sdmmc.o(i.SDMMC_CmdSendSCR)
    SDMMC_CmdSendStatus                      0x080028a3   Thumb Code    50  stm32f4xx_ll_sdmmc.o(i.SDMMC_CmdSendStatus)
    SDMMC_CmdSetRelAdd                       0x080028d5   Thumb Code    48  stm32f4xx_ll_sdmmc.o(i.SDMMC_CmdSetRelAdd)
    SDMMC_CmdStopTransfer                    0x08002905   Thumb Code    46  stm32f4xx_ll_sdmmc.o(i.SDMMC_CmdStopTransfer)
    SDMMC_CmdWriteMultiBlock                 0x08002939   Thumb Code    50  stm32f4xx_ll_sdmmc.o(i.SDMMC_CmdWriteMultiBlock)
    SDMMC_CmdWriteSingleBlock                0x0800296b   Thumb Code    50  stm32f4xx_ll_sdmmc.o(i.SDMMC_CmdWriteSingleBlock)
    SD_initialize                            0x08002f8d   Thumb Code    28  sd_diskio.o(i.SD_initialize)
    SD_ioctl                                 0x08002fad   Thumb Code    76  sd_diskio.o(i.SD_ioctl)
    SD_read                                  0x08002ffd   Thumb Code   102  sd_diskio.o(i.SD_read)
    SD_status                                0x08003069   Thumb Code     4  sd_diskio.o(i.SD_status)
    SD_write                                 0x0800306d   Thumb Code   102  sd_diskio.o(i.SD_write)
    SVC_Handler                              0x080030d9   Thumb Code     2  stm32f4xx_it.o(i.SVC_Handler)
    SysTick_Handler                          0x080030db   Thumb Code    14  stm32f4xx_it.o(i.SysTick_Handler)
    SystemClock_Config                       0x080030e9   Thumb Code   152  main.o(i.SystemClock_Config)
    SystemInit                               0x08003189   Thumb Code    66  system_stm32f4xx.o(i.SystemInit)
    UsageFault_Handler                       0x08003585   Thumb Code     2  stm32f4xx_it.o(i.UsageFault_Handler)
    __0printf$8                              0x08003589   Thumb Code    22  printf8.o(i.__0printf$8)
    __1printf$8                              0x08003589   Thumb Code     0  printf8.o(i.__0printf$8)
    __2printf                                0x08003589   Thumb Code     0  printf8.o(i.__0printf$8)
    __scatterload_copy                       0x080035a9   Thumb Code    14  handlers.o(i.__scatterload_copy)
    __scatterload_null                       0x080035b7   Thumb Code     2  handlers.o(i.__scatterload_null)
    __scatterload_zeroinit                   0x080035b9   Thumb Code    14  handlers.o(i.__scatterload_zeroinit)
    assert_failed                            0x08003a2b   Thumb Code     2  main.o(i.assert_failed)
    fal_flash_device_find                    0x08003a8d   Thumb Code    22  fal_flash.o(i.fal_flash_device_find)
    fal_flash_init                           0x08003aa9   Thumb Code    28  fal_flash.o(i.fal_flash_init)
    fal_init                                 0x08003acd   Thumb Code    58  fal.o(i.fal_init)
    fal_partition_init                       0x08003bc5   Thumb Code   136  fal_partition.o(i.fal_partition_init)
    fputc                                    0x08003cb9   Thumb Code    22  main.o(i.fputc)
    main                                     0x08003cd9   Thumb Code   110  main.o(i.main)
    AHBPrescTable                            0x08003e80   Data          16  system_stm32f4xx.o(.constdata)
    APBPrescTable                            0x08003e90   Data           8  system_stm32f4xx.o(.constdata)
    SD_Driver                                0x08003e98   Data          20  sd_diskio.o(.constdata)
    stm32f4_onchip_flash                     0x08003f0c   Data          52  fal_flash_stm32f4_port.o(.constdata)
    Region$$Table$$Base                      0x08004010   Number         0  anon$$obj.o(Region$$Table)
    Region$$Table$$Limit                     0x08004030   Number         0  anon$$obj.o(Region$$Table)
    uwTickFreq                               0x20000000   Data           1  stm32f4xx_hal.o(.data)
    uwTickPrio                               0x20000004   Data           4  stm32f4xx_hal.o(.data)
    uwTick                                   0x20000008   Data           4  stm32f4xx_hal.o(.data)
    SystemCoreClock                          0x2000000c   Data           4  system_stm32f4xx.o(.data)
    retSD                                    0x2000001c   Data           1  fatfs.o(.data)
    SDPath                                   0x2000001d   Data           4  fatfs.o(.data)
    __stdout                                 0x20000030   Data           4  stdout.o(.data)
    disk                                     0x20000034   Data          12  ff_gen_drv.o(.bss)
    pFlash                                   0x20000040   Data          32  stm32f4xx_hal_flash.o(.bss)
    hsd                                      0x20000060   Data         132  main.o(.bss)
    hspi1                                    0x200000e4   Data          88  main.o(.bss)
    huart1                                   0x2000013c   Data          64  main.o(.bss)
    huart3                                   0x2000017c   Data          64  main.o(.bss)
    __initial_sp                             0x200005c0   Data           0  startup_stm32f407xx.o(STACK)



==============================================================================

Memory Map of the image

  Image Entry point : 0x08000189

  Load Region LR_IROM1 (Base: 0x08000000, Size: 0x00004064, Max: 0x00080000, ABSOLUTE)

    Execution Region ER_IROM1 (Exec base: 0x08000000, Load base: 0x08000000, Size: 0x00004030, Max: 0x00080000, ABSOLUTE)

    Exec Addr    Load Addr    Size         Type   Attr      Idx    E Section Name        Object

    0x08000000   0x08000000   0x00000188   Data   RO            3    RESET               startup_stm32f407xx.o
    0x08000188   0x08000188   0x00000000   Code   RO         3555  * .ARM.Collect$$$$00000000  mc_w.l(entry.o)
    0x08000188   0x08000188   0x00000004   Code   RO         3855    .ARM.Collect$$$$00000001  mc_w.l(entry2.o)
    0x0800018c   0x0800018c   0x00000004   Code   RO         3858    .ARM.Collect$$$$00000004  mc_w.l(entry5.o)
    0x08000190   0x08000190   0x00000000   Code   RO         3860    .ARM.Collect$$$$00000008  mc_w.l(entry7b.o)
    0x08000190   0x08000190   0x00000000   Code   RO         3862    .ARM.Collect$$$$0000000A  mc_w.l(entry8b.o)
    0x08000190   0x08000190   0x00000008   Code   RO         3863    .ARM.Collect$$$$0000000B  mc_w.l(entry9a.o)
    0x08000198   0x08000198   0x00000000   Code   RO         3865    .ARM.Collect$$$$0000000D  mc_w.l(entry10a.o)
    0x08000198   0x08000198   0x00000000   Code   RO         3867    .ARM.Collect$$$$0000000F  mc_w.l(entry11a.o)
    0x08000198   0x08000198   0x00000004   Code   RO         3856    .ARM.Collect$$$$00002712  mc_w.l(entry2.o)
    0x0800019c   0x0800019c   0x00000024   Code   RO            4    .text               startup_stm32f407xx.o
    0x080001c0   0x080001c0   0x00000062   Code   RO         3558    .text               mc_w.l(uldiv.o)
    0x08000222   0x08000222   0x0000001e   Code   RO         3564    .text               mc_w.l(strncmp.o)
    0x08000240   0x08000240   0x0000001e   Code   RO         3872    .text               mc_w.l(llshl.o)
    0x0800025e   0x0800025e   0x00000020   Code   RO         3874    .text               mc_w.l(llushr.o)
    0x0800027e   0x0800027e   0x00000002   PAD
    0x08000280   0x08000280   0x00000024   Code   RO         3893    .text               mc_w.l(init.o)
    0x080002a4   0x080002a4   0x0000000c   Code   RO         3303    i.BSP_SD_GetCardInfo  bsp_driver_sd.o
    0x080002b0   0x080002b0   0x00000018   Code   RO         3304    i.BSP_SD_GetCardState  bsp_driver_sd.o
    0x080002c8   0x080002c8   0x00000034   Code   RO         3307    i.BSP_SD_Init       bsp_driver_sd.o
    0x080002fc   0x080002fc   0x0000001c   Code   RO         3310    i.BSP_SD_ReadBlocks_DMA  bsp_driver_sd.o
    0x08000318   0x08000318   0x0000001c   Code   RO         3312    i.BSP_SD_WriteBlocks_DMA  bsp_driver_sd.o
    0x08000334   0x08000334   0x00000002   Code   RO         2943    i.BusFault_Handler  stm32f4xx_it.o
    0x08000336   0x08000336   0x00000028   Code   RO          785    i.DMA_SetConfig     stm32f4xx_hal_dma.o
    0x0800035e   0x0800035e   0x00000002   Code   RO         2944    i.DebugMon_Handler  stm32f4xx_it.o
    0x08000360   0x08000360   0x00000006   Code   RO           14    i.FATFS_LinkDriver  ff_gen_drv.o
    0x08000366   0x08000366   0x00000002   PAD
    0x08000368   0x08000368   0x00000040   Code   RO           15    i.FATFS_LinkDriverEx  ff_gen_drv.o
    0x080003a8   0x080003a8   0x000000dc   Code   RO          889    i.FLASH_Erase_Sector  stm32f4xx_hal_flash_ex.o
    0x08000484   0x08000484   0x00000084   Code   RO          665    i.FLASH_Program_Byte  stm32f4xx_hal_flash.o
    0x08000508   0x08000508   0x0000008c   Code   RO          666    i.FLASH_Program_DoubleWord  stm32f4xx_hal_flash.o
    0x08000594   0x08000594   0x00000088   Code   RO          667    i.FLASH_Program_HalfWord  stm32f4xx_hal_flash.o
    0x0800061c   0x0800061c   0x00000088   Code   RO          668    i.FLASH_Program_Word  stm32f4xx_hal_flash.o
    0x080006a4   0x080006a4   0x00000068   Code   RO          669    i.FLASH_SetErrorCode  stm32f4xx_hal_flash.o
    0x0800070c   0x0800070c   0x00000050   Code   RO          670    i.FLASH_WaitForLastOperation  stm32f4xx_hal_flash.o
    0x0800075c   0x0800075c   0x000000d0   Code   RO          796    i.HAL_DMA_Start_IT  stm32f4xx_hal_dma.o
    0x0800082c   0x0800082c   0x00000024   Code   RO         1328    i.HAL_Delay         stm32f4xx_hal.o
    0x08000850   0x08000850   0x00000014   Code   RO          674    i.HAL_FLASH_Lock    stm32f4xx_hal_flash.o
    0x08000864   0x08000864   0x000000d0   Code   RO          679    i.HAL_FLASH_Program  stm32f4xx_hal_flash.o
    0x08000934   0x08000934   0x0000002c   Code   RO          681    i.HAL_FLASH_Unlock  stm32f4xx_hal_flash.o
    0x08000960   0x08000960   0x0000030c   Code   RO          967    i.HAL_GPIO_Init     stm32f4xx_hal_gpio.o
    0x08000c6c   0x08000c6c   0x0000006c   Code   RO          971    i.HAL_GPIO_WritePin  stm32f4xx_hal_gpio.o
    0x08000cd8   0x08000cd8   0x0000000c   Code   RO         1334    i.HAL_GetTick       stm32f4xx_hal.o
    0x08000ce4   0x08000ce4   0x00000010   Code   RO         1338    i.HAL_IncTick       stm32f4xx_hal.o
    0x08000cf4   0x08000cf4   0x00000034   Code   RO         1339    i.HAL_Init          stm32f4xx_hal.o
    0x08000d28   0x08000d28   0x00000040   Code   RO         1340    i.HAL_InitTick      stm32f4xx_hal.o
    0x08000d68   0x08000d68   0x00000058   Code   RO         3200    i.HAL_MspInit       stm32f4xx_hal_msp.o
    0x08000dc0   0x08000dc0   0x000000a0   Code   RO         1179    i.HAL_NVIC_SetPriority  stm32f4xx_hal_cortex.o
    0x08000e60   0x08000e60   0x00000080   Code   RO         1180    i.HAL_NVIC_SetPriorityGrouping  stm32f4xx_hal_cortex.o
    0x08000ee0   0x08000ee0   0x00000248   Code   RO         1851    i.HAL_RCC_ClockConfig  stm32f4xx_hal_rcc.o
    0x08001128   0x08001128   0x0000000c   Code   RO         1856    i.HAL_RCC_GetHCLKFreq  stm32f4xx_hal_rcc.o
    0x08001134   0x08001134   0x00000020   Code   RO         1858    i.HAL_RCC_GetPCLK1Freq  stm32f4xx_hal_rcc.o
    0x08001154   0x08001154   0x00000020   Code   RO         1859    i.HAL_RCC_GetPCLK2Freq  stm32f4xx_hal_rcc.o
    0x08001174   0x08001174   0x00000060   Code   RO         1860    i.HAL_RCC_GetSysClockFreq  stm32f4xx_hal_rcc.o
    0x080011d4   0x080011d4   0x0000045e   Code   RO         1863    i.HAL_RCC_OscConfig  stm32f4xx_hal_rcc.o
    0x08001632   0x08001632   0x00000002   PAD
    0x08001634   0x08001634   0x000000c8   Code   RO         2673    i.HAL_SD_ConfigWideBusOperation  stm32f4xx_hal_sd.o
    0x080016fc   0x080016fc   0x00000002   Code   RO         2676    i.HAL_SD_ErrorCallback  stm32f4xx_hal_sd.o
    0x080016fe   0x080016fe   0x000001da   Code   RO         2678    i.HAL_SD_GetCardCSD  stm32f4xx_hal_sd.o
    0x080018d8   0x080018d8   0x00000024   Code   RO         2679    i.HAL_SD_GetCardInfo  stm32f4xx_hal_sd.o
    0x080018fc   0x080018fc   0x0000002c   Code   RO         2680    i.HAL_SD_GetCardState  stm32f4xx_hal_sd.o
    0x08001928   0x08001928   0x00000100   Code   RO         2685    i.HAL_SD_Init       stm32f4xx_hal_sd.o
    0x08001a28   0x08001a28   0x00000054   Code   RO         2686    i.HAL_SD_InitCard   stm32f4xx_hal_sd.o
    0x08001a7c   0x08001a7c   0x00000064   Code   RO         3202    i.HAL_SD_MspInit    stm32f4xx_hal_msp.o
    0x08001ae0   0x08001ae0   0x000000f4   Code   RO         2690    i.HAL_SD_ReadBlocks_DMA  stm32f4xx_hal_sd.o
    0x08001bd4   0x08001bd4   0x00000002   Code   RO         2692    i.HAL_SD_RxCpltCallback  stm32f4xx_hal_sd.o
    0x08001bd6   0x08001bd6   0x00000002   PAD
    0x08001bd8   0x08001bd8   0x000000f4   Code   RO         2695    i.HAL_SD_WriteBlocks_DMA  stm32f4xx_hal_sd.o
    0x08001ccc   0x08001ccc   0x000001b4   Code   RO         1544    i.HAL_SPI_Init      stm32f4xx_hal_spi.o
    0x08001e80   0x08001e80   0x0000004c   Code   RO         3204    i.HAL_SPI_MspInit   stm32f4xx_hal_msp.o
    0x08001ecc   0x08001ecc   0x00000064   Code   RO         1182    i.HAL_SYSTICK_CLKSourceConfig  stm32f4xx_hal_cortex.o
    0x08001f30   0x08001f30   0x00000002   Code   RO         1183    i.HAL_SYSTICK_Callback  stm32f4xx_hal_cortex.o
    0x08001f32   0x08001f32   0x00000028   Code   RO         1184    i.HAL_SYSTICK_Config  stm32f4xx_hal_cortex.o
    0x08001f5a   0x08001f5a   0x00000008   Code   RO         1185    i.HAL_SYSTICK_IRQHandler  stm32f4xx_hal_cortex.o
    0x08001f62   0x08001f62   0x00000002   PAD
    0x08001f64   0x08001f64   0x00000148   Code   RO         2315    i.HAL_UART_Init     stm32f4xx_hal_uart.o
    0x080020ac   0x080020ac   0x00000074   Code   RO         3206    i.HAL_UART_MspInit  stm32f4xx_hal_msp.o
    0x08002120   0x08002120   0x000000ba   Code   RO         2323    i.HAL_UART_Transmit  stm32f4xx_hal_uart.o
    0x080021da   0x080021da   0x00000002   Code   RO         2945    i.HardFault_Handler  stm32f4xx_it.o
    0x080021dc   0x080021dc   0x0000001c   Code   RO         3260    i.MX_FATFS_Init     fatfs.o
    0x080021f8   0x080021f8   0x00000084   Code   RO         3090    i.MX_GPIO_Init      main.o
    0x0800227c   0x0800227c   0x00000040   Code   RO         3091    i.MX_SPI1_Init      main.o
    0x080022bc   0x080022bc   0x00000002   Code   RO         2946    i.MemManage_Handler  stm32f4xx_it.o
    0x080022be   0x080022be   0x00000002   Code   RO         2947    i.NMI_Handler       stm32f4xx_it.o
    0x080022c0   0x080022c0   0x00000020   Code   RO         1186    i.NVIC_SetPriority  stm32f4xx_hal_cortex.o
    0x080022e0   0x080022e0   0x00000002   Code   RO         2948    i.PendSV_Handler    stm32f4xx_it.o
    0x080022e2   0x080022e2   0x00000002   PAD
    0x080022e4   0x080022e4   0x000000f4   Code   RO         1952    i.SDIO_ConfigData   stm32f4xx_ll_sdmmc.o
    0x080023d8   0x080023d8   0x00000008   Code   RO         1956    i.SDIO_GetPowerState  stm32f4xx_ll_sdmmc.o
    0x080023e0   0x080023e0   0x0000006c   Code   RO         1957    i.SDIO_GetResponse  stm32f4xx_ll_sdmmc.o
    0x0800244c   0x0800244c   0x000000ec   Code   RO         1958    i.SDIO_Init         stm32f4xx_ll_sdmmc.o
    0x08002538   0x08002538   0x00000008   Code   RO         1960    i.SDIO_PowerState_ON  stm32f4xx_ll_sdmmc.o
    0x08002540   0x08002540   0x00000006   Code   RO         1961    i.SDIO_ReadFIFO     stm32f4xx_ll_sdmmc.o
    0x08002546   0x08002546   0x00000002   PAD
    0x08002548   0x08002548   0x000000b8   Code   RO         1962    i.SDIO_SendCommand  stm32f4xx_ll_sdmmc.o
    0x08002600   0x08002600   0x00000032   Code   RO         1965    i.SDMMC_CmdAppCommand  stm32f4xx_ll_sdmmc.o
    0x08002632   0x08002632   0x00000002   PAD
    0x08002634   0x08002634   0x00000034   Code   RO         1966    i.SDMMC_CmdAppOperCommand  stm32f4xx_ll_sdmmc.o
    0x08002668   0x08002668   0x00000032   Code   RO         1967    i.SDMMC_CmdBlockLength  stm32f4xx_ll_sdmmc.o
    0x0800269a   0x0800269a   0x00000032   Code   RO         1968    i.SDMMC_CmdBusWidth  stm32f4xx_ll_sdmmc.o
    0x080026cc   0x080026cc   0x00000050   Code   RO         1972    i.SDMMC_CmdGoIdleState  stm32f4xx_ll_sdmmc.o
    0x0800271c   0x0800271c   0x00000068   Code   RO         1974    i.SDMMC_CmdOperCond  stm32f4xx_ll_sdmmc.o
    0x08002784   0x08002784   0x00000032   Code   RO         1975    i.SDMMC_CmdReadMultiBlock  stm32f4xx_ll_sdmmc.o
    0x080027b6   0x080027b6   0x00000032   Code   RO         1976    i.SDMMC_CmdReadSingleBlock  stm32f4xx_ll_sdmmc.o
    0x080027e8   0x080027e8   0x00000032   Code   RO         1979    i.SDMMC_CmdSelDesel  stm32f4xx_ll_sdmmc.o
    0x0800281a   0x0800281a   0x0000002c   Code   RO         1980    i.SDMMC_CmdSendCID  stm32f4xx_ll_sdmmc.o
    0x08002846   0x08002846   0x0000002c   Code   RO         1981    i.SDMMC_CmdSendCSD  stm32f4xx_ll_sdmmc.o
    0x08002872   0x08002872   0x00000030   Code   RO         1982    i.SDMMC_CmdSendSCR  stm32f4xx_ll_sdmmc.o
    0x080028a2   0x080028a2   0x00000032   Code   RO         1983    i.SDMMC_CmdSendStatus  stm32f4xx_ll_sdmmc.o
    0x080028d4   0x080028d4   0x00000030   Code   RO         1984    i.SDMMC_CmdSetRelAdd  stm32f4xx_ll_sdmmc.o
    0x08002904   0x08002904   0x00000034   Code   RO         1986    i.SDMMC_CmdStopTransfer  stm32f4xx_ll_sdmmc.o
    0x08002938   0x08002938   0x00000032   Code   RO         1988    i.SDMMC_CmdWriteMultiBlock  stm32f4xx_ll_sdmmc.o
    0x0800296a   0x0800296a   0x00000032   Code   RO         1989    i.SDMMC_CmdWriteSingleBlock  stm32f4xx_ll_sdmmc.o
    0x0800299c   0x0800299c   0x0000011c   Code   RO         1990    i.SDMMC_GetCmdResp1  stm32f4xx_ll_sdmmc.o
    0x08002ab8   0x08002ab8   0x00000050   Code   RO         1991    i.SDMMC_GetCmdResp2  stm32f4xx_ll_sdmmc.o
    0x08002b08   0x08002b08   0x00000040   Code   RO         1992    i.SDMMC_GetCmdResp3  stm32f4xx_ll_sdmmc.o
    0x08002b48   0x08002b48   0x00000088   Code   RO         1993    i.SDMMC_GetCmdResp6  stm32f4xx_ll_sdmmc.o
    0x08002bd0   0x08002bd0   0x00000020   Code   RO         3020    i.SD_CheckStatus    sd_diskio.o
    0x08002bf0   0x08002bf0   0x00000056   Code   RO         2697    i.SD_DMAError       stm32f4xx_hal_sd.o
    0x08002c46   0x08002c46   0x0000003e   Code   RO         2698    i.SD_DMAReceiveCplt  stm32f4xx_hal_sd.o
    0x08002c84   0x08002c84   0x0000000e   Code   RO         2700    i.SD_DMATransmitCplt  stm32f4xx_hal_sd.o
    0x08002c92   0x08002c92   0x000000d4   Code   RO         2702    i.SD_FindSCR        stm32f4xx_hal_sd.o
    0x08002d66   0x08002d66   0x000000e6   Code   RO         2703    i.SD_InitCard       stm32f4xx_hal_sd.o
    0x08002e4c   0x08002e4c   0x000000a2   Code   RO         2704    i.SD_PowerON        stm32f4xx_hal_sd.o
    0x08002eee   0x08002eee   0x0000004e   Code   RO         2706    i.SD_WideBus_Disable  stm32f4xx_hal_sd.o
    0x08002f3c   0x08002f3c   0x0000004e   Code   RO         2707    i.SD_WideBus_Enable  stm32f4xx_hal_sd.o
    0x08002f8a   0x08002f8a   0x00000002   PAD
    0x08002f8c   0x08002f8c   0x00000020   Code   RO         3021    i.SD_initialize     sd_diskio.o
    0x08002fac   0x08002fac   0x00000050   Code   RO         3022    i.SD_ioctl          sd_diskio.o
    0x08002ffc   0x08002ffc   0x0000006c   Code   RO         3023    i.SD_read           sd_diskio.o
    0x08003068   0x08003068   0x00000004   Code   RO         3024    i.SD_status         sd_diskio.o
    0x0800306c   0x0800306c   0x0000006c   Code   RO         3025    i.SD_write          sd_diskio.o
    0x080030d8   0x080030d8   0x00000002   Code   RO         2949    i.SVC_Handler       stm32f4xx_it.o
    0x080030da   0x080030da   0x0000000e   Code   RO         2950    i.SysTick_Handler   stm32f4xx_it.o
    0x080030e8   0x080030e8   0x000000a0   Code   RO         3093    i.SystemClock_Config  main.o
    0x08003188   0x08003188   0x00000054   Code   RO         2906    i.SystemInit        system_stm32f4xx.o
    0x080031dc   0x080031dc   0x00000344   Code   RO         2341    i.UART_SetConfig    stm32f4xx_hal_uart.o
    0x08003520   0x08003520   0x00000064   Code   RO         2343    i.UART_WaitOnFlagUntilTimeout  stm32f4xx_hal_uart.o
    0x08003584   0x08003584   0x00000002   Code   RO         2951    i.UsageFault_Handler  stm32f4xx_it.o
    0x08003586   0x08003586   0x00000002   PAD
    0x08003588   0x08003588   0x00000020   Code   RO         3773    i.__0printf$8       mc_w.l(printf8.o)
    0x080035a8   0x080035a8   0x0000000e   Code   RO         3901    i.__scatterload_copy  mc_w.l(handlers.o)
    0x080035b6   0x080035b6   0x00000002   Code   RO         3902    i.__scatterload_null  mc_w.l(handlers.o)
    0x080035b8   0x080035b8   0x0000000e   Code   RO         3903    i.__scatterload_zeroinit  mc_w.l(handlers.o)
    0x080035c6   0x080035c6   0x00000002   PAD
    0x080035c8   0x080035c8   0x00000410   Code   RO         3780    i._printf_core      mc_w.l(printf8.o)
    0x080039d8   0x080039d8   0x00000024   Code   RO         3781    i._printf_post_padding  mc_w.l(printf8.o)
    0x080039fc   0x080039fc   0x0000002e   Code   RO         3782    i._printf_pre_padding  mc_w.l(printf8.o)
    0x08003a2a   0x08003a2a   0x00000002   Code   RO         3095    i.assert_failed     main.o
    0x08003a2c   0x08003a2c   0x00000060   Code   RO         3508    i.erase             fal_flash_stm32f4_port.o
    0x08003a8c   0x08003a8c   0x0000001c   Code   RO         3416    i.fal_flash_device_find  fal_flash.o
    0x08003aa8   0x08003aa8   0x00000024   Code   RO         3417    i.fal_flash_init    fal_flash.o
    0x08003acc   0x08003acc   0x000000f8   Code   RO         3403    i.fal_init          fal.o
    0x08003bc4   0x08003bc4   0x000000f4   Code   RO         3444    i.fal_partition_init  fal_partition.o
    0x08003cb8   0x08003cb8   0x0000001c   Code   RO         3097    i.fputc             main.o
    0x08003cd4   0x08003cd4   0x00000004   Code   RO         3509    i.init              fal_flash_stm32f4_port.o
    0x08003cd8   0x08003cd8   0x00000084   Code   RO         3098    i.main              main.o
    0x08003d5c   0x08003d5c   0x0000001a   Code   RO         3510    i.read              fal_flash_stm32f4_port.o
    0x08003d76   0x08003d76   0x00000002   PAD
    0x08003d78   0x08003d78   0x000000bc   Code   RO         3511    i.stm32_get_sector  fal_flash_stm32f4_port.o
    0x08003e34   0x08003e34   0x0000004c   Code   RO         3512    i.write             fal_flash_stm32f4_port.o
    0x08003e80   0x08003e80   0x00000010   Data   RO         2907    .constdata          system_stm32f4xx.o
    0x08003e90   0x08003e90   0x00000008   Data   RO         2908    .constdata          system_stm32f4xx.o
    0x08003e98   0x08003e98   0x00000014   Data   RO         3026    .constdata          sd_diskio.o
    0x08003eac   0x08003eac   0x00000009   Data   RO         3404    .constdata          fal.o
    0x08003eb5   0x08003eb5   0x00000003   PAD
    0x08003eb8   0x08003eb8   0x00000004   Data   RO         3418    .constdata          fal_flash.o
    0x08003ebc   0x08003ebc   0x0000004e   Data   RO         3449    .constdata          fal_partition.o
    0x08003f0a   0x08003f0a   0x00000002   PAD
    0x08003f0c   0x08003f0c   0x00000034   Data   RO         3513    .constdata          fal_flash_stm32f4_port.o
    0x08003f40   0x08003f40   0x0000004e   Data   RO         3450    .conststring        fal_partition.o
    0x08003f8e   0x08003f8e   0x00000002   PAD
    0x08003f90   0x08003f90   0x00000080   Data   RO         3452    FalPartTable        fal_partition.o
    0x08004010   0x08004010   0x00000020   Data   RO         3899    Region$$Table       anon$$obj.o


    Execution Region RW_IRAM1 (Exec base: 0x20000000, Load base: 0x08004030, Size: 0x000005c0, Max: 0x00020000, ABSOLUTE)

    Exec Addr    Load Addr    Size         Type   Attr      Idx    E Section Name        Object

    0x20000000   0x08004030   0x0000000c   Data   RW         1346    .data               stm32f4xx_hal.o
    0x2000000c   0x0800403c   0x00000004   Data   RW         2909    .data               system_stm32f4xx.o
    0x20000010   0x08004040   0x0000000c   Data   RW         3027    .data               sd_diskio.o
    0x2000001c   0x0800404c   0x00000005   Data   RW         3264    .data               fatfs.o
    0x20000021   0x08004051   0x00000001   Data   RW         3419    .data               fal_flash.o
    0x20000022   0x08004052   0x00000002   PAD
    0x20000024   0x08004054   0x0000000c   Data   RW         3451    .data               fal_partition.o
    0x20000030   0x08004060   0x00000004   Data   RW         3869    .data               mc_w.l(stdout.o)
    0x20000034        -       0x0000000c   Zero   RW           18    .bss                ff_gen_drv.o
    0x20000040        -       0x00000020   Zero   RW          682    .bss                stm32f4xx_hal_flash.o
    0x20000060        -       0x0000015c   Zero   RW         3099    .bss                main.o
    0x200001bc   0x08004064   0x00000004   PAD
    0x200001c0        -       0x00000400   Zero   RW            1    STACK               startup_stm32f407xx.o


==============================================================================

Image component sizes


      Code (inc. data)   RO Data    RW Data    ZI Data      Debug   Object Name

       144         20          0          0          0       3462   bsp_driver_sd.o
       248        190          9          0          0        575   fal.o
        64         14          4          1          0       1781   fal_flash.o
       390         56         52          0          0       4919   fal_flash_stm32f4_port.o
       244        108        284         12          0       4154   fal_partition.o
        28         10          0          5          0       1006   fatfs.o
        70          6          0          0         12     690723   ff_gen_drv.o
       518         56          0          0        348      11494   main.o
       364         26         20         12          0       4596   sd_diskio.o
        36          8        392          0       1024        832   startup_stm32f407xx.o
       180         28          0         12          0       4561   stm32f4xx_hal.o
       470        196          0          0          0      31592   stm32f4xx_hal_cortex.o
       248         56          0          0          0       2347   stm32f4xx_hal_dma.o
      1000        384          0          0         32       6422   stm32f4xx_hal_flash.o
       220         68          0          0          0        849   stm32f4xx_hal_flash_ex.o
       888        196          0          0          0       2596   stm32f4xx_hal_gpio.o
       380         50          0          0          0       2900   stm32f4xx_hal_msp.o
      1874        194          0          0          0       5804   stm32f4xx_hal_rcc.o
      2508        148          0          0          0      15059   stm32f4xx_hal_sd.o
       436         68          0          0          0       1291   stm32f4xx_hal_spi.o
      1450        158          0          0          0       4224   stm32f4xx_hal_uart.o
        30          0          0          0          0       4110   stm32f4xx_it.o
      2280        292          0          0          0      22366   stm32f4xx_ll_sdmmc.o
        84         18         24          4          0       1155   system_stm32f4xx.o

    ----------------------------------------------------------------------
     14174       2350        824         48       1420     828818   Object Totals
         0          0         32          0          0          0   (incl. Generated)
        20          0          7          2          4          0   (incl. Padding)

    ----------------------------------------------------------------------

      Code (inc. data)   RO Data    RW Data    ZI Data      Debug   Library Member Name

         0          0          0          0          0          0   entry.o
         0          0          0          0          0          0   entry10a.o
         0          0          0          0          0          0   entry11a.o
         8          4          0          0          0          0   entry2.o
         4          0          0          0          0          0   entry5.o
         0          0          0          0          0          0   entry7b.o
         0          0          0          0          0          0   entry8b.o
         8          4          0          0          0          0   entry9a.o
        30          0          0          0          0          0   handlers.o
        36          8          0          0          0         68   init.o
        30          0          0          0          0         68   llshl.o
        32          0          0          0          0         68   llushr.o
      1154         54          0          0          0        352   printf8.o
         0          0          0          4          0          0   stdout.o
        30          0          0          0          0         80   strncmp.o
        98          0          0          0          0         92   uldiv.o

    ----------------------------------------------------------------------
      1434         70          0          4          0        728   Library Totals
         4          0          0          0          0          0   (incl. Padding)

    ----------------------------------------------------------------------

      Code (inc. data)   RO Data    RW Data    ZI Data      Debug   Library Name

      1430         70          0          4          0        728   mc_w.l

    ----------------------------------------------------------------------
      1434         70          0          4          0        728   Library Totals

    ----------------------------------------------------------------------

==============================================================================


      Code (inc. data)   RO Data    RW Data    ZI Data      Debug   

     15608       2420        824         52       1420     817538   Grand Totals
     15608       2420        824         52       1420     817538   ELF Image Totals
     15608       2420        824         52          0          0   ROM Totals

==============================================================================

    Total RO  Size (Code + RO Data)                16432 (  16.05kB)
    Total RW  Size (RW Data + ZI Data)              1472 (   1.44kB)
    Total ROM Size (Code + RO Data + RW Data)      16484 (  16.10kB)

==============================================================================

