Component: ARM Compiler 5.06 update 6 (build 750) Tool: armlink [4d35ed]

==============================================================================

Section Cross References

    startup_stm32f407xx.o(RESET) refers to startup_stm32f407xx.o(STACK) for __initial_sp
    startup_stm32f407xx.o(RESET) refers to startup_stm32f407xx.o(.text) for Reset_Handler
    startup_stm32f407xx.o(RESET) refers to stm32f4xx_it.o(i.NMI_Handler) for NMI_Handler
    startup_stm32f407xx.o(RESET) refers to stm32f4xx_it.o(i.HardFault_Handler) for HardFault_Handler
    startup_stm32f407xx.o(RESET) refers to stm32f4xx_it.o(i.MemManage_Handler) for MemManage_Handler
    startup_stm32f407xx.o(RESET) refers to stm32f4xx_it.o(i.BusFault_Handler) for BusFault_Handler
    startup_stm32f407xx.o(RESET) refers to stm32f4xx_it.o(i.UsageFault_Handler) for UsageFault_Handler
    startup_stm32f407xx.o(RESET) refers to stm32f4xx_it.o(i.SVC_Handler) for SVC_Handler
    startup_stm32f407xx.o(RESET) refers to stm32f4xx_it.o(i.DebugMon_Handler) for DebugMon_Handler
    startup_stm32f407xx.o(RESET) refers to stm32f4xx_it.o(i.PendSV_Handler) for PendSV_Handler
    startup_stm32f407xx.o(RESET) refers to stm32f4xx_it.o(i.SysTick_Handler) for SysTick_Handler
    startup_stm32f407xx.o(.text) refers to system_stm32f4xx.o(i.SystemInit) for SystemInit
    startup_stm32f407xx.o(.text) refers to entry.o(.ARM.Collect$$$$00000000) for __main
    ff_gen_drv.o(i.FATFS_GetAttachedDriversNbr) refers to ff_gen_drv.o(.bss) for .bss
    ff_gen_drv.o(i.FATFS_LinkDriver) refers to ff_gen_drv.o(i.FATFS_LinkDriverEx) for FATFS_LinkDriverEx
    ff_gen_drv.o(i.FATFS_LinkDriverEx) refers to ff_gen_drv.o(.bss) for .bss
    ff_gen_drv.o(i.FATFS_UnLinkDriver) refers to ff_gen_drv.o(i.FATFS_UnLinkDriverEx) for FATFS_UnLinkDriverEx
    ff_gen_drv.o(i.FATFS_UnLinkDriverEx) refers to ff_gen_drv.o(.bss) for .bss
    diskio.o(i.disk_initialize) refers to ff_gen_drv.o(.bss) for disk
    diskio.o(i.disk_ioctl) refers to ff_gen_drv.o(.bss) for disk
    diskio.o(i.disk_read) refers to ff_gen_drv.o(.bss) for disk
    diskio.o(i.disk_status) refers to ff_gen_drv.o(.bss) for disk
    diskio.o(i.disk_write) refers to ff_gen_drv.o(.bss) for disk
    ff.o(i.check_fs) refers to ff.o(i.move_window) for move_window
    ff.o(i.check_fs) refers to ff.o(i.ld_word) for ld_word
    ff.o(i.check_fs) refers to ff.o(i.ld_dword) for ld_dword
    ff.o(i.chk_lock) refers to ff.o(.bss) for .bss
    ff.o(i.clear_lock) refers to ff.o(.bss) for .bss
    ff.o(i.cmp_lfn) refers to ff.o(i.ld_word) for ld_word
    ff.o(i.cmp_lfn) refers to ccsbcs.o(i.ff_wtoupper) for ff_wtoupper
    ff.o(i.cmp_lfn) refers to ff.o(.constdata) for .constdata
    ff.o(i.create_chain) refers to ff.o(i.get_fat) for get_fat
    ff.o(i.create_chain) refers to ff.o(i.put_fat) for put_fat
    ff.o(i.create_name) refers to ccsbcs.o(i.ff_convert) for ff_convert
    ff.o(i.create_name) refers to ff.o(i.chk_chr) for chk_chr
    ff.o(i.create_name) refers to ff.o(i.mem_set) for mem_set
    ff.o(i.create_name) refers to ff.o(.constdata) for .constdata
    ff.o(i.dec_lock) refers to ff.o(.bss) for .bss
    ff.o(i.dir_find) refers to ff.o(i.dir_sdi) for dir_sdi
    ff.o(i.dir_find) refers to ff.o(i.move_window) for move_window
    ff.o(i.dir_find) refers to ff.o(i.cmp_lfn) for cmp_lfn
    ff.o(i.dir_find) refers to ff.o(i.sum_sfn) for sum_sfn
    ff.o(i.dir_find) refers to ff.o(i.dir_next) for dir_next
    ff.o(i.dir_next) refers to ff.o(i.get_fat) for get_fat
    ff.o(i.dir_next) refers to ff.o(i.create_chain) for create_chain
    ff.o(i.dir_next) refers to ff.o(i.sync_window) for sync_window
    ff.o(i.dir_next) refers to ff.o(i.mem_set) for mem_set
    ff.o(i.dir_next) refers to ff.o(i.clust2sect) for clust2sect
    ff.o(i.dir_read) refers to ff.o(i.move_window) for move_window
    ff.o(i.dir_read) refers to ff.o(i.pick_lfn) for pick_lfn
    ff.o(i.dir_read) refers to ff.o(i.dir_next) for dir_next
    ff.o(i.dir_read) refers to ff.o(i.sum_sfn) for sum_sfn
    ff.o(i.dir_register) refers to ff.o(i.mem_cpy) for mem_cpy
    ff.o(i.dir_register) refers to ff.o(i.gen_numname) for gen_numname
    ff.o(i.dir_register) refers to ff.o(i.dir_find) for dir_find
    ff.o(i.dir_register) refers to ff.o(i.dir_sdi) for dir_sdi
    ff.o(i.dir_register) refers to ff.o(i.move_window) for move_window
    ff.o(i.dir_register) refers to ff.o(i.dir_next) for dir_next
    ff.o(i.dir_register) refers to ff.o(i.sum_sfn) for sum_sfn
    ff.o(i.dir_register) refers to ff.o(i.st_word) for st_word
    ff.o(i.dir_register) refers to ff.o(i.mem_set) for mem_set
    ff.o(i.dir_register) refers to ff.o(.constdata) for .constdata
    ff.o(i.dir_remove) refers to ff.o(i.dir_sdi) for dir_sdi
    ff.o(i.dir_remove) refers to ff.o(i.move_window) for move_window
    ff.o(i.dir_remove) refers to ff.o(i.dir_next) for dir_next
    ff.o(i.dir_sdi) refers to ff.o(i.get_fat) for get_fat
    ff.o(i.dir_sdi) refers to ff.o(i.clust2sect) for clust2sect
[...]
    ReceivePacket                            0x08002a95   Thumb Code   184  ymodem.o(i.ReceivePacket)
    i.SDIO_ConfigData                        0x08002b54   Section        0  stm32f4xx_ll_sdmmc.o(i.SDIO_ConfigData)
    i.SDIO_GetPowerState                     0x08002c48   Section        0  stm32f4xx_ll_sdmmc.o(i.SDIO_GetPowerState)
    i.SDIO_GetResponse                       0x08002c50   Section        0  stm32f4xx_ll_sdmmc.o(i.SDIO_GetResponse)
    i.SDIO_Init                              0x08002cbc   Section        0  stm32f4xx_ll_sdmmc.o(i.SDIO_Init)
    i.SDIO_PowerState_ON                     0x08002da8   Section        0  stm32f4xx_ll_sdmmc.o(i.SDIO_PowerState_ON)
    i.SDIO_ReadFIFO                          0x08002db0   Section        0  stm32f4xx_ll_sdmmc.o(i.SDIO_ReadFIFO)
    i.SDIO_SendCommand                       0x08002db8   Section        0  stm32f4xx_ll_sdmmc.o(i.SDIO_SendCommand)
    i.SDIO_WriteFIFO                         0x08002e70   Section        0  stm32f4xx_ll_sdmmc.o(i.SDIO_WriteFIFO)
    i.SDMMC_CmdAppCommand                    0x08002e7a   Section        0  stm32f4xx_ll_sdmmc.o(i.SDMMC_CmdAppCommand)
    i.SDMMC_CmdAppOperCommand                0x08002eac   Section        0  stm32f4xx_ll_sdmmc.o(i.SDMMC_CmdAppOperCommand)
    i.SDMMC_CmdBlockLength                   0x08002ee0   Section        0  stm32f4xx_ll_sdmmc.o(i.SDMMC_CmdBlockLength)
    i.SDMMC_CmdBusWidth                      0x08002f12   Section        0  stm32f4xx_ll_sdmmc.o(i.SDMMC_CmdBusWidth)
    i.SDMMC_CmdGoIdleState                   0x08002f44   Section        0  stm32f4xx_ll_sdmmc.o(i.SDMMC_CmdGoIdleState)
    i.SDMMC_CmdOperCond                      0x08002f94   Section        0  stm32f4xx_ll_sdmmc.o(i.SDMMC_CmdOperCond)
    i.SDMMC_CmdReadMultiBlock                0x08002ffc   Section        0  stm32f4xx_ll_sdmmc.o(i.SDMMC_CmdReadMultiBlock)
    i.SDMMC_CmdReadSingleBlock               0x0800302e   Section        0  stm32f4xx_ll_sdmmc.o(i.SDMMC_CmdReadSingleBlock)
    i.SDMMC_CmdSelDesel                      0x08003060   Section        0  stm32f4xx_ll_sdmmc.o(i.SDMMC_CmdSelDesel)
    i.SDMMC_CmdSendCID                       0x08003092   Section        0  stm32f4xx_ll_sdmmc.o(i.SDMMC_CmdSendCID)
    i.SDMMC_CmdSendCSD                       0x080030be   Section        0  stm32f4xx_ll_sdmmc.o(i.SDMMC_CmdSendCSD)
    i.SDMMC_CmdSendSCR                       0x080030ea   Section        0  stm32f4xx_ll_sdmmc.o(i.SDMMC_CmdSendSCR)
    i.SDMMC_CmdSendStatus                    0x0800311a   Section        0  stm32f4xx_ll_sdmmc.o(i.SDMMC_CmdSendStatus)
    i.SDMMC_CmdSetRelAdd                     0x0800314c   Section        0  stm32f4xx_ll_sdmmc.o(i.SDMMC_CmdSetRelAdd)
    i.SDMMC_CmdStopTransfer                  0x0800317c   Section        0  stm32f4xx_ll_sdmmc.o(i.SDMMC_CmdStopTransfer)
    i.SDMMC_CmdWriteMultiBlock               0x080031b0   Section        0  stm32f4xx_ll_sdmmc.o(i.SDMMC_CmdWriteMultiBlock)
    i.SDMMC_CmdWriteSingleBlock              0x080031e2   Section        0  stm32f4xx_ll_sdmmc.o(i.SDMMC_CmdWriteSingleBlock)
    i.SDMMC_GetCmdResp1                      0x08003214   Section        0  stm32f4xx_ll_sdmmc.o(i.SDMMC_GetCmdResp1)
    SDMMC_GetCmdResp1                        0x08003215   Thumb Code   276  stm32f4xx_ll_sdmmc.o(i.SDMMC_GetCmdResp1)
    i.SDMMC_GetCmdResp2                      0x08003330   Section        0  stm32f4xx_ll_sdmmc.o(i.SDMMC_GetCmdResp2)
    SDMMC_GetCmdResp2                        0x08003331   Thumb Code    74  stm32f4xx_ll_sdmmc.o(i.SDMMC_GetCmdResp2)
    i.SDMMC_GetCmdResp3                      0x08003380   Section        0  stm32f4xx_ll_sdmmc.o(i.SDMMC_GetCmdResp3)
    SDMMC_GetCmdResp3                        0x08003381   Thumb Code    60  stm32f4xx_ll_sdmmc.o(i.SDMMC_GetCmdResp3)
    i.SDMMC_GetCmdResp6                      0x080033c0   Section        0  stm32f4xx_ll_sdmmc.o(i.SDMMC_GetCmdResp6)
    SDMMC_GetCmdResp6                        0x080033c1   Thumb Code   130  stm32f4xx_ll_sdmmc.o(i.SDMMC_GetCmdResp6)
    i.SD_CheckStatus                         0x08003448   Section        0  sd_diskio.o(i.SD_CheckStatus)
    SD_CheckStatus                           0x08003449   Thumb Code    26  sd_diskio.o(i.SD_CheckStatus)
    i.SD_FindSCR                             0x08003468   Section        0  stm32f4xx_hal_sd.o(i.SD_FindSCR)
    SD_FindSCR                               0x08003469   Thumb Code   212  stm32f4xx_hal_sd.o(i.SD_FindSCR)
    i.SD_InitCard                            0x0800353c   Section        0  stm32f4xx_hal_sd.o(i.SD_InitCard)
    SD_InitCard                              0x0800353d   Thumb Code   230  stm32f4xx_hal_sd.o(i.SD_InitCard)
    i.SD_PowerON                             0x08003622   Section        0  stm32f4xx_hal_sd.o(i.SD_PowerON)
    SD_PowerON                               0x08003623   Thumb Code   162  stm32f4xx_hal_sd.o(i.SD_PowerON)
    i.SD_WideBus_Disable                     0x080036c4   Section        0  stm32f4xx_hal_sd.o(i.SD_WideBus_Disable)
    SD_WideBus_Disable                       0x080036c5   Thumb Code    78  stm32f4xx_hal_sd.o(i.SD_WideBus_Disable)
    i.SD_WideBus_Enable                      0x08003712   Section        0  stm32f4xx_hal_sd.o(i.SD_WideBus_Enable)
    SD_WideBus_Enable                        0x08003713   Thumb Code    78  stm32f4xx_hal_sd.o(i.SD_WideBus_Enable)
    i.SD_initialize                          0x08003760   Section        0  sd_diskio.o(i.SD_initialize)
    i.SD_ioctl                               0x08003780   Section        0  sd_diskio.o(i.SD_ioctl)
    i.SD_read                                0x080037d0   Section        0  sd_diskio.o(i.SD_read)
    i.SD_status                              0x080037f6   Section        0  sd_diskio.o(i.SD_status)
    i.SD_write                               0x080037fc   Section        0  sd_diskio.o(i.SD_write)
    i.SVC_Handler                            0x08003822   Section        0  stm32f4xx_it.o(i.SVC_Handler)
    i.Serial_PutByte                         0x08003824   Section        0  common.o(i.Serial_PutByte)
    i.Str2Int                                0x08003848   Section        0  common.o(i.Str2Int)
    i.SysTick_Handler                        0x08003900   Section        0  stm32f4xx_it.o(i.SysTick_Handler)
    i.SystemClock_Config                     0x08003910   Section        0  main.o(i.SystemClock_Config)
    i.SystemInit                             0x080039b0   Section        0  system_stm32f4xx.o(i.SystemInit)
    i.UART_SetConfig                         0x08003a04   Section        0  stm32f4xx_hal_uart.o(i.UART_SetConfig)
    UART_SetConfig                           0x08003a05   Thumb Code   762  stm32f4xx_hal_uart.o(i.UART_SetConfig)
    i.UART_WaitOnFlagUntilTimeout            0x08003d48   Section        0  stm32f4xx_hal_uart.o(i.UART_WaitOnFlagUntilTimeout)
    UART_WaitOnFlagUntilTimeout              0x08003d49   Thumb Code   100  stm32f4xx_hal_uart.o(i.UART_WaitOnFlagUntilTimeout)
    i.UsageFault_Handler                     0x08003dac   Section        0  stm32f4xx_it.o(i.UsageFault_Handler)
    i.Ymodem_Receive                         0x08003db0   Section        0  ymodem.o(i.Ymodem_Receive)
    i.__0printf                              0x08003f6c   Section        0  printfa.o(i.__0printf)
    i.__scatterload_copy                     0x08003f8c   Section       14  handlers.o(i.__scatterload_copy)
    i.__scatterload_null                     0x08003f9a   Section        2  handlers.o(i.__scatterload_null)
    i.__scatterload_zeroinit                 0x08003f9c   Section       14  handlers.o(i.__scatterload_zeroinit)
    i._fp_digits                             0x08003fac   Section        0  printfa.o(i._fp_digits)
    _fp_digits                               0x08003fad   Thumb Code   366  printfa.o(i._fp_digits)
    i._printf_core                           0x08004130   Section        0  printfa.o(i._printf_core)
    _printf_core                             0x08004131   Thumb Code  1744  printfa.o(i._printf_core)
    i._printf_post_padding                   0x0800480c   Section        0  printfa.o(i._printf_post_padding)
    _printf_post_padding                     0x0800480d   Thumb Code    36  printfa.o(i._printf_post_padding)
    i._printf_pre_padding                    0x08004830   Section        0  printfa.o(i._printf_pre_padding)
    _printf_pre_padding                      0x08004831   Thumb Code    46  printfa.o(i._printf_pre_padding)
    i.assert_failed                          0x0800485e   Section        0  main.o(i.assert_failed)
    i.check_fs                               0x08004860   Section        0  ff.o(i.check_fs)
    check_fs                                 0x08004861   Thumb Code   102  ff.o(i.check_fs)
    i.chk_chr                                0x080048d0   Section        0  ff.o(i.chk_chr)
    chk_chr                                  0x080048d1   Thumb Code    16  ff.o(i.chk_chr)
    i.chk_lock                               0x080048e0   Section        0  ff.o(i.chk_lock)
    chk_lock                                 0x080048e1   Thumb Code    86  ff.o(i.chk_lock)
    i.clear_lock                             0x0800493c   Section        0  ff.o(i.clear_lock)
    clear_lock                               0x0800493d   Thumb Code    28  ff.o(i.clear_lock)
    i.clmt_clust                             0x0800495c   Section        0  ff.o(i.clmt_clust)
    clmt_clust                               0x0800495d   Thumb Code    36  ff.o(i.clmt_clust)
    i.clust2sect                             0x08004980   Section        0  ff.o(i.clust2sect)
    clust2sect                               0x08004981   Thumb Code    24  ff.o(i.clust2sect)
    i.cmp_lfn                                0x08004998   Section        0  ff.o(i.cmp_lfn)
    cmp_lfn                                  0x08004999   Thumb Code   124  ff.o(i.cmp_lfn)
    i.create_chain                           0x08004a18   Section        0  ff.o(i.create_chain)
    create_chain                             0x08004a19   Thumb Code   164  ff.o(i.create_chain)
    i.create_name                            0x08004abc   Section        0  ff.o(i.create_name)
    create_name                              0x08004abd   Thumb Code   494  ff.o(i.create_name)
    i.dec_lock                               0x08004cc4   Section        0  ff.o(i.dec_lock)
    dec_lock                                 0x08004cc5   Thumb Code    48  ff.o(i.dec_lock)
    i.dir_find                               0x08004cf8   Section        0  ff.o(i.dir_find)
    dir_find                                 0x08004cf9   Thumb Code   208  ff.o(i.dir_find)
    i.dir_next                               0x08004dc8   Section        0  ff.o(i.dir_next)
    dir_next                                 0x08004dc9   Thumb Code   244  ff.o(i.dir_next)
    i.dir_register                           0x08004ebc   Section        0  ff.o(i.dir_register)
    dir_register                             0x08004ebd   Thumb Code   480  ff.o(i.dir_register)
    i.dir_sdi                                0x080050a0   Section        0  ff.o(i.dir_sdi)
    dir_sdi                                  0x080050a1   Thumb Code   130  ff.o(i.dir_sdi)
    i.disk_initialize                        0x08005124   Section        0  diskio.o(i.disk_initialize)
    i.disk_ioctl                             0x0800514c   Section        0  diskio.o(i.disk_ioctl)
    i.disk_read                              0x08005168   Section        0  diskio.o(i.disk_read)
    i.disk_status                            0x08005184   Section        0  diskio.o(i.disk_status)
    i.disk_write                             0x0800519c   Section        0  diskio.o(i.disk_write)
    i.erase                                  0x080051b8   Section        0  fal_flash_stm32f4_port.o(i.erase)
    erase                                    0x080051b9   Thumb Code   152  fal_flash_stm32f4_port.o(i.erase)
    i.f_close                                0x0800526c   Section        0  ff.o(i.f_close)
    i.f_mount                                0x08005294   Section        0  ff.o(i.f_mount)
    i.f_open                                 0x080052ec   Section        0  ff.o(i.f_open)
    i.f_read                                 0x08005500   Section        0  ff.o(i.f_read)
    i.f_sync                                 0x08005652   Section        0  ff.o(i.f_sync)
    i.fal_flash_device_find                  0x080056e0   Section        0  fal_flash.o(i.fal_flash_device_find)
    i.fal_flash_init                         0x08005754   Section        0  fal_flash.o(i.fal_flash_init)
    i.fal_init                               0x08005844   Section        0  fal.o(i.fal_init)
    i.fal_partition_erase                    0x0800593c   Section        0  fal_partition.o(i.fal_partition_erase)
    i.fal_partition_erase_all                0x08005a94   Section        0  fal_partition.o(i.fal_partition_erase_all)
    i.fal_partition_find                     0x08005a9c   Section        0  fal_partition.o(i.fal_partition_find)
    i.fal_partition_init                     0x08005b0c   Section        0  fal_partition.o(i.fal_partition_init)
    i.fal_partition_write                    0x08005c04   Section        0  fal_partition.o(i.fal_partition_write)
    i.fal_show_part_table                    0x08005d78   Section        0  fal_partition.o(i.fal_show_part_table)
    i.ff_convert                             0x08005fbc   Section        0  ccsbcs.o(i.ff_convert)
    i.ff_wtoupper                            0x08005ff4   Section        0  ccsbcs.o(i.ff_wtoupper)
    i.find_volume                            0x08006074   Section        0  ff.o(i.find_volume)
    find_volume                              0x08006075   Thumb Code   582  ff.o(i.find_volume)
    i.follow_path                            0x080062c8   Section        0  ff.o(i.follow_path)
    follow_path                              0x080062c9   Thumb Code   116  ff.o(i.follow_path)
    i.fputc                                  0x0800633c   Section        0  main.o(i.fputc)
    i.gen_numname                            0x08006350   Section        0  ff.o(i.gen_numname)
    gen_numname                              0x08006351   Thumb Code   122  ff.o(i.gen_numname)
    i.get_fat                                0x080063d0   Section        0  ff.o(i.get_fat)
    get_fat                                  0x080063d1   Thumb Code   190  ff.o(i.get_fat)
    i.get_fattime                            0x0800648e   Section        0  fatfs.o(i.get_fattime)
    i.get_ldnumber                           0x08006492   Section        0  ff.o(i.get_ldnumber)
    get_ldnumber                             0x08006493   Thumb Code    60  ff.o(i.get_ldnumber)
    i.inc_lock                               0x080064d0   Section        0  ff.o(i.inc_lock)
    inc_lock                                 0x080064d1   Thumb Code   124  ff.o(i.inc_lock)
    i.init                                   0x08006550   Section        0  fal_flash_stm32f4_port.o(i.init)
    init                                     0x08006551   Thumb Code     4  fal_flash_stm32f4_port.o(i.init)
    i.ld_clust                               0x08006554   Section        0  ff.o(i.ld_clust)
    ld_clust                                 0x08006555   Thumb Code    38  ff.o(i.ld_clust)
    i.ld_dword                               0x0800657a   Section        0  ff.o(i.ld_dword)
    ld_dword                                 0x0800657b   Thumb Code    22  ff.o(i.ld_dword)
    i.ld_word                                0x08006590   Section        0  ff.o(i.ld_word)
    ld_word                                  0x08006591   Thumb Code    10  ff.o(i.ld_word)
    i.main                                   0x0800659c   Section        0  main.o(i.main)
    i.mem_cpy                                0x080069cc   Section        0  ff.o(i.mem_cpy)
    mem_cpy                                  0x080069cd   Thumb Code    18  ff.o(i.mem_cpy)
    i.mem_set                                0x080069e0   Section        0  ff.o(i.mem_set)
    mem_set                                  0x080069e1   Thumb Code    14  ff.o(i.mem_set)
    i.move_window                            0x080069ee   Section        0  ff.o(i.move_window)
    move_window                              0x080069ef   Thumb Code    50  ff.o(i.move_window)
    i.put_fat                                0x08006a20   Section        0  ff.o(i.put_fat)
    put_fat                                  0x08006a21   Thumb Code   234  ff.o(i.put_fat)
    i.read                                   0x08006b0c   Section        0  fal_flash_stm32f4_port.o(i.read)
    read                                     0x08006b0d   Thumb Code    26  fal_flash_stm32f4_port.o(i.read)
    i.remove_chain                           0x08006b26   Section        0  ff.o(i.remove_chain)
    remove_chain                             0x08006b27   Thumb Code   116  ff.o(i.remove_chain)
    i.st_clust                               0x08006b9a   Section        0  ff.o(i.st_clust)
    st_clust                                 0x08006b9b   Thumb Code    40  ff.o(i.st_clust)
    i.st_dword                               0x08006bc2   Section        0  ff.o(i.st_dword)
    st_dword                                 0x08006bc3   Thumb Code    16  ff.o(i.st_dword)
    i.st_word                                0x08006bd2   Section        0  ff.o(i.st_word)
    st_word                                  0x08006bd3   Thumb Code     8  ff.o(i.st_word)
    i.stm32_get_sector_size                  0x08006bdc   Section        0  fal_flash_stm32f4_port.o(i.stm32_get_sector_size)
    stm32_get_sector_size                    0x08006bdd   Thumb Code    76  fal_flash_stm32f4_port.o(i.stm32_get_sector_size)
    i.sum_sfn                                0x08006c64   Section        0  ff.o(i.sum_sfn)
    sum_sfn                                  0x08006c65   Thumb Code    26  ff.o(i.sum_sfn)
    i.sync_fs                                0x08006c80   Section        0  ff.o(i.sync_fs)
    sync_fs                                  0x08006c81   Thumb Code   126  ff.o(i.sync_fs)
    i.sync_window                            0x08006d08   Section        0  ff.o(i.sync_window)
    sync_window                              0x08006d09   Thumb Code    82  ff.o(i.sync_window)
    i.validate                               0x08006d5a   Section        0  ff.o(i.validate)
    validate                                 0x08006d5b   Thumb Code    50  ff.o(i.validate)
    i.write                                  0x08006d8c   Section        0  fal_flash_stm32f4_port.o(i.write)
    write                                    0x08006d8d   Thumb Code    72  fal_flash_stm32f4_port.o(i.write)
    .constdata                               0x08006dd8   Section      170  ff.o(.constdata)
    ExCvt                                    0x08006dd8   Data         128  ff.o(.constdata)
    LfnOfs                                   0x08006e58   Data          13  ff.o(.constdata)
    cst                                      0x08006e66   Data          14  ff.o(.constdata)
    cst32                                    0x08006e74   Data          14  ff.o(.constdata)
    .constdata                               0x08006e82   Section      942  ccsbcs.o(.constdata)
    Tbl                                      0x08006e82   Data         256  ccsbcs.o(.constdata)
    cvt1                                     0x08006f82   Data         498  ccsbcs.o(.constdata)
    cvt2                                     0x08007174   Data         188  ccsbcs.o(.constdata)
    .constdata                               0x08007230   Section       16  system_stm32f4xx.o(.constdata)
    .constdata                               0x08007240   Section        8  system_stm32f4xx.o(.constdata)
    .constdata                               0x08007248   Section       20  sd_diskio.o(.constdata)
    .constdata                               0x0800725c   Section        9  fal.o(.constdata)
    __FUNCTION__                             0x0800725c   Data           9  fal.o(.constdata)
    .constdata                               0x08007268   Section       41  fal_flash.o(.constdata)
    device_table                             0x08007268   Data           4  fal_flash.o(.constdata)
    __FUNCTION__                             0x0800726c   Data          15  fal_flash.o(.constdata)
    __FUNCTION__                             0x0800727b   Data          22  fal_flash.o(.constdata)
    .constdata                               0x08007291   Section      150  fal_partition.o(.constdata)
    __FUNCTION__                             0x08007291   Data          19  fal_partition.o(.constdata)
    __FUNCTION__                             0x080072a4   Data          19  fal_partition.o(.constdata)
    __FUNCTION__                             0x080072b7   Data          24  fal_partition.o(.constdata)
    __FUNCTION__                             0x080072cf   Data          29  fal_partition.o(.constdata)
    __FUNCTION__                             0x080072ec   Data          19  fal_partition.o(.constdata)
    __FUNCTION__                             0x080072ff   Data          20  fal_partition.o(.constdata)
    __FUNCTION__                             0x08007313   Data          20  fal_partition.o(.constdata)
    .constdata                               0x08007328   Section       52  fal_flash_stm32f4_port.o(.constdata)
    .constdata                               0x0800735c   Section       22  fal_flash_stm32f4_port.o(.constdata)
    __FUNCTION__                             0x0800735c   Data          22  fal_flash_stm32f4_port.o(.constdata)
    .conststring                             0x08007374   Section       79  main.o(.conststring)
    .conststring                             0x080073c4   Section       91  fal_flash.o(.conststring)
    .conststring                             0x08007420   Section      230  fal_partition.o(.conststring)
    FalPartTable                             0x08007508   Section      128  fal_partition.o(FalPartTable)
    __tagsym$$used                           0x08007508   Number         0  fal_partition.o(FalPartTable)
    partition_table_def                      0x08007508   Data         128  fal_partition.o(FalPartTable)
    .data                                    0x20000000   Section        8  ff.o(.data)
    Fsid                                     0x20000000   Data           2  ff.o(.data)
    FatFs                                    0x20000004   Data           4  ff.o(.data)
    .data                                    0x20000008   Section       12  stm32f4xx_hal.o(.data)
    .data                                    0x20000014   Section        4  system_stm32f4xx.o(.data)
    .data                                    0x20000018   Section        1  sd_diskio.o(.data)
    Stat                                     0x20000018   Data           1  sd_diskio.o(.data)
    .data                                    0x2000001c   Section       20  main.o(.data)
    .data                                    0x20000030   Section        5  fatfs.o(.data)
    .data                                    0x20000035   Section        1  fal_flash.o(.data)
    init_ok                                  0x20000035   Data           1  fal_flash.o(.data)
    .data                                    0x20000038   Section       12  fal_partition.o(.data)
    init_ok                                  0x20000038   Data           1  fal_partition.o(.data)
    partition_table                          0x2000003c   Data           4  fal_partition.o(.data)
    partition_table_len                      0x20000040   Data           4  fal_partition.o(.data)
    .data                                    0x20000044   Section        4  stdout.o(.data)
    .bss                                     0x20000048   Section       12  ff_gen_drv.o(.bss)
    .bss                                     0x20000054   Section       32  ff.o(.bss)
    Files                                    0x20000054   Data          32  ff.o(.bss)
    .bss                                     0x20000074   Section       32  stm32f4xx_hal_flash.o(.bss)
    .bss                                     0x20000094   Section     4508  main.o(.bss)
    .bss                                     0x20001230   Section      564  fatfs.o(.bss)
    .bss                                     0x20001464   Section      560  fatfs.o(.bss)
    .bss                                     0x20001694   Section     1030  ymodem.o(.bss)
    STACK                                    0x20001aa0   Section     4096  startup_stm32f407xx.o(STACK)

    Global Symbols

    Symbol Name                              Value     Ov Type        Size  Object(Section)

    BuildAttributes$$THM_ISAv4$E$P$D$K$B$S$7EM$VFPi3$EXTD16$VFPS$VFMA$PE$A:L22UL41UL21$X:L11$S22US41US21$IEEE1$IW$USESV6$~STKCKD$USESV7$~SHL$OSPACE$ROPI$EBA8$MICROLIB$REQ8$PRES8$EABIv2 0x00000000   Number         0  anon$$obj.o ABSOLUTE
    __ARM_use_no_argv                        0x00000000   Number         0  main.o ABSOLUTE
    _printf_a                                0x00000000   Number         0  stubs.o ABSOLUTE
    _printf_c                                0x00000000   Number         0  stubs.o ABSOLUTE
    _printf_charcount                        0x00000000   Number         0  stubs.o ABSOLUTE
    _printf_d                                0x00000000   Number         0  stubs.o ABSOLUTE
    _printf_e                                0x00000000   Number         0  stubs.o ABSOLUTE
    _printf_f                                0x00000000   Number         0  stubs.o ABSOLUTE
    _printf_flags                            0x00000000   Number         0  stubs.o ABSOLUTE
    _printf_fp_dec                           0x00000000   Number         0  stubs.o ABSOLUTE
    _printf_fp_hex                           0x00000000   Number         0  stubs.o ABSOLUTE
    _printf_g                                0x00000000   Number         0  stubs.o ABSOLUTE
    _printf_i                                0x00000000   Number         0  stubs.o ABSOLUTE
    _printf_int_dec                          0x00000000   Number         0  stubs.o ABSOLUTE
    _printf_l                                0x00000000   Number         0  stubs.o ABSOLUTE
    _printf_lc                               0x00000000   Number         0  stubs.o ABSOLUTE
    _printf_ll                               0x00000000   Number         0  stubs.o ABSOLUTE
    _printf_lld                              0x00000000   Number         0  stubs.o ABSOLUTE
    _printf_lli                              0x00000000   Number         0  stubs.o ABSOLUTE
    _printf_llo                              0x00000000   Number         0  stubs.o ABSOLUTE
    _printf_llu                              0x00000000   Number         0  stubs.o ABSOLUTE
    _printf_llx                              0x00000000   Number         0  stubs.o ABSOLUTE
    _printf_longlong_dec                     0x00000000   Number         0  stubs.o ABSOLUTE
    _printf_longlong_hex                     0x00000000   Number         0  stubs.o ABSOLUTE
    _printf_longlong_oct                     0x00000000   Number         0  stubs.o ABSOLUTE
    _printf_ls                               0x00000000   Number         0  stubs.o ABSOLUTE
    _printf_mbtowc                           0x00000000   Number         0  stubs.o ABSOLUTE
    _printf_n                                0x00000000   Number         0  stubs.o ABSOLUTE
    _printf_o                                0x00000000   Number         0  stubs.o ABSOLUTE
    _printf_p                                0x00000000   Number         0  stubs.o ABSOLUTE
    _printf_percent                          0x00000000   Number         0  stubs.o ABSOLUTE
    _printf_pre_padding                      0x00000000   Number         0  stubs.o ABSOLUTE
    _printf_return_value                     0x00000000   Number         0  stubs.o ABSOLUTE
    _printf_s                                0x00000000   Number         0  stubs.o ABSOLUTE
    _printf_sizespec                         0x00000000   Number         0  stubs.o ABSOLUTE
    _printf_str                              0x00000000   Number         0  stubs.o ABSOLUTE
    _printf_truncate_signed                  0x00000000   Number         0  stubs.o ABSOLUTE
    _printf_truncate_unsigned                0x00000000   Number         0  stubs.o ABSOLUTE
    _printf_u                                0x00000000   Number         0  stubs.o ABSOLUTE
    _printf_wc                               0x00000000   Number         0  stubs.o ABSOLUTE
    _printf_wctomb                           0x00000000   Number         0  stubs.o ABSOLUTE
    _printf_widthprec                        0x00000000   Number         0  stubs.o ABSOLUTE
    _printf_x                                0x00000000   Number         0  stubs.o ABSOLUTE
    __cpp_initialize__aeabi_                  - Undefined Weak Reference
    __cxa_finalize                            - Undefined Weak Reference
    __decompress                              - Undefined Weak Reference
    _clock_init                               - Undefined Weak Reference
    _microlib_exit                            - Undefined Weak Reference
    __Vectors_Size                           0x00000188   Number         0  startup_stm32f407xx.o ABSOLUTE
    __Vectors                                0x08000000   Data           4  startup_stm32f407xx.o(RESET)
    __Vectors_End                            0x08000188   Data           0  startup_stm32f407xx.o(RESET)
    __main                                   0x08000189   Thumb Code     0  entry.o(.ARM.Collect$$$$00000000)
    _main_stk                                0x08000189   Thumb Code     0  entry2.o(.ARM.Collect$$$$00000001)
    _main_scatterload                        0x0800018d   Thumb Code     0  entry5.o(.ARM.Collect$$$$00000004)
    __main_after_scatterload                 0x08000191   Thumb Code     0  entry5.o(.ARM.Collect$$$$00000004)
    _main_clock                              0x08000191   Thumb Code     0  entry7b.o(.ARM.Collect$$$$00000008)
    _main_cpp_init                           0x08000191   Thumb Code     0  entry8b.o(.ARM.Collect$$$$0000000A)
    _main_init                               0x08000191   Thumb Code     0  entry9a.o(.ARM.Collect$$$$0000000B)
    __rt_final_cpp                           0x08000199   Thumb Code     0  entry10a.o(.ARM.Collect$$$$0000000D)
    __rt_final_exit                          0x08000199   Thumb Code     0  entry11a.o(.ARM.Collect$$$$0000000F)
    Reset_Handler                            0x0800019d   Thumb Code     8  startup_stm32f407xx.o(.text)
    ADC_IRQHandler                           0x080001b7   Thumb Code     0  startup_stm32f407xx.o(.text)
    CAN1_RX0_IRQHandler                      0x080001b7   Thumb Code     0  startup_stm32f407xx.o(.text)
    CAN1_RX1_IRQHandler                      0x080001b7   Thumb Code     0  startup_stm32f407xx.o(.text)
    CAN1_SCE_IRQHandler                      0x080001b7   Thumb Code     0  startup_stm32f407xx.o(.text)
    CAN1_TX_IRQHandler                       0x080001b7   Thumb Code     0  startup_stm32f407xx.o(.text)
    CAN2_RX0_IRQHandler                      0x080001b7   Thumb Code     0  startup_stm32f407xx.o(.text)
    CAN2_RX1_IRQHandler                      0x080001b7   Thumb Code     0  startup_stm32f407xx.o(.text)
    CAN2_SCE_IRQHandler                      0x080001b7   Thumb Code     0  startup_stm32f407xx.o(.text)
    CAN2_TX_IRQHandler                       0x080001b7   Thumb Code     0  startup_stm32f407xx.o(.text)
    DCMI_IRQHandler                          0x080001b7   Thumb Code     0  startup_stm32f407xx.o(.text)
    DMA1_Stream0_IRQHandler                  0x080001b7   Thumb Code     0  startup_stm32f407xx.o(.text)
    DMA1_Stream1_IRQHandler                  0x080001b7   Thumb Code     0  startup_stm32f407xx.o(.text)
    DMA1_Stream2_IRQHandler                  0x080001b7   Thumb Code     0  startup_stm32f407xx.o(.text)
    DMA1_Stream3_IRQHandler                  0x080001b7   Thumb Code     0  startup_stm32f407xx.o(.text)
    DMA1_Stream4_IRQHandler                  0x080001b7   Thumb Code     0  startup_stm32f407xx.o(.text)
    DMA1_Stream5_IRQHandler                  0x080001b7   Thumb Code     0  startup_stm32f407xx.o(.text)
    DMA1_Stream6_IRQHandler                  0x080001b7   Thumb Code     0  startup_stm32f407xx.o(.text)
    DMA1_Stream7_IRQHandler                  0x080001b7   Thumb Code     0  startup_stm32f407xx.o(.text)
    DMA2_Stream0_IRQHandler                  0x080001b7   Thumb Code     0  startup_stm32f407xx.o(.text)
    DMA2_Stream1_IRQHandler                  0x080001b7   Thumb Code     0  startup_stm32f407xx.o(.text)
    DMA2_Stream2_IRQHandler                  0x080001b7   Thumb Code     0  startup_stm32f407xx.o(.text)
    DMA2_Stream3_IRQHandler                  0x080001b7   Thumb Code     0  startup_stm32f407xx.o(.text)
    DMA2_Stream4_IRQHandler                  0x080001b7   Thumb Code     0  startup_stm32f407xx.o(.text)
    DMA2_Stream5_IRQHandler                  0x080001b7   Thumb Code     0  startup_stm32f407xx.o(.text)
    DMA2_Stream6_IRQHandler                  0x080001b7   Thumb Code     0  startup_stm32f407xx.o(.text)
    DMA2_Stream7_IRQHandler                  0x080001b7   Thumb Code     0  startup_stm32f407xx.o(.text)
    ETH_IRQHandler                           0x080001b7   Thumb Code     0  startup_stm32f407xx.o(.text)
    ETH_WKUP_IRQHandler                      0x080001b7   Thumb Code     0  startup_stm32f407xx.o(.text)
    EXTI0_IRQHandler                         0x080001b7   Thumb Code     0  startup_stm32f407xx.o(.text)
    EXTI15_10_IRQHandler                     0x080001b7   Thumb Code     0  startup_stm32f407xx.o(.text)
    EXTI1_IRQHandler                         0x080001b7   Thumb Code     0  startup_stm32f407xx.o(.text)
    EXTI2_IRQHandler                         0x080001b7   Thumb Code     0  startup_stm32f407xx.o(.text)
    EXTI3_IRQHandler                         0x080001b7   Thumb Code     0  startup_stm32f407xx.o(.text)
    EXTI4_IRQHandler                         0x080001b7   Thumb Code     0  startup_stm32f407xx.o(.text)
    EXTI9_5_IRQHandler                       0x080001b7   Thumb Code     0  startup_stm32f407xx.o(.text)
    FLASH_IRQHandler                         0x080001b7   Thumb Code     0  startup_stm32f407xx.o(.text)
    FMC_IRQHandler                           0x080001b7   Thumb Code     0  startup_stm32f407xx.o(.text)
    FPU_IRQHandler                           0x080001b7   Thumb Code     0  startup_stm32f407xx.o(.text)
    HASH_RNG_IRQHandler                      0x080001b7   Thumb Code     0  startup_stm32f407xx.o(.text)
    I2C1_ER_IRQHandler                       0x080001b7   Thumb Code     0  startup_stm32f407xx.o(.text)
    I2C1_EV_IRQHandler                       0x080001b7   Thumb Code     0  startup_stm32f407xx.o(.text)
    I2C2_ER_IRQHandler                       0x080001b7   Thumb Code     0  startup_stm32f407xx.o(.text)
    I2C2_EV_IRQHandler                       0x080001b7   Thumb Code     0  startup_stm32f407xx.o(.text)
    I2C3_ER_IRQHandler                       0x080001b7   Thumb Code     0  startup_stm32f407xx.o(.text)
    I2C3_EV_IRQHandler                       0x080001b7   Thumb Code     0  startup_stm32f407xx.o(.text)
    OTG_FS_IRQHandler                        0x080001b7   Thumb Code     0  startup_stm32f407xx.o(.text)
    OTG_FS_WKUP_IRQHandler                   0x080001b7   Thumb Code     0  startup_stm32f407xx.o(.text)
    OTG_HS_EP1_IN_IRQHandler                 0x080001b7   Thumb Code     0  startup_stm32f407xx.o(.text)
    OTG_HS_EP1_OUT_IRQHandler                0x080001b7   Thumb Code     0  startup_stm32f407xx.o(.text)
    OTG_HS_IRQHandler                        0x080001b7   Thumb Code     0  startup_stm32f407xx.o(.text)
    OTG_HS_WKUP_IRQHandler                   0x080001b7   Thumb Code     0  startup_stm32f407xx.o(.text)
    PVD_IRQHandler                           0x080001b7   Thumb Code     0  startup_stm32f407xx.o(.text)
    RCC_IRQHandler                           0x080001b7   Thumb Code     0  startup_stm32f407xx.o(.text)
    RTC_Alarm_IRQHandler                     0x080001b7   Thumb Code     0  startup_stm32f407xx.o(.text)
    RTC_WKUP_IRQHandler                      0x080001b7   Thumb Code     0  startup_stm32f407xx.o(.text)
    SDIO_IRQHandler                          0x080001b7   Thumb Code     0  startup_stm32f407xx.o(.text)
    SPI1_IRQHandler                          0x080001b7   Thumb Code     0  startup_stm32f407xx.o(.text)
    SPI2_IRQHandler                          0x080001b7   Thumb Code     0  startup_stm32f407xx.o(.text)
    SPI3_IRQHandler                          0x080001b7   Thumb Code     0  startup_stm32f407xx.o(.text)
    TAMP_STAMP_IRQHandler                    0x080001b7   Thumb Code     0  startup_stm32f407xx.o(.text)
    TIM1_BRK_TIM9_IRQHandler                 0x080001b7   Thumb Code     0  startup_stm32f407xx.o(.text)
    TIM1_CC_IRQHandler                       0x080001b7   Thumb Code     0  startup_stm32f407xx.o(.text)
    TIM1_TRG_COM_TIM11_IRQHandler            0x080001b7   Thumb Code     0  startup_stm32f407xx.o(.text)
    TIM1_UP_TIM10_IRQHandler                 0x080001b7   Thumb Code     0  startup_stm32f407xx.o(.text)
    TIM2_IRQHandler                          0x080001b7   Thumb Code     0  startup_stm32f407xx.o(.text)
    TIM3_IRQHandler                          0x080001b7   Thumb Code     0  startup_stm32f407xx.o(.text)
    TIM4_IRQHandler                          0x080001b7   Thumb Code     0  startup_stm32f407xx.o(.text)
    TIM5_IRQHandler                          0x080001b7   Thumb Code     0  startup_stm32f407xx.o(.text)
    TIM6_DAC_IRQHandler                      0x080001b7   Thumb Code     0  startup_stm32f407xx.o(.text)
    TIM7_IRQHandler                          0x080001b7   Thumb Code     0  startup_stm32f407xx.o(.text)
    TIM8_BRK_TIM12_IRQHandler                0x080001b7   Thumb Code     0  startup_stm32f407xx.o(.text)
    TIM8_CC_IRQHandler                       0x080001b7   Thumb Code     0  startup_stm32f407xx.o(.text)
    TIM8_TRG_COM_TIM14_IRQHandler            0x080001b7   Thumb Code     0  startup_stm32f407xx.o(.text)
    TIM8_UP_TIM13_IRQHandler                 0x080001b7   Thumb Code     0  startup_stm32f407xx.o(.text)
    UART4_IRQHandler                         0x080001b7   Thumb Code     0  startup_stm32f407xx.o(.text)
    UART5_IRQHandler                         0x080001b7   Thumb Code     0  startup_stm32f407xx.o(.text)
    USART1_IRQHandler                        0x080001b7   Thumb Code     0  startup_stm32f407xx.o(.text)
    USART2_IRQHandler                        0x080001b7   Thumb Code     0  startup_stm32f407xx.o(.text)
    USART3_IRQHandler                        0x080001b7   Thumb Code     0  startup_stm32f407xx.o(.text)
    USART6_IRQHandler                        0x080001b7   Thumb Code     0  startup_stm32f407xx.o(.text)
    WWDG_IRQHandler                          0x080001b7   Thumb Code     0  startup_stm32f407xx.o(.text)
    __aeabi_uldivmod                         0x080001c1   Thumb Code    98  uldiv.o(.text)
    __aeabi_memset                           0x08000223   Thumb Code    14  memseta.o(.text)
    __aeabi_memset4                          0x08000223   Thumb Code     0  memseta.o(.text)
    __aeabi_memset8                          0x08000223   Thumb Code     0  memseta.o(.text)
    __aeabi_memclr                           0x08000231   Thumb Code     4  memseta.o(.text)
    __aeabi_memclr4                          0x08000231   Thumb Code     0  memseta.o(.text)
    __aeabi_memclr8                          0x08000231   Thumb Code     0  memseta.o(.text)
    _memset$wrapper                          0x08000235   Thumb Code    18  memseta.o(.text)
    strlen                                   0x08000247   Thumb Code    14  strlen.o(.text)
    strcmp                                   0x08000255   Thumb Code    28  strcmp.o(.text)
    strncmp                                  0x08000271   Thumb Code    30  strncmp.o(.text)
    __aeabi_uidiv                            0x0800028f   Thumb Code     0  uidiv.o(.text)
    __aeabi_uidivmod                         0x0800028f   Thumb Code    44  uidiv.o(.text)
    __aeabi_llsl                             0x080002bb   Thumb Code    30  llshl.o(.text)
    _ll_shift_l                              0x080002bb   Thumb Code     0  llshl.o(.text)
    __aeabi_llsr                             0x080002d9   Thumb Code    32  llushr.o(.text)
    _ll_ushift_r                             0x080002d9   Thumb Code     0  llushr.o(.text)
    __I$use$fp                               0x080002f9   Thumb Code     0  iusefp.o(.text)
    __aeabi_dadd                             0x080002f9   Thumb Code   322  dadd.o(.text)
    __aeabi_dsub                             0x0800043b   Thumb Code     6  dadd.o(.text)
    __aeabi_drsub                            0x08000441   Thumb Code     6  dadd.o(.text)
    __aeabi_dmul                             0x08000447   Thumb Code   228  dmul.o(.text)
    __aeabi_ddiv                             0x0800052b   Thumb Code   222  ddiv.o(.text)
    __aeabi_d2ulz                            0x08000609   Thumb Code    48  dfixul.o(.text)
    __aeabi_cdrcmple                         0x08000639   Thumb Code    48  cdrcmple.o(.text)
    __scatterload                            0x08000669   Thumb Code    28  init.o(.text)
    __scatterload_rt2                        0x08000669   Thumb Code     0  init.o(.text)
    __aeabi_lasr                             0x0800068d   Thumb Code    36  llsshr.o(.text)
    _ll_sshift_r                             0x0800068d   Thumb Code     0  llsshr.o(.text)
    _double_round                            0x080006b1   Thumb Code    30  depilogue.o(.text)
    _double_epilogue                         0x080006cf   Thumb Code   156  depilogue.o(.text)
    BSP_SD_GetCardInfo                       0x0800076d   Thumb Code     8  bsp_driver_sd.o(i.BSP_SD_GetCardInfo)
    BSP_SD_GetCardState                      0x08000779   Thumb Code    20  bsp_driver_sd.o(i.BSP_SD_GetCardState)
    BSP_SD_Init                              0x08000791   Thumb Code    42  bsp_driver_sd.o(i.BSP_SD_Init)
    BSP_SD_IsDetected                        0x080007c1   Thumb Code    38  bsp_driver_sd.o(i.BSP_SD_IsDetected)
    BSP_SD_ReadBlocks                        0x080007ed   Thumb Code    26  bsp_driver_sd.o(i.BSP_SD_ReadBlocks)
    BSP_SD_WriteBlocks                       0x0800080d   Thumb Code    26  bsp_driver_sd.o(i.BSP_SD_WriteBlocks)
    BusFault_Handler                         0x0800082d   Thumb Code     2  stm32f4xx_it.o(i.BusFault_Handler)
    DebugMon_Handler                         0x0800082f   Thumb Code     2  stm32f4xx_it.o(i.DebugMon_Handler)
    FATFS_LinkDriver                         0x08000831   Thumb Code     6  ff_gen_drv.o(i.FATFS_LinkDriver)
    FATFS_LinkDriverEx                       0x08000839   Thumb Code    58  ff_gen_drv.o(i.FATFS_LinkDriverEx)
    FLASH_Erase_Sector                       0x08000879   Thumb Code   152  stm32f4xx_hal_flash_ex.o(i.FLASH_Erase_Sector)
    FLASH_WaitForLastOperation               0x08000bdd   Thumb Code    72  stm32f4xx_hal_flash.o(i.FLASH_WaitForLastOperation)
    HAL_CRC_Calculate                        0x08000c2d   Thumb Code    62  stm32f4xx_hal_crc_1.o(i.HAL_CRC_Calculate)
    HAL_CRC_Init                             0x08000c6d   Thumb Code    54  stm32f4xx_hal_crc_1.o(i.HAL_CRC_Init)
    HAL_CRC_MspInit                          0x08000ce1   Thumb Code    30  stm32f4xx_hal_msp.o(i.HAL_CRC_MspInit)
    HAL_Delay                                0x08000d09   Thumb Code    32  stm32f4xx_hal.o(i.HAL_Delay)
    HAL_FLASH_Lock                           0x08000d2d   Thumb Code    14  stm32f4xx_hal_flash.o(i.HAL_FLASH_Lock)
    HAL_FLASH_Program                        0x08000d41   Thumb Code   138  stm32f4xx_hal_flash.o(i.HAL_FLASH_Program)
    HAL_FLASH_Unlock                         0x08000e11   Thumb Code    32  stm32f4xx_hal_flash.o(i.HAL_FLASH_Unlock)
    HAL_GPIO_Init                            0x08000e3d   Thumb Code   646  stm32f4xx_hal_gpio.o(i.HAL_GPIO_Init)
    HAL_GPIO_ReadPin                         0x08001149   Thumb Code    28  stm32f4xx_hal_gpio.o(i.HAL_GPIO_ReadPin)
    HAL_GPIO_WritePin                        0x080011a1   Thumb Code    46  stm32f4xx_hal_gpio.o(i.HAL_GPIO_WritePin)
    HAL_GetTick                              0x0800120d   Thumb Code     6  stm32f4xx_hal.o(i.HAL_GetTick)
    HAL_IncTick                              0x08001219   Thumb Code    12  stm32f4xx_hal.o(i.HAL_IncTick)
    HAL_Init                                 0x08001229   Thumb Code    48  stm32f4xx_hal.o(i.HAL_Init)
    HAL_InitTick                             0x0800125d   Thumb Code    54  stm32f4xx_hal.o(i.HAL_InitTick)
    HAL_MspInit                              0x0800129d   Thumb Code    88  stm32f4xx_hal_msp.o(i.HAL_MspInit)
    HAL_NVIC_SetPriority                     0x080012f5   Thumb Code    94  stm32f4xx_hal_cortex.o(i.HAL_NVIC_SetPriority)
    HAL_NVIC_SetPriorityGrouping             0x08001395   Thumb Code    58  stm32f4xx_hal_cortex.o(i.HAL_NVIC_SetPriorityGrouping)
    HAL_RCC_ClockConfig                      0x08001415   Thumb Code   510  stm32f4xx_hal_rcc.o(i.HAL_RCC_ClockConfig)
    HAL_RCC_GetHCLKFreq                      0x0800165d   Thumb Code     6  stm32f4xx_hal_rcc.o(i.HAL_RCC_GetHCLKFreq)
    HAL_RCC_GetPCLK1Freq                     0x08001669   Thumb Code    20  stm32f4xx_hal_rcc.o(i.HAL_RCC_GetPCLK1Freq)
    HAL_RCC_GetPCLK2Freq                     0x08001689   Thumb Code    20  stm32f4xx_hal_rcc.o(i.HAL_RCC_GetPCLK2Freq)
    HAL_RCC_GetSysClockFreq                  0x080016a9   Thumb Code    88  stm32f4xx_hal_rcc.o(i.HAL_RCC_GetSysClockFreq)
    HAL_RCC_OscConfig                        0x08001709   Thumb Code  1118  stm32f4xx_hal_rcc.o(i.HAL_RCC_OscConfig)
    HAL_SD_ConfigWideBusOperation            0x08001b69   Thumb Code   144  stm32f4xx_hal_sd.o(i.HAL_SD_ConfigWideBusOperation)
    HAL_SD_GetCardCSD                        0x08001c31   Thumb Code   474  stm32f4xx_hal_sd.o(i.HAL_SD_GetCardCSD)
    HAL_SD_GetCardInfo                       0x08001e0b   Thumb Code    36  stm32f4xx_hal_sd.o(i.HAL_SD_GetCardInfo)
    HAL_SD_GetCardState                      0x08001e2f   Thumb Code    44  stm32f4xx_hal_sd.o(i.HAL_SD_GetCardState)
    HAL_SD_Init                              0x08001e5d   Thumb Code   194  stm32f4xx_hal_sd.o(i.HAL_SD_Init)
    HAL_SD_InitCard                          0x08001f5d   Thumb Code    80  stm32f4xx_hal_sd.o(i.HAL_SD_InitCard)
    HAL_SD_MspInit                           0x08001fb1   Thumb Code    84  stm32f4xx_hal_msp.o(i.HAL_SD_MspInit)
    HAL_SD_ReadBlocks                        0x08002015   Thumb Code   434  stm32f4xx_hal_sd.o(i.HAL_SD_ReadBlocks)
    HAL_SD_WriteBlocks                       0x080021c9   Thumb Code   410  stm32f4xx_hal_sd.o(i.HAL_SD_WriteBlocks)
    HAL_SPI_Init                             0x08002365   Thumb Code   368  stm32f4xx_hal_spi.o(i.HAL_SPI_Init)
    HAL_SPI_MspInit                          0x08002519   Thumb Code    62  stm32f4xx_hal_msp.o(i.HAL_SPI_MspInit)
    HAL_SYSTICK_CLKSourceConfig              0x08002565   Thumb Code    40  stm32f4xx_hal_cortex.o(i.HAL_SYSTICK_CLKSourceConfig)
    HAL_SYSTICK_Callback                     0x080025c9   Thumb Code     2  stm32f4xx_hal_cortex.o(i.HAL_SYSTICK_Callback)
    HAL_SYSTICK_Config                       0x080025cb   Thumb Code    40  stm32f4xx_hal_cortex.o(i.HAL_SYSTICK_Config)
    HAL_SYSTICK_IRQHandler                   0x080025f3   Thumb Code     8  stm32f4xx_hal_cortex.o(i.HAL_SYSTICK_IRQHandler)
    HAL_UART_Init                            0x080025fd   Thumb Code   244  stm32f4xx_hal_uart.o(i.HAL_UART_Init)
    HAL_UART_MspInit                         0x08002745   Thumb Code    96  stm32f4xx_hal_msp.o(i.HAL_UART_MspInit)
    HAL_UART_Receive                         0x080027b9   Thumb Code   184  stm32f4xx_hal_uart.o(i.HAL_UART_Receive)
    HAL_UART_Transmit                        0x08002871   Thumb Code   186  stm32f4xx_hal_uart.o(i.HAL_UART_Transmit)
    HardFault_Handler                        0x0800292b   Thumb Code     2  stm32f4xx_it.o(i.HardFault_Handler)
    Int2Str                                  0x0800292d   Thumb Code    60  common.o(i.Int2Str)
    MX_FATFS_Init                            0x0800296d   Thumb Code    18  fatfs.o(i.MX_FATFS_Init)
    MemManage_Handler                        0x08002a6d   Thumb Code     2  stm32f4xx_it.o(i.MemManage_Handler)
    NMI_Handler                              0x08002a6f   Thumb Code     2  stm32f4xx_it.o(i.NMI_Handler)
    PendSV_Handler                           0x08002a91   Thumb Code     2  stm32f4xx_it.o(i.PendSV_Handler)
    SDIO_ConfigData                          0x08002b55   Thumb Code   184  stm32f4xx_ll_sdmmc.o(i.SDIO_ConfigData)
    SDIO_GetPowerState                       0x08002c49   Thumb Code     8  stm32f4xx_ll_sdmmc.o(i.SDIO_GetPowerState)
    SDIO_GetResponse                         0x08002c51   Thumb Code    46  stm32f4xx_ll_sdmmc.o(i.SDIO_GetResponse)
    SDIO_Init                                0x08002cbd   Thumb Code   172  stm32f4xx_ll_sdmmc.o(i.SDIO_Init)
    SDIO_PowerState_ON                       0x08002da9   Thumb Code     8  stm32f4xx_ll_sdmmc.o(i.SDIO_PowerState_ON)
    SDIO_ReadFIFO                            0x08002db1   Thumb Code     6  stm32f4xx_ll_sdmmc.o(i.SDIO_ReadFIFO)
    SDIO_SendCommand                         0x08002db9   Thumb Code   122  stm32f4xx_ll_sdmmc.o(i.SDIO_SendCommand)
    SDIO_WriteFIFO                           0x08002e71   Thumb Code    10  stm32f4xx_ll_sdmmc.o(i.SDIO_WriteFIFO)
    SDMMC_CmdAppCommand                      0x08002e7b   Thumb Code    50  stm32f4xx_ll_sdmmc.o(i.SDMMC_CmdAppCommand)
    SDMMC_CmdAppOperCommand                  0x08002ead   Thumb Code    48  stm32f4xx_ll_sdmmc.o(i.SDMMC_CmdAppOperCommand)
    SDMMC_CmdBlockLength                     0x08002ee1   Thumb Code    50  stm32f4xx_ll_sdmmc.o(i.SDMMC_CmdBlockLength)
    SDMMC_CmdBusWidth                        0x08002f13   Thumb Code    50  stm32f4xx_ll_sdmmc.o(i.SDMMC_CmdBusWidth)
    SDMMC_CmdGoIdleState                     0x08002f45   Thumb Code    76  stm32f4xx_ll_sdmmc.o(i.SDMMC_CmdGoIdleState)
    SDMMC_CmdOperCond                        0x08002f95   Thumb Code    98  stm32f4xx_ll_sdmmc.o(i.SDMMC_CmdOperCond)
    SDMMC_CmdReadMultiBlock                  0x08002ffd   Thumb Code    50  stm32f4xx_ll_sdmmc.o(i.SDMMC_CmdReadMultiBlock)
    SDMMC_CmdReadSingleBlock                 0x0800302f   Thumb Code    50  stm32f4xx_ll_sdmmc.o(i.SDMMC_CmdReadSingleBlock)
    SDMMC_CmdSelDesel                        0x08003061   Thumb Code    50  stm32f4xx_ll_sdmmc.o(i.SDMMC_CmdSelDesel)
    SDMMC_CmdSendCID                         0x08003093   Thumb Code    44  stm32f4xx_ll_sdmmc.o(i.SDMMC_CmdSendCID)
    SDMMC_CmdSendCSD                         0x080030bf   Thumb Code    44  stm32f4xx_ll_sdmmc.o(i.SDMMC_CmdSendCSD)
    SDMMC_CmdSendSCR                         0x080030eb   Thumb Code    48  stm32f4xx_ll_sdmmc.o(i.SDMMC_CmdSendSCR)
    SDMMC_CmdSendStatus                      0x0800311b   Thumb Code    50  stm32f4xx_ll_sdmmc.o(i.SDMMC_CmdSendStatus)
    SDMMC_CmdSetRelAdd                       0x0800314d   Thumb Code    48  stm32f4xx_ll_sdmmc.o(i.SDMMC_CmdSetRelAdd)
    SDMMC_CmdStopTransfer                    0x0800317d   Thumb Code    46  stm32f4xx_ll_sdmmc.o(i.SDMMC_CmdStopTransfer)
    SDMMC_CmdWriteMultiBlock                 0x080031b1   Thumb Code    50  stm32f4xx_ll_sdmmc.o(i.SDMMC_CmdWriteMultiBlock)
    SDMMC_CmdWriteSingleBlock                0x080031e3   Thumb Code    50  stm32f4xx_ll_sdmmc.o(i.SDMMC_CmdWriteSingleBlock)
    SD_initialize                            0x08003761   Thumb Code    28  sd_diskio.o(i.SD_initialize)
    SD_ioctl                                 0x08003781   Thumb Code    76  sd_diskio.o(i.SD_ioctl)
    SD_read                                  0x080037d1   Thumb Code    38  sd_diskio.o(i.SD_read)
    SD_status                                0x080037f7   Thumb Code     4  sd_diskio.o(i.SD_status)
    SD_write                                 0x080037fd   Thumb Code    38  sd_diskio.o(i.SD_write)
    SVC_Handler                              0x08003823   Thumb Code     2  stm32f4xx_it.o(i.SVC_Handler)
    Serial_PutByte                           0x08003825   Thumb Code    32  common.o(i.Serial_PutByte)
    Str2Int                                  0x08003849   Thumb Code   184  common.o(i.Str2Int)
    SysTick_Handler                          0x08003901   Thumb Code    14  stm32f4xx_it.o(i.SysTick_Handler)
    SystemClock_Config                       0x08003911   Thumb Code   152  main.o(i.SystemClock_Config)
    SystemInit                               0x080039b1   Thumb Code    66  system_stm32f4xx.o(i.SystemInit)
    UsageFault_Handler                       0x08003dad   Thumb Code     2  stm32f4xx_it.o(i.UsageFault_Handler)
    Ymodem_Receive                           0x08003db1   Thumb Code   404  ymodem.o(i.Ymodem_Receive)
    __0printf                                0x08003f6d   Thumb Code    22  printfa.o(i.__0printf)
    __1printf                                0x08003f6d   Thumb Code     0  printfa.o(i.__0printf)
    __2printf                                0x08003f6d   Thumb Code     0  printfa.o(i.__0printf)
    __c89printf                              0x08003f6d   Thumb Code     0  printfa.o(i.__0printf)
    printf                                   0x08003f6d   Thumb Code     0  printfa.o(i.__0printf)
    __scatterload_copy                       0x08003f8d   Thumb Code    14  handlers.o(i.__scatterload_copy)
    __scatterload_null                       0x08003f9b   Thumb Code     2  handlers.o(i.__scatterload_null)
    __scatterload_zeroinit                   0x08003f9d   Thumb Code    14  handlers.o(i.__scatterload_zeroinit)
    assert_failed                            0x0800485f   Thumb Code     2  main.o(i.assert_failed)
    disk_initialize                          0x08005125   Thumb Code    36  diskio.o(i.disk_initialize)
    disk_ioctl                               0x0800514d   Thumb Code    24  diskio.o(i.disk_ioctl)
    disk_read                                0x08005169   Thumb Code    24  diskio.o(i.disk_read)
    disk_status                              0x08005185   Thumb Code    18  diskio.o(i.disk_status)
    disk_write                               0x0800519d   Thumb Code    24  diskio.o(i.disk_write)
    f_close                                  0x0800526d   Thumb Code    40  ff.o(i.f_close)
    f_mount                                  0x08005295   Thumb Code    84  ff.o(i.f_mount)
    f_open                                   0x080052ed   Thumb Code   528  ff.o(i.f_open)
    f_read                                   0x08005501   Thumb Code   338  ff.o(i.f_read)
    f_sync                                   0x08005653   Thumb Code   142  ff.o(i.f_sync)
    fal_flash_device_find                    0x080056e1   Thumb Code    58  fal_flash.o(i.fal_flash_device_find)
    fal_flash_init                           0x08005755   Thumb Code   116  fal_flash.o(i.fal_flash_init)
    fal_init                                 0x08005845   Thumb Code    58  fal.o(i.fal_init)
    fal_partition_erase                      0x0800593d   Thumb Code   148  fal_partition.o(i.fal_partition_erase)
    fal_partition_erase_all                  0x08005a95   Thumb Code     8  fal_partition.o(i.fal_partition_erase_all)
    fal_partition_find                       0x08005a9d   Thumb Code    62  fal_partition.o(i.fal_partition_find)
    fal_partition_init                       0x08005b0d   Thumb Code   140  fal_partition.o(i.fal_partition_init)
    fal_partition_write                      0x08005c05   Thumb Code   170  fal_partition.o(i.fal_partition_write)
    fal_show_part_table                      0x08005d79   Thumb Code   248  fal_partition.o(i.fal_show_part_table)
    ff_convert                               0x08005fbd   Thumb Code    52  ccsbcs.o(i.ff_convert)
    ff_wtoupper                              0x08005ff5   Thumb Code   120  ccsbcs.o(i.ff_wtoupper)
    fputc                                    0x0800633d   Thumb Code    16  main.o(i.fputc)
    get_fattime                              0x0800648f   Thumb Code     4  fatfs.o(i.get_fattime)
    main                                     0x0800659d   Thumb Code   498  main.o(i.main)
    AHBPrescTable                            0x08007230   Data          16  system_stm32f4xx.o(.constdata)
    APBPrescTable                            0x08007240   Data           8  system_stm32f4xx.o(.constdata)
    SD_Driver                                0x08007248   Data          20  sd_diskio.o(.constdata)
    stm32f4_onchip_flash                     0x08007328   Data          52  fal_flash_stm32f4_port.o(.constdata)
    Region$$Table$$Base                      0x08007588   Number         0  anon$$obj.o(Region$$Table)
    Region$$Table$$Limit                     0x080075a8   Number         0  anon$$obj.o(Region$$Table)
    uwTickFreq                               0x20000008   Data           1  stm32f4xx_hal.o(.data)
    uwTick                                   0x2000000c   Data           4  stm32f4xx_hal.o(.data)
    uwTickPrio                               0x20000010   Data           4  stm32f4xx_hal.o(.data)
    SystemCoreClock                          0x20000014   Data           4  system_stm32f4xx.o(.data)
    part                                     0x2000001c   Data           4  main.o(.data)
    JumpToApplication                        0x20000020   Data           4  main.o(.data)
    JumpAddress                              0x20000024   Data           4  main.o(.data)
    hcrc                                     0x20000028   Data           8  main.o(.data)
    retSD                                    0x20000030   Data           1  fatfs.o(.data)
    SDPath                                   0x20000031   Data           4  fatfs.o(.data)
    __stdout                                 0x20000044   Data           4  stdout.o(.data)
    disk                                     0x20000048   Data          12  ff_gen_drv.o(.bss)
    pFlash                                   0x20000074   Data          32  stm32f4xx_hal_flash.o(.bss)
    hsd                                      0x20000094   Data         132  main.o(.bss)
    hspi1                                    0x20000118   Data          88  main.o(.bss)
    huart1                                   0x20000170   Data          64  main.o(.bss)
    huart3                                   0x200001b0   Data          64  main.o(.bss)
    iap_buffer                               0x200001f0   Data        4096  main.o(.bss)
    aFileName                                0x200011f0   Data          64  main.o(.bss)
    SDFatFS                                  0x20001230   Data         564  fatfs.o(.bss)
    SDFile                                   0x20001464   Data         560  fatfs.o(.bss)
    aPacketData                              0x20001694   Data        1030  ymodem.o(.bss)
    __initial_sp                             0x20002aa0   Data           0  startup_stm32f407xx.o(STACK)



==============================================================================

Memory Map of the image

  Image Entry point : 0x08000189

  Load Region LR_IROM1 (Base: 0x08000000, Size: 0x000075f0, Max: 0x00080000, ABSOLUTE)

    Execution Region ER_IROM1 (Exec base: 0x08000000, Load base: 0x08000000, Size: 0x000075a8, Max: 0x00080000, ABSOLUTE)

    Exec Addr    Load Addr    Size         Type   Attr      Idx    E Section Name        Object

    0x08000000   0x08000000   0x00000188   Data   RO            3    RESET               startup_stm32f407xx.o
    0x08000188   0x08000188   0x00000000   Code   RO         3708  * .ARM.Collect$$$$00000000  mc_w.l(entry.o)
    0x08000188   0x08000188   0x00000004   Code   RO         3982    .ARM.Collect$$$$00000001  mc_w.l(entry2.o)
    0x0800018c   0x0800018c   0x00000004   Code   RO         3985    .ARM.Collect$$$$00000004  mc_w.l(entry5.o)
    0x08000190   0x08000190   0x00000000   Code   RO         3987    .ARM.Collect$$$$00000008  mc_w.l(entry7b.o)
    0x08000190   0x08000190   0x00000000   Code   RO         3989    .ARM.Collect$$$$0000000A  mc_w.l(entry8b.o)
    0x08000190   0x08000190   0x00000008   Code   RO         3990    .ARM.Collect$$$$0000000B  mc_w.l(entry9a.o)
    0x08000198   0x08000198   0x00000000   Code   RO         3992    .ARM.Collect$$$$0000000D  mc_w.l(entry10a.o)
    0x08000198   0x08000198   0x00000000   Code   RO         3994    .ARM.Collect$$$$0000000F  mc_w.l(entry11a.o)
    0x08000198   0x08000198   0x00000004   Code   RO         3983    .ARM.Collect$$$$00002712  mc_w.l(entry2.o)
    0x0800019c   0x0800019c   0x00000024   Code   RO            4    .text               startup_stm32f407xx.o
    0x080001c0   0x080001c0   0x00000062   Code   RO         3711    .text               mc_w.l(uldiv.o)
    0x08000222   0x08000222   0x00000024   Code   RO         3713    .text               mc_w.l(memseta.o)
    0x08000246   0x08000246   0x0000000e   Code   RO         3715    .text               mc_w.l(strlen.o)
    0x08000254   0x08000254   0x0000001c   Code   RO         3717    .text               mc_w.l(strcmp.o)
    0x08000270   0x08000270   0x0000001e   Code   RO         3719    .text               mc_w.l(strncmp.o)
    0x0800028e   0x0800028e   0x0000002c   Code   RO         3997    .text               mc_w.l(uidiv.o)
    0x080002ba   0x080002ba   0x0000001e   Code   RO         3999    .text               mc_w.l(llshl.o)
    0x080002d8   0x080002d8   0x00000020   Code   RO         4001    .text               mc_w.l(llushr.o)
    0x080002f8   0x080002f8   0x00000000   Code   RO         4003    .text               mc_w.l(iusefp.o)
    0x080002f8   0x080002f8   0x0000014e   Code   RO         4004    .text               mf_w.l(dadd.o)
    0x08000446   0x08000446   0x000000e4   Code   RO         4006    .text               mf_w.l(dmul.o)
    0x0800052a   0x0800052a   0x000000de   Code   RO         4008    .text               mf_w.l(ddiv.o)
    0x08000608   0x08000608   0x00000030   Code   RO         4010    .text               mf_w.l(dfixul.o)
    0x08000638   0x08000638   0x00000030   Code   RO         4012    .text               mf_w.l(cdrcmple.o)
    0x08000668   0x08000668   0x00000024   Code   RO         4014    .text               mc_w.l(init.o)
    0x0800068c   0x0800068c   0x00000024   Code   RO         4016    .text               mc_w.l(llsshr.o)
    0x080006b0   0x080006b0   0x000000ba   Code   RO         4018    .text               mf_w.l(depilogue.o)
    0x0800076a   0x0800076a   0x00000002   PAD
    0x0800076c   0x0800076c   0x0000000c   Code   RO         3371    i.BSP_SD_GetCardInfo  bsp_driver_sd.o
    0x08000778   0x08000778   0x00000018   Code   RO         3372    i.BSP_SD_GetCardState  bsp_driver_sd.o
    0x08000790   0x08000790   0x00000030   Code   RO         3375    i.BSP_SD_Init       bsp_driver_sd.o
    0x080007c0   0x080007c0   0x0000002c   Code   RO         3376    i.BSP_SD_IsDetected  bsp_driver_sd.o
    0x080007ec   0x080007ec   0x00000020   Code   RO         3377    i.BSP_SD_ReadBlocks  bsp_driver_sd.o
    0x0800080c   0x0800080c   0x00000020   Code   RO         3379    i.BSP_SD_WriteBlocks  bsp_driver_sd.o
    0x0800082c   0x0800082c   0x00000002   Code   RO         2994    i.BusFault_Handler  stm32f4xx_it.o
    0x0800082e   0x0800082e   0x00000002   Code   RO         2995    i.DebugMon_Handler  stm32f4xx_it.o
    0x08000830   0x08000830   0x00000006   Code   RO           14    i.FATFS_LinkDriver  ff_gen_drv.o
    0x08000836   0x08000836   0x00000002   PAD
    0x08000838   0x08000838   0x00000040   Code   RO           15    i.FATFS_LinkDriverEx  ff_gen_drv.o
    0x08000878   0x08000878   0x000000dc   Code   RO          880    i.FLASH_Erase_Sector  stm32f4xx_hal_flash_ex.o
    0x08000954   0x08000954   0x00000084   Code   RO          656    i.FLASH_Program_Byte  stm32f4xx_hal_flash.o
    0x080009d8   0x080009d8   0x0000008c   Code   RO          657    i.FLASH_Program_DoubleWord  stm32f4xx_hal_flash.o
    0x08000a64   0x08000a64   0x00000088   Code   RO          658    i.FLASH_Program_HalfWord  stm32f4xx_hal_flash.o
    0x08000aec   0x08000aec   0x00000088   Code   RO          659    i.FLASH_Program_Word  stm32f4xx_hal_flash.o
    0x08000b74   0x08000b74   0x00000068   Code   RO          660    i.FLASH_SetErrorCode  stm32f4xx_hal_flash.o
    0x08000bdc   0x08000bdc   0x00000050   Code   RO          661    i.FLASH_WaitForLastOperation  stm32f4xx_hal_flash.o
    0x08000c2c   0x08000c2c   0x0000003e   Code   RO         2897    i.HAL_CRC_Calculate  stm32f4xx_hal_crc_1.o
    0x08000c6a   0x08000c6a   0x00000002   PAD
    0x08000c6c   0x08000c6c   0x00000074   Code   RO         2900    i.HAL_CRC_Init      stm32f4xx_hal_crc_1.o
    0x08000ce0   0x08000ce0   0x00000028   Code   RO         3257    i.HAL_CRC_MspInit   stm32f4xx_hal_msp.o
    0x08000d08   0x08000d08   0x00000024   Code   RO         1319    i.HAL_Delay         stm32f4xx_hal.o
    0x08000d2c   0x08000d2c   0x00000014   Code   RO          665    i.HAL_FLASH_Lock    stm32f4xx_hal_flash.o
    0x08000d40   0x08000d40   0x000000d0   Code   RO          670    i.HAL_FLASH_Program  stm32f4xx_hal_flash.o
    0x08000e10   0x08000e10   0x0000002c   Code   RO          672    i.HAL_FLASH_Unlock  stm32f4xx_hal_flash.o
    0x08000e3c   0x08000e3c   0x0000030c   Code   RO          958    i.HAL_GPIO_Init     stm32f4xx_hal_gpio.o
    0x08001148   0x08001148   0x00000058   Code   RO          960    i.HAL_GPIO_ReadPin  stm32f4xx_hal_gpio.o
    0x080011a0   0x080011a0   0x0000006c   Code   RO          962    i.HAL_GPIO_WritePin  stm32f4xx_hal_gpio.o
    0x0800120c   0x0800120c   0x0000000c   Code   RO         1325    i.HAL_GetTick       stm32f4xx_hal.o
    0x08001218   0x08001218   0x00000010   Code   RO         1329    i.HAL_IncTick       stm32f4xx_hal.o
    0x08001228   0x08001228   0x00000034   Code   RO         1330    i.HAL_Init          stm32f4xx_hal.o
    0x0800125c   0x0800125c   0x00000040   Code   RO         1331    i.HAL_InitTick      stm32f4xx_hal.o
    0x0800129c   0x0800129c   0x00000058   Code   RO         3258    i.HAL_MspInit       stm32f4xx_hal_msp.o
    0x080012f4   0x080012f4   0x000000a0   Code   RO         1170    i.HAL_NVIC_SetPriority  stm32f4xx_hal_cortex.o
    0x08001394   0x08001394   0x00000080   Code   RO         1171    i.HAL_NVIC_SetPriorityGrouping  stm32f4xx_hal_cortex.o
    0x08001414   0x08001414   0x00000248   Code   RO         1842    i.HAL_RCC_ClockConfig  stm32f4xx_hal_rcc.o
    0x0800165c   0x0800165c   0x0000000c   Code   RO         1847    i.HAL_RCC_GetHCLKFreq  stm32f4xx_hal_rcc.o
    0x08001668   0x08001668   0x00000020   Code   RO         1849    i.HAL_RCC_GetPCLK1Freq  stm32f4xx_hal_rcc.o
    0x08001688   0x08001688   0x00000020   Code   RO         1850    i.HAL_RCC_GetPCLK2Freq  stm32f4xx_hal_rcc.o
    0x080016a8   0x080016a8   0x00000060   Code   RO         1851    i.HAL_RCC_GetSysClockFreq  stm32f4xx_hal_rcc.o
    0x08001708   0x08001708   0x0000045e   Code   RO         1854    i.HAL_RCC_OscConfig  stm32f4xx_hal_rcc.o
    0x08001b66   0x08001b66   0x00000002   PAD
    0x08001b68   0x08001b68   0x000000c8   Code   RO         2664    i.HAL_SD_ConfigWideBusOperation  stm32f4xx_hal_sd.o
    0x08001c30   0x08001c30   0x000001da   Code   RO         2669    i.HAL_SD_GetCardCSD  stm32f4xx_hal_sd.o
    0x08001e0a   0x08001e0a   0x00000024   Code   RO         2670    i.HAL_SD_GetCardInfo  stm32f4xx_hal_sd.o
    0x08001e2e   0x08001e2e   0x0000002c   Code   RO         2671    i.HAL_SD_GetCardState  stm32f4xx_hal_sd.o
    0x08001e5a   0x08001e5a   0x00000002   PAD
    0x08001e5c   0x08001e5c   0x00000100   Code   RO         2676    i.HAL_SD_Init       stm32f4xx_hal_sd.o
    0x08001f5c   0x08001f5c   0x00000054   Code   RO         2677    i.HAL_SD_InitCard   stm32f4xx_hal_sd.o
    0x08001fb0   0x08001fb0   0x00000064   Code   RO         3260    i.HAL_SD_MspInit    stm32f4xx_hal_msp.o
    0x08002014   0x08002014   0x000001b2   Code   RO         2680    i.HAL_SD_ReadBlocks  stm32f4xx_hal_sd.o
    0x080021c6   0x080021c6   0x00000002   PAD
    0x080021c8   0x080021c8   0x0000019a   Code   RO         2685    i.HAL_SD_WriteBlocks  stm32f4xx_hal_sd.o
    0x08002362   0x08002362   0x00000002   PAD
    0x08002364   0x08002364   0x000001b4   Code   RO         1535    i.HAL_SPI_Init      stm32f4xx_hal_spi.o
    0x08002518   0x08002518   0x0000004c   Code   RO         3262    i.HAL_SPI_MspInit   stm32f4xx_hal_msp.o
    0x08002564   0x08002564   0x00000064   Code   RO         1173    i.HAL_SYSTICK_CLKSourceConfig  stm32f4xx_hal_cortex.o
    0x080025c8   0x080025c8   0x00000002   Code   RO         1174    i.HAL_SYSTICK_Callback  stm32f4xx_hal_cortex.o
    0x080025ca   0x080025ca   0x00000028   Code   RO         1175    i.HAL_SYSTICK_Config  stm32f4xx_hal_cortex.o
    0x080025f2   0x080025f2   0x00000008   Code   RO         1176    i.HAL_SYSTICK_IRQHandler  stm32f4xx_hal_cortex.o
    0x080025fa   0x080025fa   0x00000002   PAD
    0x080025fc   0x080025fc   0x00000148   Code   RO         2306    i.HAL_UART_Init     stm32f4xx_hal_uart.o
    0x08002744   0x08002744   0x00000074   Code   RO         3264    i.HAL_UART_MspInit  stm32f4xx_hal_msp.o
    0x080027b8   0x080027b8   0x000000b8   Code   RO         2309    i.HAL_UART_Receive  stm32f4xx_hal_uart.o
    0x08002870   0x08002870   0x000000ba   Code   RO         2314    i.HAL_UART_Transmit  stm32f4xx_hal_uart.o
    0x0800292a   0x0800292a   0x00000002   Code   RO         2996    i.HardFault_Handler  stm32f4xx_it.o
    0x0800292c   0x0800292c   0x00000040   Code   RO         3474    i.Int2Str           common.o
    0x0800296c   0x0800296c   0x0000001c   Code   RO         3328    i.MX_FATFS_Init     fatfs.o
    0x08002988   0x08002988   0x000000a4   Code   RO         3130    i.MX_GPIO_Init      main.o
    0x08002a2c   0x08002a2c   0x00000040   Code   RO         3131    i.MX_SPI1_Init      main.o
    0x08002a6c   0x08002a6c   0x00000002   Code   RO         2997    i.MemManage_Handler  stm32f4xx_it.o
    0x08002a6e   0x08002a6e   0x00000002   Code   RO         2998    i.NMI_Handler       stm32f4xx_it.o
    0x08002a70   0x08002a70   0x00000020   Code   RO         1177    i.NVIC_SetPriority  stm32f4xx_hal_cortex.o
    0x08002a90   0x08002a90   0x00000002   Code   RO         2999    i.PendSV_Handler    stm32f4xx_it.o
    0x08002a92   0x08002a92   0x00000002   PAD
    0x08002a94   0x08002a94   0x000000c0   Code   RO         3517    i.ReceivePacket     ymodem.o
    0x08002b54   0x08002b54   0x000000f4   Code   RO         1943    i.SDIO_ConfigData   stm32f4xx_ll_sdmmc.o
    0x08002c48   0x08002c48   0x00000008   Code   RO         1947    i.SDIO_GetPowerState  stm32f4xx_ll_sdmmc.o
    0x08002c50   0x08002c50   0x0000006c   Code   RO         1948    i.SDIO_GetResponse  stm32f4xx_ll_sdmmc.o
    0x08002cbc   0x08002cbc   0x000000ec   Code   RO         1949    i.SDIO_Init         stm32f4xx_ll_sdmmc.o
    0x08002da8   0x08002da8   0x00000008   Code   RO         1951    i.SDIO_PowerState_ON  stm32f4xx_ll_sdmmc.o
    0x08002db0   0x08002db0   0x00000006   Code   RO         1952    i.SDIO_ReadFIFO     stm32f4xx_ll_sdmmc.o
    0x08002db6   0x08002db6   0x00000002   PAD
    0x08002db8   0x08002db8   0x000000b8   Code   RO         1953    i.SDIO_SendCommand  stm32f4xx_ll_sdmmc.o
    0x08002e70   0x08002e70   0x0000000a   Code   RO         1955    i.SDIO_WriteFIFO    stm32f4xx_ll_sdmmc.o
    0x08002e7a   0x08002e7a   0x00000032   Code   RO         1956    i.SDMMC_CmdAppCommand  stm32f4xx_ll_sdmmc.o
    0x08002eac   0x08002eac   0x00000034   Code   RO         1957    i.SDMMC_CmdAppOperCommand  stm32f4xx_ll_sdmmc.o
    0x08002ee0   0x08002ee0   0x00000032   Code   RO         1958    i.SDMMC_CmdBlockLength  stm32f4xx_ll_sdmmc.o
    0x08002f12   0x08002f12   0x00000032   Code   RO         1959    i.SDMMC_CmdBusWidth  stm32f4xx_ll_sdmmc.o
    0x08002f44   0x08002f44   0x00000050   Code   RO         1963    i.SDMMC_CmdGoIdleState  stm32f4xx_ll_sdmmc.o
    0x08002f94   0x08002f94   0x00000068   Code   RO         1965    i.SDMMC_CmdOperCond  stm32f4xx_ll_sdmmc.o
    0x08002ffc   0x08002ffc   0x00000032   Code   RO         1966    i.SDMMC_CmdReadMultiBlock  stm32f4xx_ll_sdmmc.o
    0x0800302e   0x0800302e   0x00000032   Code   RO         1967    i.SDMMC_CmdReadSingleBlock  stm32f4xx_ll_sdmmc.o
    0x08003060   0x08003060   0x00000032   Code   RO         1970    i.SDMMC_CmdSelDesel  stm32f4xx_ll_sdmmc.o
    0x08003092   0x08003092   0x0000002c   Code   RO         1971    i.SDMMC_CmdSendCID  stm32f4xx_ll_sdmmc.o
    0x080030be   0x080030be   0x0000002c   Code   RO         1972    i.SDMMC_CmdSendCSD  stm32f4xx_ll_sdmmc.o
    0x080030ea   0x080030ea   0x00000030   Code   RO         1973    i.SDMMC_CmdSendSCR  stm32f4xx_ll_sdmmc.o
    0x0800311a   0x0800311a   0x00000032   Code   RO         1974    i.SDMMC_CmdSendStatus  stm32f4xx_ll_sdmmc.o
    0x0800314c   0x0800314c   0x00000030   Code   RO         1975    i.SDMMC_CmdSetRelAdd  stm32f4xx_ll_sdmmc.o
    0x0800317c   0x0800317c   0x00000034   Code   RO         1977    i.SDMMC_CmdStopTransfer  stm32f4xx_ll_sdmmc.o
    0x080031b0   0x080031b0   0x00000032   Code   RO         1979    i.SDMMC_CmdWriteMultiBlock  stm32f4xx_ll_sdmmc.o
    0x080031e2   0x080031e2   0x00000032   Code   RO         1980    i.SDMMC_CmdWriteSingleBlock  stm32f4xx_ll_sdmmc.o
    0x08003214   0x08003214   0x0000011c   Code   RO         1981    i.SDMMC_GetCmdResp1  stm32f4xx_ll_sdmmc.o
    0x08003330   0x08003330   0x00000050   Code   RO         1982    i.SDMMC_GetCmdResp2  stm32f4xx_ll_sdmmc.o
    0x08003380   0x08003380   0x00000040   Code   RO         1983    i.SDMMC_GetCmdResp3  stm32f4xx_ll_sdmmc.o
    0x080033c0   0x080033c0   0x00000088   Code   RO         1984    i.SDMMC_GetCmdResp6  stm32f4xx_ll_sdmmc.o
    0x08003448   0x08003448   0x00000020   Code   RO         3069    i.SD_CheckStatus    sd_diskio.o
    0x08003468   0x08003468   0x000000d4   Code   RO         2693    i.SD_FindSCR        stm32f4xx_hal_sd.o
    0x0800353c   0x0800353c   0x000000e6   Code   RO         2694    i.SD_InitCard       stm32f4xx_hal_sd.o
    0x08003622   0x08003622   0x000000a2   Code   RO         2695    i.SD_PowerON        stm32f4xx_hal_sd.o
    0x080036c4   0x080036c4   0x0000004e   Code   RO         2697    i.SD_WideBus_Disable  stm32f4xx_hal_sd.o
    0x08003712   0x08003712   0x0000004e   Code   RO         2698    i.SD_WideBus_Enable  stm32f4xx_hal_sd.o
    0x08003760   0x08003760   0x00000020   Code   RO         3070    i.SD_initialize     sd_diskio.o
    0x08003780   0x08003780   0x00000050   Code   RO         3071    i.SD_ioctl          sd_diskio.o
    0x080037d0   0x080037d0   0x00000026   Code   RO         3072    i.SD_read           sd_diskio.o
    0x080037f6   0x080037f6   0x00000004   Code   RO         3073    i.SD_status         sd_diskio.o
    0x080037fa   0x080037fa   0x00000002   PAD
    0x080037fc   0x080037fc   0x00000026   Code   RO         3074    i.SD_write          sd_diskio.o
    0x08003822   0x08003822   0x00000002   Code   RO         3000    i.SVC_Handler       stm32f4xx_it.o
    0x08003824   0x08003824   0x00000024   Code   RO         3475    i.Serial_PutByte    common.o
    0x08003848   0x08003848   0x000000b8   Code   RO         3477    i.Str2Int           common.o
    0x08003900   0x08003900   0x0000000e   Code   RO         3001    i.SysTick_Handler   stm32f4xx_it.o
    0x0800390e   0x0800390e   0x00000002   PAD
    0x08003910   0x08003910   0x000000a0   Code   RO         3133    i.SystemClock_Config  main.o
    0x080039b0   0x080039b0   0x00000054   Code   RO         2957    i.SystemInit        system_stm32f4xx.o
    0x08003a04   0x08003a04   0x00000344   Code   RO         2332    i.UART_SetConfig    stm32f4xx_hal_uart.o
    0x08003d48   0x08003d48   0x00000064   Code   RO         2334    i.UART_WaitOnFlagUntilTimeout  stm32f4xx_hal_uart.o
    0x08003dac   0x08003dac   0x00000002   Code   RO         3002    i.UsageFault_Handler  stm32f4xx_it.o
    0x08003dae   0x08003dae   0x00000002   PAD
    0x08003db0   0x08003db0   0x000001bc   Code   RO         3518    i.Ymodem_Receive    ymodem.o
    0x08003f6c   0x08003f6c   0x00000020   Code   RO         3954    i.__0printf         mc_w.l(printfa.o)
    0x08003f8c   0x08003f8c   0x0000000e   Code   RO         4022    i.__scatterload_copy  mc_w.l(handlers.o)
    0x08003f9a   0x08003f9a   0x00000002   Code   RO         4023    i.__scatterload_null  mc_w.l(handlers.o)
    0x08003f9c   0x08003f9c   0x0000000e   Code   RO         4024    i.__scatterload_zeroinit  mc_w.l(handlers.o)
    0x08003faa   0x08003faa   0x00000002   PAD
    0x08003fac   0x08003fac   0x00000184   Code   RO         3961    i._fp_digits        mc_w.l(printfa.o)
    0x08004130   0x08004130   0x000006dc   Code   RO         3962    i._printf_core      mc_w.l(printfa.o)
    0x0800480c   0x0800480c   0x00000024   Code   RO         3963    i._printf_post_padding  mc_w.l(printfa.o)
    0x08004830   0x08004830   0x0000002e   Code   RO         3964    i._printf_pre_padding  mc_w.l(printfa.o)
    0x0800485e   0x0800485e   0x00000002   Code   RO         3135    i.assert_failed     main.o
    0x08004860   0x08004860   0x00000070   Code   RO          264    i.check_fs          ff.o
    0x080048d0   0x080048d0   0x00000010   Code   RO          265    i.chk_chr           ff.o
    0x080048e0   0x080048e0   0x0000005c   Code   RO          266    i.chk_lock          ff.o
    0x0800493c   0x0800493c   0x00000020   Code   RO          267    i.clear_lock        ff.o
    0x0800495c   0x0800495c   0x00000024   Code   RO          268    i.clmt_clust        ff.o
    0x08004980   0x08004980   0x00000018   Code   RO          269    i.clust2sect        ff.o
    0x08004998   0x08004998   0x00000080   Code   RO          270    i.cmp_lfn           ff.o
    0x08004a18   0x08004a18   0x000000a4   Code   RO          271    i.create_chain      ff.o
    0x08004abc   0x08004abc   0x00000208   Code   RO          272    i.create_name       ff.o
    0x08004cc4   0x08004cc4   0x00000034   Code   RO          273    i.dec_lock          ff.o
    0x08004cf8   0x08004cf8   0x000000d0   Code   RO          274    i.dir_find          ff.o
    0x08004dc8   0x08004dc8   0x000000f4   Code   RO          275    i.dir_next          ff.o
    0x08004ebc   0x08004ebc   0x000001e4   Code   RO          277    i.dir_register      ff.o
    0x080050a0   0x080050a0   0x00000082   Code   RO          279    i.dir_sdi           ff.o
    0x08005122   0x08005122   0x00000002   PAD
    0x08005124   0x08005124   0x00000028   Code   RO          209    i.disk_initialize   diskio.o
    0x0800514c   0x0800514c   0x0000001c   Code   RO          210    i.disk_ioctl        diskio.o
    0x08005168   0x08005168   0x0000001c   Code   RO          211    i.disk_read         diskio.o
    0x08005184   0x08005184   0x00000018   Code   RO          212    i.disk_status       diskio.o
    0x0800519c   0x0800519c   0x0000001c   Code   RO          213    i.disk_write        diskio.o
    0x080051b8   0x080051b8   0x000000b4   Code   RO         3660    i.erase             fal_flash_stm32f4_port.o
    0x0800526c   0x0800526c   0x00000028   Code   RO          280    i.f_close           ff.o
    0x08005294   0x08005294   0x00000058   Code   RO          287    i.f_mount           ff.o
    0x080052ec   0x080052ec   0x00000214   Code   RO          288    i.f_open            ff.o
    0x08005500   0x08005500   0x00000152   Code   RO          293    i.f_read            ff.o
    0x08005652   0x08005652   0x0000008e   Code   RO          297    i.f_sync            ff.o
    0x080056e0   0x080056e0   0x00000074   Code   RO         3570    i.fal_flash_device_find  fal_flash.o
    0x08005754   0x08005754   0x000000f0   Code   RO         3571    i.fal_flash_init    fal_flash.o
    0x08005844   0x08005844   0x000000f8   Code   RO         3557    i.fal_init          fal.o
    0x0800593c   0x0800593c   0x00000158   Code   RO         3593    i.fal_partition_erase  fal_partition.o
    0x08005a94   0x08005a94   0x00000008   Code   RO         3594    i.fal_partition_erase_all  fal_partition.o
    0x08005a9c   0x08005a9c   0x00000070   Code   RO         3595    i.fal_partition_find  fal_partition.o
    0x08005b0c   0x08005b0c   0x000000f8   Code   RO         3596    i.fal_partition_init  fal_partition.o
    0x08005c04   0x08005c04   0x00000174   Code   RO         3598    i.fal_partition_write  fal_partition.o
    0x08005d78   0x08005d78   0x00000244   Code   RO         3600    i.fal_show_part_table  fal_partition.o
    0x08005fbc   0x08005fbc   0x00000038   Code   RO          624    i.ff_convert        ccsbcs.o
    0x08005ff4   0x08005ff4   0x00000080   Code   RO          625    i.ff_wtoupper       ccsbcs.o
    0x08006074   0x08006074   0x00000254   Code   RO          301    i.find_volume       ff.o
    0x080062c8   0x080062c8   0x00000074   Code   RO          302    i.follow_path       ff.o
    0x0800633c   0x0800633c   0x00000014   Code   RO         3137    i.fputc             main.o
    0x08006350   0x08006350   0x00000080   Code   RO          303    i.gen_numname       ff.o
    0x080063d0   0x080063d0   0x000000be   Code   RO          304    i.get_fat           ff.o
    0x0800648e   0x0800648e   0x00000004   Code   RO         3329    i.get_fattime       fatfs.o
    0x08006492   0x08006492   0x0000003c   Code   RO          306    i.get_ldnumber      ff.o
    0x080064ce   0x080064ce   0x00000002   PAD
    0x080064d0   0x080064d0   0x00000080   Code   RO          307    i.inc_lock          ff.o
    0x08006550   0x08006550   0x00000004   Code   RO         3661    i.init              fal_flash_stm32f4_port.o
    0x08006554   0x08006554   0x00000026   Code   RO          308    i.ld_clust          ff.o
    0x0800657a   0x0800657a   0x00000016   Code   RO          309    i.ld_dword          ff.o
    0x08006590   0x08006590   0x0000000a   Code   RO          310    i.ld_word           ff.o
    0x0800659a   0x0800659a   0x00000002   PAD
    0x0800659c   0x0800659c   0x00000430   Code   RO         3138    i.main              main.o
    0x080069cc   0x080069cc   0x00000012   Code   RO          311    i.mem_cpy           ff.o
    0x080069de   0x080069de   0x00000002   PAD
    0x080069e0   0x080069e0   0x0000000e   Code   RO          312    i.mem_set           ff.o
    0x080069ee   0x080069ee   0x00000032   Code   RO          313    i.move_window       ff.o
    0x08006a20   0x08006a20   0x000000ea   Code   RO          315    i.put_fat           ff.o
    0x08006b0a   0x08006b0a   0x00000002   PAD
    0x08006b0c   0x08006b0c   0x0000001a   Code   RO         3662    i.read              fal_flash_stm32f4_port.o
    0x08006b26   0x08006b26   0x00000074   Code   RO          318    i.remove_chain      ff.o
    0x08006b9a   0x08006b9a   0x00000028   Code   RO          319    i.st_clust          ff.o
    0x08006bc2   0x08006bc2   0x00000010   Code   RO          320    i.st_dword          ff.o
    0x08006bd2   0x08006bd2   0x00000008   Code   RO          321    i.st_word           ff.o
    0x08006bda   0x08006bda   0x00000002   PAD
    0x08006bdc   0x08006bdc   0x00000088   Code   RO         3663    i.stm32_get_sector_size  fal_flash_stm32f4_port.o
    0x08006c64   0x08006c64   0x0000001a   Code   RO          322    i.sum_sfn           ff.o
    0x08006c7e   0x08006c7e   0x00000002   PAD
    0x08006c80   0x08006c80   0x00000088   Code   RO          323    i.sync_fs           ff.o
    0x08006d08   0x08006d08   0x00000052   Code   RO          324    i.sync_window       ff.o
    0x08006d5a   0x08006d5a   0x00000032   Code   RO          325    i.validate          ff.o
    0x08006d8c   0x08006d8c   0x0000004c   Code   RO         3664    i.write             fal_flash_stm32f4_port.o
    0x08006dd8   0x08006dd8   0x000000aa   Data   RO          327    .constdata          ff.o
    0x08006e82   0x08006e82   0x000003ae   Data   RO          626    .constdata          ccsbcs.o
    0x08007230   0x08007230   0x00000010   Data   RO         2958    .constdata          system_stm32f4xx.o
    0x08007240   0x08007240   0x00000008   Data   RO         2959    .constdata          system_stm32f4xx.o
    0x08007248   0x08007248   0x00000014   Data   RO         3075    .constdata          sd_diskio.o
    0x0800725c   0x0800725c   0x00000009   Data   RO         3558    .constdata          fal.o
    0x08007265   0x08007265   0x00000003   PAD
    0x08007268   0x08007268   0x00000029   Data   RO         3572    .constdata          fal_flash.o
    0x08007291   0x08007291   0x00000096   Data   RO         3601    .constdata          fal_partition.o
    0x08007327   0x08007327   0x00000001   PAD
    0x08007328   0x08007328   0x00000034   Data   RO         3665    .constdata          fal_flash_stm32f4_port.o
    0x0800735c   0x0800735c   0x00000016   Data   RO         3666    .constdata          fal_flash_stm32f4_port.o
    0x08007372   0x08007372   0x00000002   PAD
    0x08007374   0x08007374   0x0000004f   Data   RO         3141    .conststring        main.o
    0x080073c3   0x080073c3   0x00000001   PAD
    0x080073c4   0x080073c4   0x0000005b   Data   RO         3573    .conststring        fal_flash.o
    0x0800741f   0x0800741f   0x00000001   PAD
    0x08007420   0x08007420   0x000000e6   Data   RO         3602    .conststring        fal_partition.o
    0x08007506   0x08007506   0x00000002   PAD
    0x08007508   0x08007508   0x00000080   Data   RO         3604    FalPartTable        fal_partition.o
    0x08007588   0x08007588   0x00000020   Data   RO         4020    Region$$Table       anon$$obj.o


    Execution Region RW_IRAM1 (Exec base: 0x20000000, Load base: 0x080075a8, Size: 0x00002aa0, Max: 0x00020000, ABSOLUTE)

    Exec Addr    Load Addr    Size         Type   Attr      Idx    E Section Name        Object

    0x20000000   0x080075a8   0x00000008   Data   RW          328    .data               ff.o
    0x20000008   0x080075b0   0x0000000c   Data   RW         1337    .data               stm32f4xx_hal.o
    0x20000014   0x080075bc   0x00000004   Data   RW         2960    .data               system_stm32f4xx.o
    0x20000018   0x080075c0   0x00000001   Data   RW         3076    .data               sd_diskio.o
    0x20000019   0x080075c1   0x00000003   PAD
    0x2000001c   0x080075c4   0x00000014   Data   RW         3142    .data               main.o
    0x20000030   0x080075d8   0x00000005   Data   RW         3332    .data               fatfs.o
    0x20000035   0x080075dd   0x00000001   Data   RW         3574    .data               fal_flash.o
    0x20000036   0x080075de   0x00000002   PAD
    0x20000038   0x080075e0   0x0000000c   Data   RW         3603    .data               fal_partition.o
    0x20000044   0x080075ec   0x00000004   Data   RW         3996    .data               mc_w.l(stdout.o)
    0x20000048        -       0x0000000c   Zero   RW           18    .bss                ff_gen_drv.o
    0x20000054        -       0x00000020   Zero   RW          326    .bss                ff.o
    0x20000074        -       0x00000020   Zero   RW          673    .bss                stm32f4xx_hal_flash.o
    0x20000094        -       0x0000119c   Zero   RW         3139    .bss                main.o
    0x20001230        -       0x00000234   Zero   RW         3330    .bss                fatfs.o
    0x20001464        -       0x00000230   Zero   RW         3331    .bss                fatfs.o
    0x20001694        -       0x00000406   Zero   RW         3519    .bss                ymodem.o
    0x20001a9a   0x080075f0   0x00000006   PAD
    0x20001aa0        -       0x00001000   Zero   RW            1    STACK               startup_stm32f407xx.o


==============================================================================

Image component sizes


      Code (inc. data)   RO Data    RW Data    ZI Data      Debug   Object Name

       192         32          0          0          0       3954   bsp_driver_sd.o
       184         22        942          0          0       2247   ccsbcs.o
       284          8          0          0          0       2601   common.o
       148         22          0          0          0       3721   diskio.o
       248        190          9          0          0        575   fal.o
       356        182        132          1          0       1937   fal_flash.o
       422         92         74          0          0       4803   fal_flash_stm32f4_port.o
      1664        888        508         12          0       7756   fal_partition.o
        32         10          0          5       1124       1464   fatfs.o
      5460        100        170          8         32      42336   ff.o
        70          6          0          0         12     691635   ff_gen_drv.o
      1482        608         79         20       4508      18127   main.o
       224         14         20          1          0       4348   sd_diskio.o
        36          8        392          0       4096        832   startup_stm32f407xx.o
       180         28          0         12          0       4561   stm32f4xx_hal.o
       470        196          0          0          0      31592   stm32f4xx_hal_cortex.o
       178         62          0          0          0       1879   stm32f4xx_hal_crc_1.o
      1000        384          0          0         32       6422   stm32f4xx_hal_flash.o
       220         68          0          0          0        849   stm32f4xx_hal_flash_ex.o
       976        256          0          0          0       3303   stm32f4xx_hal_gpio.o
       420         60          0          0          0       3474   stm32f4xx_hal_msp.o
      1874        194          0          0          0       5804   stm32f4xx_hal_rcc.o
      2698        122          0          0          0      13156   stm32f4xx_hal_sd.o
       436         68          0          0          0       1291   stm32f4xx_hal_spi.o
      1634        158          0          0          0       5359   stm32f4xx_hal_uart.o
        30          0          0          0          0       4110   stm32f4xx_it.o
      2290        292          0          0          0      22991   stm32f4xx_ll_sdmmc.o
         0          0          0          0          0        536   syscall.o
        84         18         24          4          0       1155   system_stm32f4xx.o
       636         48          0          0       1030       3437   ymodem.o

    ----------------------------------------------------------------------
     23966       4136       2392         68      10840     896255   Object Totals
         0          0         32          0          0          0   (incl. Generated)
        38          0         10          5          6          0   (incl. Padding)

    ----------------------------------------------------------------------

      Code (inc. data)   RO Data    RW Data    ZI Data      Debug   Library Member Name

         0          0          0          0          0          0   entry.o
         0          0          0          0          0          0   entry10a.o
         0          0          0          0          0          0   entry11a.o
         8          4          0          0          0          0   entry2.o
         4          0          0          0          0          0   entry5.o
         0          0          0          0          0          0   entry7b.o
         0          0          0          0          0          0   entry8b.o
         8          4          0          0          0          0   entry9a.o
        30          0          0          0          0          0   handlers.o
        36          8          0          0          0         68   init.o
         0          0          0          0          0          0   iusefp.o
        30          0          0          0          0         68   llshl.o
        36          0          0          0          0         68   llsshr.o
        32          0          0          0          0         68   llushr.o
        36          0          0          0          0        108   memseta.o
      2258         90          0          0          0        452   printfa.o
         0          0          0          4          0          0   stdout.o
        28          0          0          0          0         76   strcmp.o
        14          0          0          0          0         68   strlen.o
        30          0          0          0          0         80   strncmp.o
        44          0          0          0          0         80   uidiv.o
        98          0          0          0          0         92   uldiv.o
        48          0          0          0          0         68   cdrcmple.o
       334          0          0          0          0        148   dadd.o
       222          0          0          0          0        100   ddiv.o
       186          0          0          0          0        176   depilogue.o
        48          0          0          0          0         68   dfixul.o
       228          0          0          0          0         96   dmul.o

    ----------------------------------------------------------------------
      3762        106          0          4          0       1884   Library Totals
         4          0          0          0          0          0   (incl. Padding)

    ----------------------------------------------------------------------

      Code (inc. data)   RO Data    RW Data    ZI Data      Debug   Library Name

      2692        106          0          4          0       1228   mc_w.l
      1066          0          0          0          0        656   mf_w.l

    ----------------------------------------------------------------------
      3762        106          0          4          0       1884   Library Totals

    ----------------------------------------------------------------------

==============================================================================


      Code (inc. data)   RO Data    RW Data    ZI Data      Debug   

     27728       4242       2392         72      10840     879807   Grand Totals
     27728       4242       2392         72      10840     879807   ELF Image Totals
     27728       4242       2392         72          0          0   ROM Totals

==============================================================================

    Total RO  Size (Code + RO Data)                30120 (  29.41kB)
    Total RW  Size (RW Data + ZI Data)             10912 (  10.66kB)
    Total ROM Size (Code + RO Data + RW Data)      30192 (  29.48kB)

==============================================================================

