<html>
<body>
<pre>
<h1>µVision Build Log</h1>
<h2>Tool Versions:</h2>
IDE-Version: ¦ÌVision V5.25.2.0
Copyright (C) 2018 ARM Ltd and ARM Germany GmbH. All rights reserved.
License Information: 123 sdf, sdfjkkj, LIC=CRMUH-WSA9W-IMU9B-2NCKR-32TW7-LALRX
 
Tool Versions:
Toolchain:       MDK-ARM Professional  Version: 5.25.2.0
Toolchain Path:  C:\Keil_v5\ARM\ARMCC\Bin
C Compiler:      Armcc.exe V5.06 update 6 (build 750)
Assembler:       Armasm.exe V5.06 update 6 (build 750)
Linker/Locator:  ArmLink.exe V5.06 update 6 (build 750)
Library Manager: ArmAr.exe V5.06 update 6 (build 750)
Hex Converter:   FromElf.exe V5.06 update 6 (build 750)
CPU DLL:         SARMCM3.DLL V5.25.2.0
Dialog DLL:      DCM.DLL V1.17.1.0
Target DLL:      Segger\JL2CM3.dll V2.99.29.0
Dialog DLL:      TCM.DLL V1.35.1.0
 
<h2>Project:</h2>
F:\EASTWIN\eQ1620\software\iap\iap\MDK-ARM\iap.uvprojx
Project File Date:  09/12/2018

<h2>Output:</h2>
*** Using Compiler 'V5.06 update 6 (build 750)', folder: 'C:\Keil_v5\ARM\ARMCC\Bin'
Build target 'iap'
compiling stm32f4xx_hal.c...
compiling main.c...
../Src/main.c(212): warning:  #223-D: function "memset" declared implicitly
              memset(iap_buffer,0,IAP_PAGE_SIZE);
../Src/main.c(241): warning:  #167-D: argument of type "uint8_t *" is incompatible with parameter of type "const char *restrict"
        printf(aFileName);
../Src/main.c(244): warning:  #167-D: argument of type "uint8_t *" is incompatible with parameter of type "const char *restrict"
        printf(number);
../Src/main.c(499): warning:  #940-D: missing return statement at end of non-void function "fputc" 
  }
../Src/main.c(504): warning:  #940-D: missing return statement at end of non-void function "fgetc" 
  }
../Src/main.c: 5 warnings, 0 errors
linking...
Program Size: Code=27728 RO-data=2392 RW-data=72 ZI-data=10840  
"iap\iap.axf" - 0 Error(s), 5 Warning(s).

<h2>Software Packages used:</h2>

Package Vendor: ARM
                http://www.keil.com/pack/ARM.CMSIS.5.3.0.pack
                ARM.CMSIS.5.3.0
                CMSIS (Cortex Microcontroller Software Interface Standard)
   * Component: CORE Version: 5.1.1

Package Vendor: Keil
                http://www.keil.com/pack/Keil.STM32F4xx_DFP.2.11.0.pack
                Keil.STM32F4xx_DFP.2.11.0
                STMicroelectronics STM32F4 Series Device Support, Drivers and Examples

<h2>Collection of Component include folders:</h2>
  .\RTE\_iap
  C:\Keil_v5\ARM\PACK\ARM\CMSIS\5.3.0\CMSIS\Include
  C:\Keil_v5\ARM\PACK\Keil\STM32F4xx_DFP\2.11.0\Drivers\CMSIS\Device\ST\STM32F4xx\Include

<h2>Collection of Component Files used:</h2>

   * Component: ARM::CMSIS:CORE:5.1.1
Build Time Elapsed:  00:00:12
</pre>
</body>
</html>
